289  [main] INFO  org.testng.internal.Utils -- [TestNG] Running:
  /Users/nguyenhaiyen/Library/Caches/JetBrains/IdeaIC2023.3/temp-testng-customsuite.xml

4680 [main] INFO  i.g.bonigarcia.wdm.WebDriverManager -- Using chromedriver 121.0.6167.184 (resolved driver for Chrome 121)
4726 [main] INFO  i.g.b.wdm.online.Downloader -- Downloading https://edgedl.me.gvt1.com/edgedl/chrome/chrome-for-testing/121.0.6167.184/mac-arm64/chromedriver-mac-arm64.zip
5615 [main] ERROR i.g.b.wdm.online.HttpClient -- Error HTTP 404 executing https://edgedl.me.gvt1.com/edgedl/chrome/chrome-for-testing/121.0.6167.184/mac-arm64/chromedriver-mac-arm64.zip
5617 [main] INFO  i.g.b.wdm.cache.ResolutionCache -- Clearing WebDriverManager resolution cache
5618 [main] WARN  i.g.bonigarcia.wdm.WebDriverManager -- There was an error managing chromedriver 121.0.6167.184 (Error HTTP 404 executing https://edgedl.me.gvt1.com/edgedl/chrome/chrome-for-testing/121.0.6167.184/mac-arm64/chromedriver-mac-arm64.zip) ... trying again avoiding reading release from repository
6066 [main] WARN  i.g.bonigarcia.wdm.WebDriverManager -- There was an error managing chromedriver (latest version) (For input string: "public") ... trying again using latest driver stored in cache
6095 [main] INFO  i.g.bonigarcia.wdm.WebDriverManager -- Using chromedriver public (resolved driver for Chrome 121)
6097 [main] ERROR i.g.bonigarcia.wdm.WebDriverManager -- There was an error managing chromedriver public (For input string: "public")
java.lang.NumberFormatException: For input string: "public"
	at java.base/java.lang.NumberFormatException.forInputString(NumberFormatException.java:67)
	at java.base/java.lang.Integer.parseInt(Integer.java:668)
	at java.base/java.lang.Integer.parseInt(Integer.java:786)
	at io.github.bonigarcia.wdm.managers.ChromeDriverManager.buildUrl(ChromeDriverManager.java:178)
	at io.github.bonigarcia.wdm.managers.ChromeDriverManager.buildUrl(ChromeDriverManager.java:155)
	at io.github.bonigarcia.wdm.WebDriverManager.download(WebDriverManager.java:1282)
	at io.github.bonigarcia.wdm.WebDriverManager.manage(WebDriverManager.java:1199)
	at io.github.bonigarcia.wdm.WebDriverManager.fallback(WebDriverManager.java:1461)
	at io.github.bonigarcia.wdm.WebDriverManager.handleException(WebDriverManager.java:1442)
	at io.github.bonigarcia.wdm.WebDriverManager.manage(WebDriverManager.java:1205)
	at io.github.bonigarcia.wdm.WebDriverManager.handleException(WebDriverManager.java:1435)
	at io.github.bonigarcia.wdm.WebDriverManager.manage(WebDriverManager.java:1205)
	at io.github.bonigarcia.wdm.WebDriverManager.setup(WebDriverManager.java:427)
	at com.yenpractice.reservationflight.BaseTest.initBrowser(BaseTest.java:39)
	at com.yenpractice.reservationflight.FlightReservationTest.Test(FlightReservationTest.java:18)
	at java.base/jdk.internal.reflect.NativeMethodAccessorImpl.invoke0(Native Method)
	at java.base/jdk.internal.reflect.NativeMethodAccessorImpl.invoke(NativeMethodAccessorImpl.java:77)
	at java.base/jdk.internal.reflect.DelegatingMethodAccessorImpl.invoke(DelegatingMethodAccessorImpl.java:43)
	at java.base/java.lang.reflect.Method.invoke(Method.java:568)
	at org.testng.internal.invokers.MethodInvocationHelper.invokeMethod(MethodInvocationHelper.java:139)
	at org.testng.internal.invokers.TestInvoker.invokeMethod(TestInvoker.java:664)
	at org.testng.internal.invokers.TestInvoker.invokeTestMethod(TestInvoker.java:228)
	at org.testng.internal.invokers.MethodRunner.runInSequence(MethodRunner.java:63)
	at org.testng.internal.invokers.TestInvoker$MethodInvocationAgent.invoke(TestInvoker.java:961)
	at org.testng.internal.invokers.TestInvoker.invokeTestMethods(TestInvoker.java:201)
	at org.testng.internal.invokers.TestMethodWorker.invokeTestMethods(TestMethodWorker.java:148)
	at org.testng.internal.invokers.TestMethodWorker.run(TestMethodWorker.java:128)
	at java.base/java.util.ArrayList.forEach(ArrayList.java:1511)
	at org.testng.TestRunner.privateRun(TestRunner.java:819)
	at org.testng.TestRunner.run(TestRunner.java:619)
	at org.testng.SuiteRunner.runTest(SuiteRunner.java:443)
	at org.testng.SuiteRunner.runSequentially(SuiteRunner.java:437)
	at org.testng.SuiteRunner.privateRun(SuiteRunner.java:397)
	at org.testng.SuiteRunner.run(SuiteRunner.java:336)
	at org.testng.SuiteRunnerWorker.runSuite(SuiteRunnerWorker.java:52)
	at org.testng.SuiteRunnerWorker.run(SuiteRunnerWorker.java:95)
	at org.testng.TestNG.runSuitesSequentially(TestNG.java:1301)
	at org.testng.TestNG.runSuitesLocally(TestNG.java:1228)
	at org.testng.TestNG.runSuites(TestNG.java:1134)
	at org.testng.TestNG.run(TestNG.java:1101)
	at com.intellij.rt.testng.IDEARemoteTestNG.run(IDEARemoteTestNG.java:65)
	at com.intellij.rt.testng.RemoteTestNGStarter.main(RemoteTestNGStarter.java:105)
251  [main] INFO  org.testng.internal.Utils -- [TestNG] Running:
  /Users/nguyenhaiyen/Library/Caches/JetBrains/IdeaIC2023.3/temp-testng-customsuite.xml

448  [main] INFO  i.g.bonigarcia.wdm.WebDriverManager -- Using chromedriver public (resolved driver for Chrome 121)
457  [main] INFO  i.g.b.wdm.cache.ResolutionCache -- Clearing WebDriverManager resolution cache
458  [main] WARN  i.g.bonigarcia.wdm.WebDriverManager -- There was an error managing chromedriver public (For input string: "public") ... trying again avoiding reading release from repository
1334 [main] WARN  i.g.bonigarcia.wdm.WebDriverManager -- There was an error managing chromedriver (latest version) (For input string: "public") ... trying again using latest driver stored in cache
1335 [main] INFO  i.g.bonigarcia.wdm.WebDriverManager -- Using chromedriver public (resolved driver for Chrome 121)
1336 [main] ERROR i.g.bonigarcia.wdm.WebDriverManager -- There was an error managing chromedriver public (For input string: "public")
java.lang.NumberFormatException: For input string: "public"
	at java.base/java.lang.NumberFormatException.forInputString(NumberFormatException.java:67)
	at java.base/java.lang.Integer.parseInt(Integer.java:668)
	at java.base/java.lang.Integer.parseInt(Integer.java:786)
	at io.github.bonigarcia.wdm.managers.ChromeDriverManager.buildUrl(ChromeDriverManager.java:178)
	at io.github.bonigarcia.wdm.managers.ChromeDriverManager.buildUrl(ChromeDriverManager.java:155)
	at io.github.bonigarcia.wdm.WebDriverManager.download(WebDriverManager.java:1282)
	at io.github.bonigarcia.wdm.WebDriverManager.manage(WebDriverManager.java:1199)
	at io.github.bonigarcia.wdm.WebDriverManager.fallback(WebDriverManager.java:1461)
	at io.github.bonigarcia.wdm.WebDriverManager.handleException(WebDriverManager.java:1442)
	at io.github.bonigarcia.wdm.WebDriverManager.manage(WebDriverManager.java:1205)
	at io.github.bonigarcia.wdm.WebDriverManager.handleException(WebDriverManager.java:1435)
	at io.github.bonigarcia.wdm.WebDriverManager.manage(WebDriverManager.java:1205)
	at io.github.bonigarcia.wdm.WebDriverManager.setup(WebDriverManager.java:427)
	at com.yenpractice.reservationflight.BaseTest.initBrowser(BaseTest.java:39)
	at com.yenpractice.reservationflight.FlightReservationTest.Test(FlightReservationTest.java:18)
	at java.base/jdk.internal.reflect.NativeMethodAccessorImpl.invoke0(Native Method)
	at java.base/jdk.internal.reflect.NativeMethodAccessorImpl.invoke(NativeMethodAccessorImpl.java:77)
	at java.base/jdk.internal.reflect.DelegatingMethodAccessorImpl.invoke(DelegatingMethodAccessorImpl.java:43)
	at java.base/java.lang.reflect.Method.invoke(Method.java:568)
	at org.testng.internal.invokers.MethodInvocationHelper.invokeMethod(MethodInvocationHelper.java:139)
	at org.testng.internal.invokers.TestInvoker.invokeMethod(TestInvoker.java:664)
	at org.testng.internal.invokers.TestInvoker.invokeTestMethod(TestInvoker.java:228)
	at org.testng.internal.invokers.MethodRunner.runInSequence(MethodRunner.java:63)
	at org.testng.internal.invokers.TestInvoker$MethodInvocationAgent.invoke(TestInvoker.java:961)
	at org.testng.internal.invokers.TestInvoker.invokeTestMethods(TestInvoker.java:201)
	at org.testng.internal.invokers.TestMethodWorker.invokeTestMethods(TestMethodWorker.java:148)
	at org.testng.internal.invokers.TestMethodWorker.run(TestMethodWorker.java:128)
	at java.base/java.util.ArrayList.forEach(ArrayList.java:1511)
	at org.testng.TestRunner.privateRun(TestRunner.java:819)
	at org.testng.TestRunner.run(TestRunner.java:619)
	at org.testng.SuiteRunner.runTest(SuiteRunner.java:443)
	at org.testng.SuiteRunner.runSequentially(SuiteRunner.java:437)
	at org.testng.SuiteRunner.privateRun(SuiteRunner.java:397)
	at org.testng.SuiteRunner.run(SuiteRunner.java:336)
	at org.testng.SuiteRunnerWorker.runSuite(SuiteRunnerWorker.java:52)
	at org.testng.SuiteRunnerWorker.run(SuiteRunnerWorker.java:95)
	at org.testng.TestNG.runSuitesSequentially(TestNG.java:1301)
	at org.testng.TestNG.runSuitesLocally(TestNG.java:1228)
	at org.testng.TestNG.runSuites(TestNG.java:1134)
	at org.testng.TestNG.run(TestNG.java:1101)
	at com.intellij.rt.testng.IDEARemoteTestNG.run(IDEARemoteTestNG.java:65)
	at com.intellij.rt.testng.RemoteTestNGStarter.main(RemoteTestNGStarter.java:105)
237  [main] INFO  org.testng.internal.Utils -- [TestNG] Running:
  /Users/nguyenhaiyen/Library/Caches/JetBrains/IdeaIC2023.3/temp-testng-customsuite.xml

1246 [main] INFO  i.g.bonigarcia.wdm.WebDriverManager -- Using chromedriver 121.0.6167.184 (resolved driver for Chrome 121)
1310 [main] INFO  i.g.b.wdm.online.Downloader -- Downloading https://edgedl.me.gvt1.com/edgedl/chrome/chrome-for-testing/121.0.6167.184/mac-arm64/chromedriver-mac-arm64.zip
2193 [main] ERROR i.g.b.wdm.online.HttpClient -- Error HTTP 404 executing https://edgedl.me.gvt1.com/edgedl/chrome/chrome-for-testing/121.0.6167.184/mac-arm64/chromedriver-mac-arm64.zip
2196 [main] INFO  i.g.b.wdm.cache.ResolutionCache -- Clearing WebDriverManager resolution cache
2197 [main] WARN  i.g.bonigarcia.wdm.WebDriverManager -- There was an error managing chromedriver 121.0.6167.184 (Error HTTP 404 executing https://edgedl.me.gvt1.com/edgedl/chrome/chrome-for-testing/121.0.6167.184/mac-arm64/chromedriver-mac-arm64.zip) ... trying again avoiding reading release from repository
2636 [main] WARN  i.g.bonigarcia.wdm.WebDriverManager -- There was an error managing chromedriver (latest version) (For input string: "public") ... trying again using latest driver stored in cache
2670 [main] INFO  i.g.bonigarcia.wdm.WebDriverManager -- Using chromedriver public (resolved driver for Chrome 121)
2671 [main] ERROR i.g.bonigarcia.wdm.WebDriverManager -- There was an error managing chromedriver public (For input string: "public")
java.lang.NumberFormatException: For input string: "public"
	at java.base/java.lang.NumberFormatException.forInputString(NumberFormatException.java:67)
	at java.base/java.lang.Integer.parseInt(Integer.java:668)
	at java.base/java.lang.Integer.parseInt(Integer.java:786)
	at io.github.bonigarcia.wdm.managers.ChromeDriverManager.buildUrl(ChromeDriverManager.java:178)
	at io.github.bonigarcia.wdm.managers.ChromeDriverManager.buildUrl(ChromeDriverManager.java:155)
	at io.github.bonigarcia.wdm.WebDriverManager.download(WebDriverManager.java:1282)
	at io.github.bonigarcia.wdm.WebDriverManager.manage(WebDriverManager.java:1199)
	at io.github.bonigarcia.wdm.WebDriverManager.fallback(WebDriverManager.java:1461)
	at io.github.bonigarcia.wdm.WebDriverManager.handleException(WebDriverManager.java:1442)
	at io.github.bonigarcia.wdm.WebDriverManager.manage(WebDriverManager.java:1205)
	at io.github.bonigarcia.wdm.WebDriverManager.handleException(WebDriverManager.java:1435)
	at io.github.bonigarcia.wdm.WebDriverManager.manage(WebDriverManager.java:1205)
	at io.github.bonigarcia.wdm.WebDriverManager.setup(WebDriverManager.java:427)
	at com.yenpractice.reservationflight.BaseTest.initBrowser(BaseTest.java:39)
	at com.yenpractice.reservationflight.FlightReservationTest.Test(FlightReservationTest.java:18)
	at java.base/jdk.internal.reflect.NativeMethodAccessorImpl.invoke0(Native Method)
	at java.base/jdk.internal.reflect.NativeMethodAccessorImpl.invoke(NativeMethodAccessorImpl.java:77)
	at java.base/jdk.internal.reflect.DelegatingMethodAccessorImpl.invoke(DelegatingMethodAccessorImpl.java:43)
	at java.base/java.lang.reflect.Method.invoke(Method.java:568)
	at org.testng.internal.invokers.MethodInvocationHelper.invokeMethod(MethodInvocationHelper.java:139)
	at org.testng.internal.invokers.TestInvoker.invokeMethod(TestInvoker.java:664)
	at org.testng.internal.invokers.TestInvoker.invokeTestMethod(TestInvoker.java:228)
	at org.testng.internal.invokers.MethodRunner.runInSequence(MethodRunner.java:63)
	at org.testng.internal.invokers.TestInvoker$MethodInvocationAgent.invoke(TestInvoker.java:961)
	at org.testng.internal.invokers.TestInvoker.invokeTestMethods(TestInvoker.java:201)
	at org.testng.internal.invokers.TestMethodWorker.invokeTestMethods(TestMethodWorker.java:148)
	at org.testng.internal.invokers.TestMethodWorker.run(TestMethodWorker.java:128)
	at java.base/java.util.ArrayList.forEach(ArrayList.java:1511)
	at org.testng.TestRunner.privateRun(TestRunner.java:819)
	at org.testng.TestRunner.run(TestRunner.java:619)
	at org.testng.SuiteRunner.runTest(SuiteRunner.java:443)
	at org.testng.SuiteRunner.runSequentially(SuiteRunner.java:437)
	at org.testng.SuiteRunner.privateRun(SuiteRunner.java:397)
	at org.testng.SuiteRunner.run(SuiteRunner.java:336)
	at org.testng.SuiteRunnerWorker.runSuite(SuiteRunnerWorker.java:52)
	at org.testng.SuiteRunnerWorker.run(SuiteRunnerWorker.java:95)
	at org.testng.TestNG.runSuitesSequentially(TestNG.java:1301)
	at org.testng.TestNG.runSuitesLocally(TestNG.java:1228)
	at org.testng.TestNG.runSuites(TestNG.java:1134)
	at org.testng.TestNG.run(TestNG.java:1101)
	at com.intellij.rt.testng.IDEARemoteTestNG.run(IDEARemoteTestNG.java:65)
	at com.intellij.rt.testng.RemoteTestNGStarter.main(RemoteTestNGStarter.java:105)
243  [main] INFO  org.testng.internal.Utils -- [TestNG] Running:
  /Users/nguyenhaiyen/Library/Caches/JetBrains/IdeaIC2023.3/temp-testng-customsuite.xml

235  [main] INFO  org.testng.internal.Utils -- [TestNG] Running:
  /Users/nguyenhaiyen/Library/Caches/JetBrains/IdeaIC2023.3/temp-testng-customsuite.xml

254  [main] INFO  com.yenpractice.reservationflight.BaseTest -- Navigate to the revervation flight
2808 [main] INFO  com.yenpractice.reservationflight.BaseTest -- Verify navigate successfully
2852 [main] INFO  com.yenpractice.reservationflight.BaseTest -- Register
3329 [main] INFO  com.yenpractice.reservationflight.BaseTest -- Verify register successfully
257  [main] INFO  org.testng.internal.Utils -- [TestNG] Running:
  /Users/nguyenhaiyen/Library/Caches/JetBrains/IdeaIC2023.3/temp-testng-customsuite.xml

276  [main] INFO  com.yenpractice.reservationflight.BaseTest -- Navigate to the revervation flight
4178 [main] INFO  com.yenpractice.reservationflight.BaseTest -- Verify navigate successfully
4227 [main] INFO  com.yenpractice.reservationflight.BaseTest -- Register
4735 [main] INFO  com.yenpractice.reservationflight.BaseTest -- Verify register successfully
5802 [main] INFO  com.yenpractice.reservationflight.BaseTest -- OS name = mac os x
5910 [main] INFO  com.yenpractice.reservationflight.BaseTest -- ---------- QUIT BROWSER SUCCESS ----------
234  [main] INFO  org.testng.internal.Utils -- [TestNG] Running:
  /Users/nguyenhaiyen/Library/Caches/JetBrains/IdeaIC2023.3/temp-testng-customsuite.xml

246  [main] INFO  com.yenpractice.reservationflight.BaseTest -- Navigate to the revervation flight
2780 [main] INFO  com.yenpractice.reservationflight.BaseTest -- Verify navigate successfully
2823 [main] INFO  com.yenpractice.reservationflight.BaseTest -- Register
3314 [main] INFO  com.yenpractice.reservationflight.BaseTest -- Verify register successfully
5436 [main] INFO  com.yenpractice.reservationflight.BaseTest -- OS name = mac os x
5538 [main] INFO  com.yenpractice.reservationflight.BaseTest -- ---------- QUIT BROWSER SUCCESS ----------
168  [main] WARN  o.testng.xml.TestNGContentHandler -- It is strongly recommended to add "<!DOCTYPE suite SYSTEM "https://testng.org/testng-1.1.dtd" >" at the top of the suite file [/Users/nguyenhaiyen/Desktop/selenium-docker/selenium-docker/src/test/resources/flight-reservation.xml] otherwise TestNG may fail or not work as expected.
172  [main] WARN  o.testng.xml.TestNGContentHandler -- It is strongly recommended to add "<!DOCTYPE suite SYSTEM "https://testng.org/testng-1.1.dtd" >" at the top of the suite file [/Users/nguyenhaiyen/Desktop/selenium-docker/selenium-docker/src/test/resources/flight-reservation.xml] otherwise TestNG may fail or not work as expected.
174  [main] WARN  o.testng.xml.TestNGContentHandler -- It is strongly recommended to add "<!DOCTYPE suite SYSTEM "https://testng.org/testng-1.1.dtd" >" at the top of the suite file [/Users/nguyenhaiyen/Desktop/selenium-docker/selenium-docker/src/test/resources/flight-reservation.xml] otherwise TestNG may fail or not work as expected.
262  [main] INFO  org.testng.internal.Utils -- [TestNG] Running:
  /Users/nguyenhaiyen/Desktop/selenium-docker/selenium-docker/src/test/resources/flight-reservation.xml

271  [main] INFO  com.yenpractice.reservationflight.BaseTest -- Navigate to the revervation flight
3183 [main] INFO  com.yenpractice.reservationflight.BaseTest -- Verify navigate successfully
3231 [main] INFO  com.yenpractice.reservationflight.BaseTest -- Register
3722 [main] INFO  com.yenpractice.reservationflight.BaseTest -- Verify register successfully
4790 [main] INFO  com.yenpractice.reservationflight.BaseTest -- OS name = mac os x
4916 [main] INFO  com.yenpractice.reservationflight.BaseTest -- ---------- QUIT BROWSER SUCCESS ----------
151  [main] WARN  o.testng.xml.TestNGContentHandler -- It is strongly recommended to add "<!DOCTYPE suite SYSTEM "https://testng.org/testng-1.1.dtd" >" at the top of the suite file [/Users/nguyenhaiyen/Desktop/selenium-docker/selenium-docker/src/test/resources/flight-reservation.xml] otherwise TestNG may fail or not work as expected.
244  [main] INFO  org.testng.internal.Utils -- [TestNG] Running:
  /Users/nguyenhaiyen/Desktop/selenium-docker/selenium-docker/src/test/resources/flight-reservation.xml

255  [main] INFO  com.yenpractice.reservationflight.BaseTest -- Navigate to the revervation flight
2732 [main] INFO  com.yenpractice.reservationflight.BaseTest -- Verify navigate successfully
2786 [main] INFO  com.yenpractice.reservationflight.BaseTest -- Register
3276 [main] INFO  com.yenpractice.reservationflight.BaseTest -- Verify register successfully
4353 [main] INFO  com.yenpractice.reservationflight.BaseTest -- OS name = mac os x
4461 [main] INFO  com.yenpractice.reservationflight.BaseTest -- ---------- QUIT BROWSER SUCCESS ----------
236  [main] INFO  org.testng.internal.Utils -- [TestNG] Running:
  /Users/nguyenhaiyen/Desktop/selenium-docker/selenium-docker/src/test/resources/flight-reservation.xml

249  [main] INFO  com.yenpractice.reservationflight.BaseTest -- Navigate to the revervation flight
2704 [main] INFO  com.yenpractice.reservationflight.BaseTest -- Verify navigate successfully
2745 [main] INFO  com.yenpractice.reservationflight.BaseTest -- Register
3234 [main] INFO  com.yenpractice.reservationflight.BaseTest -- Verify register successfully
3770 [main] INFO  com.yenpractice.reservationflight.BaseTest -- OS name = mac os x
3860 [main] INFO  com.yenpractice.reservationflight.BaseTest -- ---------- QUIT BROWSER SUCCESS ----------
251  [main] INFO  org.testng.internal.Utils -- [TestNG] Running:
  /Users/nguyenhaiyen/Desktop/selenium-docker/selenium-docker/src/test/resources/flight-reservation.xml

264  [main] INFO  com.yenpractice.reservationflight.BaseTest -- Navigate to the revervation flight
3359 [main] INFO  com.yenpractice.reservationflight.BaseTest -- Verify navigate successfully
3409 [main] INFO  com.yenpractice.reservationflight.BaseTest -- Register
3902 [main] INFO  com.yenpractice.reservationflight.BaseTest -- Verify register successfully
4985 [main] INFO  com.yenpractice.reservationflight.BaseTest -- Click flight search
5032 [main] INFO  com.yenpractice.reservationflight.BaseTest -- Verify at select flights
5618 [main] INFO  com.yenpractice.reservationflight.BaseTest -- Choose flight criteria
241  [main] INFO  org.testng.internal.Utils -- [TestNG] Running:
  /Users/nguyenhaiyen/Desktop/selenium-docker/selenium-docker/src/test/resources/flight-reservation.xml

253  [main] INFO  com.yenpractice.reservationflight.BaseTest -- Navigate to the reservation flight
2761 [main] INFO  com.yenpractice.reservationflight.BaseTest -- Verify navigate successfully
2802 [main] INFO  com.yenpractice.reservationflight.BaseTest -- Register
3298 [main] INFO  com.yenpractice.reservationflight.BaseTest -- Verify register successfully
5455 [main] INFO  com.yenpractice.reservationflight.BaseTest -- Click flight search
5495 [main] INFO  com.yenpractice.reservationflight.BaseTest -- Verify at select flights
7635 [main] INFO  com.yenpractice.reservationflight.BaseTest -- Choose flight criteria
27736 [main] INFO  com.yenpractice.reservationflight.BaseTest -- OS name = mac os x
27892 [main] INFO  com.yenpractice.reservationflight.BaseTest -- ---------- QUIT BROWSER SUCCESS ----------
239  [main] INFO  org.testng.internal.Utils -- [TestNG] Running:
  /Users/nguyenhaiyen/Desktop/selenium-docker/selenium-docker/src/test/resources/flight-reservation.xml

250  [main] INFO  com.yenpractice.reservationflight.BaseTest -- Navigate to the reservation flight
2740 [main] INFO  com.yenpractice.reservationflight.BaseTest -- Verify navigate successfully
2782 [main] INFO  com.yenpractice.reservationflight.BaseTest -- Register
3269 [main] INFO  com.yenpractice.reservationflight.BaseTest -- Verify register successfully
5428 [main] INFO  com.yenpractice.reservationflight.BaseTest -- Click flight search
5474 [main] INFO  com.yenpractice.reservationflight.BaseTest -- Verify at select flights
7090 [main] INFO  com.yenpractice.reservationflight.BaseTest -- Choose flight criteria
27227 [main] INFO  com.yenpractice.reservationflight.BaseTest -- OS name = mac os x
27340 [main] INFO  com.yenpractice.reservationflight.BaseTest -- ---------- QUIT BROWSER SUCCESS ----------
241  [main] INFO  org.testng.internal.Utils -- [TestNG] Running:
  /Users/nguyenhaiyen/Desktop/selenium-docker/selenium-docker/src/test/resources/flight-reservation.xml

253  [main] INFO  com.yenpractice.reservationflight.BaseTest -- Navigate to the reservation flight
2773 [main] INFO  com.yenpractice.reservationflight.BaseTest -- Verify navigate successfully
2813 [main] INFO  com.yenpractice.reservationflight.BaseTest -- Register
3302 [main] INFO  com.yenpractice.reservationflight.BaseTest -- Verify register successfully
5461 [main] INFO  com.yenpractice.reservationflight.BaseTest -- Click flight search
5513 [main] INFO  com.yenpractice.reservationflight.BaseTest -- Verify at select flights
7110 [main] INFO  com.yenpractice.reservationflight.BaseTest -- Choose flight criteria
27361 [main] INFO  com.yenpractice.reservationflight.BaseTest -- OS name = mac os x
27462 [main] INFO  com.yenpractice.reservationflight.BaseTest -- ---------- QUIT BROWSER SUCCESS ----------
243  [main] INFO  org.testng.internal.Utils -- [TestNG] Running:
  /Users/nguyenhaiyen/Desktop/selenium-docker/selenium-docker/src/test/resources/flight-reservation.xml

255  [main] INFO  com.yenpractice.reservationflight.BaseTest -- Navigate to the reservation flight
2726 [main] INFO  com.yenpractice.reservationflight.BaseTest -- Verify navigate successfully
2770 [main] INFO  com.yenpractice.reservationflight.BaseTest -- Register
3246 [main] INFO  com.yenpractice.reservationflight.BaseTest -- Verify register successfully
3804 [main] INFO  com.yenpractice.reservationflight.BaseTest -- Click flight search
3843 [main] INFO  com.yenpractice.reservationflight.BaseTest -- Verify at select flights
4944 [main] INFO  com.yenpractice.reservationflight.BaseTest -- Choose flight criteria
7267 [main] INFO  com.yenpractice.reservationflight.BaseTest -- OS name = mac os x
7361 [main] INFO  com.yenpractice.reservationflight.BaseTest -- ---------- QUIT BROWSER SUCCESS ----------
251  [main] INFO  org.testng.internal.Utils -- [TestNG] Running:
  /Users/nguyenhaiyen/Desktop/selenium-docker/selenium-docker/src/test/resources/flight-reservation.xml

263  [main] INFO  com.yenpractice.reservationflight.BaseTest -- Navigate to the reservation flight
2538 [main] INFO  com.yenpractice.reservationflight.BaseTest -- Verify navigate successfully
2579 [main] INFO  com.yenpractice.reservationflight.BaseTest -- Register
3055 [main] INFO  com.yenpractice.reservationflight.BaseTest -- Verify register successfully
5222 [main] INFO  com.yenpractice.reservationflight.BaseTest -- Click flight search
5283 [main] INFO  com.yenpractice.reservationflight.BaseTest -- Verify at select flights
5848 [main] INFO  com.yenpractice.reservationflight.BaseTest -- Choose flight criteria
8188 [main] INFO  com.yenpractice.reservationflight.BaseTest -- OS name = mac os x
8293 [main] INFO  com.yenpractice.reservationflight.BaseTest -- ---------- QUIT BROWSER SUCCESS ----------
264  [main] INFO  org.testng.internal.Utils -- [TestNG] Running:
  /Users/nguyenhaiyen/Desktop/selenium-docker/selenium-docker/src/test/resources/flight-reservation.xml

278  [main] INFO  com.yenpractice.reservationflight.BaseTest -- Navigate to the reservation flight
2783 [main] INFO  com.yenpractice.reservationflight.BaseTest -- Verify navigate successfully
2823 [main] INFO  com.yenpractice.reservationflight.BaseTest -- Register
3306 [main] INFO  com.yenpractice.reservationflight.BaseTest -- Verify register successfully
4934 [main] INFO  com.yenpractice.reservationflight.BaseTest -- Click flight search
4975 [main] INFO  com.yenpractice.reservationflight.BaseTest -- Verify at select flights
6047 [main] INFO  com.yenpractice.reservationflight.BaseTest -- Choose flight criteria and search
6255 [main] INFO  com.yenpractice.reservationflight.BaseTest -- Verify at search flights
6263 [main] INFO  com.yenpractice.reservationflight.BaseTest -- OS name = mac os x
6358 [main] INFO  com.yenpractice.reservationflight.BaseTest -- ---------- QUIT BROWSER SUCCESS ----------
233  [main] INFO  org.testng.internal.Utils -- [TestNG] Running:
  /Users/nguyenhaiyen/Desktop/selenium-docker/selenium-docker/src/test/resources/flight-reservation.xml

247  [main] INFO  com.yenpractice.reservationflight.BaseTest -- Navigate to the reservation flight
2779 [main] INFO  com.yenpractice.reservationflight.BaseTest -- Verify navigate successfully
2820 [main] INFO  com.yenpractice.reservationflight.BaseTest -- Register
3303 [main] INFO  com.yenpractice.reservationflight.BaseTest -- Verify register successfully
4932 [main] INFO  com.yenpractice.reservationflight.BaseTest -- Click flight search
4974 [main] INFO  com.yenpractice.reservationflight.BaseTest -- Verify at select flights
7122 [main] INFO  com.yenpractice.reservationflight.BaseTest -- Choose flight criteria and search
7329 [main] INFO  com.yenpractice.reservationflight.BaseTest -- Verify at search flights
8418 [main] INFO  com.yenpractice.reservationflight.BaseTest -- Choose departure and arrival
8519 [main] INFO  com.yenpractice.reservationflight.BaseTest -- OS name = mac os x
8614 [main] INFO  com.yenpractice.reservationflight.BaseTest -- ---------- QUIT BROWSER SUCCESS ----------
246  [main] INFO  org.testng.internal.Utils -- [TestNG] Running:
  /Users/nguyenhaiyen/Desktop/selenium-docker/selenium-docker/src/test/resources/flight-reservation.xml

258  [main] INFO  com.yenpractice.reservationflight.BaseTest -- Navigate to the reservation flight
2786 [main] INFO  com.yenpractice.reservationflight.BaseTest -- Verify navigate successfully
2834 [main] INFO  com.yenpractice.reservationflight.BaseTest -- Register
3329 [main] INFO  com.yenpractice.reservationflight.BaseTest -- Verify register successfully
3885 [main] INFO  com.yenpractice.reservationflight.BaseTest -- Click flight search
3927 [main] INFO  com.yenpractice.reservationflight.BaseTest -- Verify at select flights
5013 [main] INFO  com.yenpractice.reservationflight.BaseTest -- Choose flight criteria and search
5219 [main] INFO  com.yenpractice.reservationflight.BaseTest -- Verify at search flights
6833 [main] INFO  com.yenpractice.reservationflight.BaseTest -- Choose departure and arrival
6947 [main] INFO  com.yenpractice.reservationflight.BaseTest -- Click confirmation flight
9089 [main] INFO  com.yenpractice.reservationflight.BaseTest -- OS name = mac os x
9193 [main] INFO  com.yenpractice.reservationflight.BaseTest -- ---------- QUIT BROWSER SUCCESS ----------
251  [main] INFO  org.testng.internal.Utils -- [TestNG] Running:
  /Users/nguyenhaiyen/Desktop/selenium-docker/selenium-docker/src/test/resources/flight-reservation.xml

264  [main] INFO  com.yenpractice.reservationflight.BaseTest -- Navigate to the reservation flight
2773 [main] INFO  com.yenpractice.reservationflight.BaseTest -- Verify navigate successfully
2814 [main] INFO  com.yenpractice.reservationflight.BaseTest -- Register
3303 [main] INFO  com.yenpractice.reservationflight.BaseTest -- Verify register successfully
4407 [main] INFO  com.yenpractice.reservationflight.BaseTest -- Click flight search
4449 [main] INFO  com.yenpractice.reservationflight.BaseTest -- Verify at select flights
5545 [main] INFO  com.yenpractice.reservationflight.BaseTest -- Choose flight criteria and search
5771 [main] INFO  com.yenpractice.reservationflight.BaseTest -- Verify at search flights
7380 [main] INFO  com.yenpractice.reservationflight.BaseTest -- Choose departure and arrival
7496 [main] INFO  com.yenpractice.reservationflight.BaseTest -- Verify at flight confirmation
9630 [main] INFO  com.yenpractice.reservationflight.BaseTest -- OS name = mac os x
9733 [main] INFO  com.yenpractice.reservationflight.BaseTest -- ---------- QUIT BROWSER SUCCESS ----------
243  [main] INFO  org.testng.internal.Utils -- [TestNG] Running:
  /Users/nguyenhaiyen/Desktop/selenium-docker/selenium-docker/src/test/resources/flight-reservation.xml

256  [main] INFO  com.yenpractice.reservationflight.BaseTest -- Navigate to the reservation flight
2610 [main] INFO  com.yenpractice.reservationflight.BaseTest -- Verify navigate successfully
2655 [main] INFO  com.yenpractice.reservationflight.BaseTest -- Register
3138 [main] INFO  com.yenpractice.reservationflight.BaseTest -- Verify register successfully
5297 [main] INFO  com.yenpractice.reservationflight.BaseTest -- Click flight search
5340 [main] INFO  com.yenpractice.reservationflight.BaseTest -- Verify at select flights
6436 [main] INFO  com.yenpractice.reservationflight.BaseTest -- Choose flight criteria and search
6645 [main] INFO  com.yenpractice.reservationflight.BaseTest -- Verify at search flights
7732 [main] INFO  com.yenpractice.reservationflight.BaseTest -- Choose departure and arrival
7849 [main] INFO  com.yenpractice.reservationflight.BaseTest -- Verify at flight confirmation
8922 [main] INFO  com.yenpractice.reservationflight.BaseTest -- Verify Tax
8955 [main] INFO  com.yenpractice.reservationflight.BaseTest -- Verify Total Price
8986 [main] INFO  com.yenpractice.reservationflight.BaseTest -- OS name = mac os x
9078 [main] INFO  com.yenpractice.reservationflight.BaseTest -- ---------- QUIT BROWSER SUCCESS ----------
287  [main] INFO  org.testng.internal.Utils -- [TestNG] Running:
  /Users/nguyenhaiyen/Desktop/selenium-docker/selenium-docker/src/test/resources/flight-reservation.xml

301  [main] INFO  com.yenpractice.reservationflight.BaseTest -- Navigate to the reservation flight
2727 [main] INFO  com.yenpractice.reservationflight.BaseTest -- Verify navigate successfully
2765 [main] INFO  com.yenpractice.reservationflight.BaseTest -- Register
3252 [main] INFO  com.yenpractice.reservationflight.BaseTest -- Verify register successfully
4889 [main] INFO  com.yenpractice.reservationflight.BaseTest -- Click flight search
4929 [main] INFO  com.yenpractice.reservationflight.BaseTest -- Verify at select flights
4953 [main] INFO  com.yenpractice.reservationflight.BaseTest -- Choose flight criteria and search
5155 [main] INFO  com.yenpractice.reservationflight.BaseTest -- Verify at search flights
6237 [main] INFO  com.yenpractice.reservationflight.BaseTest -- Choose departure and arrival
6354 [main] INFO  com.yenpractice.reservationflight.BaseTest -- Verify at flight confirmation
6912 [main] INFO  com.yenpractice.reservationflight.BaseTest -- Verify Tax
6943 [main] INFO  com.yenpractice.reservationflight.BaseTest -- Verify Total Price
6967 [main] INFO  com.yenpractice.reservationflight.BaseTest -- OS name = mac os x
7059 [main] INFO  com.yenpractice.reservationflight.BaseTest -- ---------- QUIT BROWSER SUCCESS ----------
245  [main] INFO  org.testng.internal.Utils -- [TestNG] Running:
  /Users/nguyenhaiyen/Desktop/selenium-docker/selenium-docker/src/test/resources/flight-reservation.xml

257  [main] INFO  com.yenpractice.reservationflight.BaseTest -- Navigate to the reservation flight
2706 [main] INFO  com.yenpractice.reservationflight.BaseTest -- Verify navigate successfully
2744 [main] INFO  com.yenpractice.reservationflight.BaseTest -- Register
3239 [main] INFO  com.yenpractice.reservationflight.BaseTest -- Verify register successfully
5398 [main] INFO  com.yenpractice.reservationflight.BaseTest -- Click flight search
5440 [main] INFO  com.yenpractice.reservationflight.BaseTest -- Verify at select flights
5998 [main] INFO  com.yenpractice.reservationflight.BaseTest -- Choose flight criteria and search
6209 [main] INFO  com.yenpractice.reservationflight.BaseTest -- Verify at search flights
6768 [main] INFO  com.yenpractice.reservationflight.BaseTest -- Choose departure and arrival
6883 [main] INFO  com.yenpractice.reservationflight.BaseTest -- Verify at flight confirmation
7444 [main] INFO  com.yenpractice.reservationflight.BaseTest -- Verify Tax
7476 [main] INFO  com.yenpractice.reservationflight.BaseTest -- Verify Total Price
7503 [main] INFO  com.yenpractice.reservationflight.BaseTest -- OS name = mac os x
7596 [main] INFO  com.yenpractice.reservationflight.BaseTest -- ---------- QUIT BROWSER SUCCESS ----------
308  [main] INFO  c.yenpractice.utilities.DataLoader -- Reading data from location: .//com/yenpractice/datamodel/data/customer_A
311  [main] ERROR com.yenpractice.utilities.JsonUtil -- unable to get data from location.//com/yenpractice/datamodel/data/customer_A
337  [main] INFO  org.testng.internal.Utils -- [TestNG] Running:
  /Users/nguyenhaiyen/Desktop/selenium-docker/selenium-docker/src/test/resources/flight-reservation.xml

347  [main] INFO  com.yenpractice.reservationflight.BaseTest -- Navigate to the reservation flight
3492 [main] INFO  com.yenpractice.reservationflight.BaseTest -- Verify navigate successfully
3539 [main] INFO  com.yenpractice.reservationflight.BaseTest -- OS name = mac os x
3637 [main] INFO  com.yenpractice.reservationflight.BaseTest -- ---------- QUIT BROWSER SUCCESS ----------
314  [main] INFO  c.yenpractice.utilities.DataLoader -- Reading data from location: .//com/yenpractice/datamodel/data/customer_A.json
317  [main] ERROR com.yenpractice.utilities.JsonUtil -- unable to get data from location.//com/yenpractice/datamodel/data/customer_A.json
346  [main] INFO  org.testng.internal.Utils -- [TestNG] Running:
  /Users/nguyenhaiyen/Desktop/selenium-docker/selenium-docker/src/test/resources/flight-reservation.xml

357  [main] INFO  com.yenpractice.reservationflight.BaseTest -- Navigate to the reservation flight
2741 [main] INFO  com.yenpractice.reservationflight.BaseTest -- Verify navigate successfully
2787 [main] INFO  com.yenpractice.reservationflight.BaseTest -- OS name = mac os x
2881 [main] INFO  com.yenpractice.reservationflight.BaseTest -- ---------- QUIT BROWSER SUCCESS ----------
311  [main] INFO  c.yenpractice.utilities.DataLoader -- Reading data from location: .//com/yenpractice/datamodel/data/customer_A.json
313  [main] ERROR com.yenpractice.utilities.JsonUtil -- unable to get data from location.//com/yenpractice/datamodel/data/customer_A.json
339  [main] INFO  org.testng.internal.Utils -- [TestNG] Running:
  /Users/nguyenhaiyen/Desktop/selenium-docker/selenium-docker/src/test/resources/flight-reservation.xml

348  [main] INFO  com.yenpractice.reservationflight.BaseTest -- Navigate to the reservation flight
2798 [main] INFO  com.yenpractice.reservationflight.BaseTest -- Verify navigate successfully
2845 [main] INFO  com.yenpractice.reservationflight.BaseTest -- OS name = mac os x
2941 [main] INFO  com.yenpractice.reservationflight.BaseTest -- ---------- QUIT BROWSER SUCCESS ----------
312  [main] INFO  c.yenpractice.utilities.DataLoader -- Reading data from location: com/yenpractice/datamodel/data/customer_A.json
314  [main] ERROR com.yenpractice.utilities.JsonUtil -- unable to get data from locationcom/yenpractice/datamodel/data/customer_A.json
341  [main] INFO  org.testng.internal.Utils -- [TestNG] Running:
  /Users/nguyenhaiyen/Desktop/selenium-docker/selenium-docker/src/test/resources/flight-reservation.xml

353  [main] INFO  com.yenpractice.reservationflight.BaseTest -- Navigate to the reservation flight
2635 [main] INFO  com.yenpractice.reservationflight.BaseTest -- Verify navigate successfully
2679 [main] INFO  com.yenpractice.reservationflight.BaseTest -- OS name = mac os x
2773 [main] INFO  com.yenpractice.reservationflight.BaseTest -- ---------- QUIT BROWSER SUCCESS ----------
308  [main] INFO  c.yenpractice.utilities.DataLoader -- Reading data from location: com/yenpractice/datamodel/data/customer_A.json
310  [main] ERROR com.yenpractice.utilities.JsonUtil -- unable to get data from locationcom/yenpractice/datamodel/data/customer_A.json
337  [main] INFO  org.testng.internal.Utils -- [TestNG] Running:
  /Users/nguyenhaiyen/Library/Caches/JetBrains/IdeaIC2023.3/temp-testng-customsuite.xml

306  [main] INFO  c.yenpractice.utilities.DataLoader -- Reading data from location: /Users/nguyenhaiyen/Desktop/selenium-docker/selenium-docker/src/test/java/com/yenpractice/datamodel/data/customer_A.json
312  [main] ERROR com.yenpractice.utilities.JsonUtil -- unable to get data from location/Users/nguyenhaiyen/Desktop/selenium-docker/selenium-docker/src/test/java/com/yenpractice/datamodel/data/customer_A.json
339  [main] INFO  org.testng.internal.Utils -- [TestNG] Running:
  /Users/nguyenhaiyen/Library/Caches/JetBrains/IdeaIC2023.3/temp-testng-customsuite.xml

321  [main] INFO  c.yenpractice.utilities.DataLoader -- Reading data from location: /Users/nguyenhaiyen/Desktop/selenium-docker/selenium-docker/src/test/java/com/yenpractice/datamodel/data/customer_A.json
327  [main] ERROR com.yenpractice.utilities.JsonUtil -- unable to get data from location/Users/nguyenhaiyen/Desktop/selenium-docker/selenium-docker/src/test/java/com/yenpractice/datamodel/data/customer_A.json
353  [main] INFO  org.testng.internal.Utils -- [TestNG] Running:
  /Users/nguyenhaiyen/Desktop/selenium-docker/selenium-docker/src/test/resources/flight-reservation.xml

363  [main] INFO  com.yenpractice.reservationflight.BaseTest -- Navigate to the reservation flight
2847 [main] INFO  com.yenpractice.reservationflight.BaseTest -- Verify navigate successfully
2888 [main] INFO  com.yenpractice.reservationflight.BaseTest -- Register
2891 [main] INFO  com.yenpractice.reservationflight.BaseTest -- OS name = mac os x
2982 [main] INFO  com.yenpractice.reservationflight.BaseTest -- ---------- QUIT BROWSER SUCCESS ----------
295  [main] INFO  c.yenpractice.utilities.DataLoader -- Reading data from location: /Users/nguyenhaiyen/Desktop/selenium-docker/selenium-docker/src/test/java/com/yenpractice/datamodel/data/customer_A.json
347  [main] INFO  org.testng.internal.Utils -- [TestNG] Running:
  /Users/nguyenhaiyen/Desktop/selenium-docker/selenium-docker/src/test/resources/flight-reservation.xml

358  [main] INFO  com.yenpractice.reservationflight.BaseTest -- Navigate to the reservation flight
2878 [main] INFO  com.yenpractice.reservationflight.BaseTest -- Verify navigate successfully
2919 [main] INFO  com.yenpractice.reservationflight.BaseTest -- Register
3416 [main] INFO  com.yenpractice.reservationflight.BaseTest -- Verify register successfully
5057 [main] INFO  com.yenpractice.reservationflight.BaseTest -- Click flight search
5101 [main] INFO  com.yenpractice.reservationflight.BaseTest -- Verify at select flights
6188 [main] INFO  com.yenpractice.reservationflight.BaseTest -- Choose flight criteria and search
6415 [main] INFO  com.yenpractice.reservationflight.BaseTest -- Verify at search flights
6973 [main] INFO  com.yenpractice.reservationflight.BaseTest -- Choose departure and arrival
7088 [main] INFO  com.yenpractice.reservationflight.BaseTest -- Verify at flight confirmation
7648 [main] INFO  com.yenpractice.reservationflight.BaseTest -- Verify Tax
7679 [main] INFO  com.yenpractice.reservationflight.BaseTest -- Verify Total Price
7707 [main] INFO  com.yenpractice.reservationflight.BaseTest -- OS name = mac os x
7802 [main] INFO  com.yenpractice.reservationflight.BaseTest -- ---------- QUIT BROWSER SUCCESS ----------
301  [main] INFO  c.yenpractice.utilities.DataLoader -- Reading data from location: .//src/test/java/com/yenpractice/datamodel/data/customer_A.json
353  [main] INFO  org.testng.internal.Utils -- [TestNG] Running:
  /Users/nguyenhaiyen/Desktop/selenium-docker/selenium-docker/src/test/resources/flight-reservation.xml

364  [main] INFO  com.yenpractice.reservationflight.BaseTest -- Navigate to the reservation flight
2903 [main] INFO  com.yenpractice.reservationflight.BaseTest -- Verify navigate successfully
2948 [main] INFO  com.yenpractice.reservationflight.BaseTest -- Register
3427 [main] INFO  com.yenpractice.reservationflight.BaseTest -- Verify register successfully
4534 [main] INFO  com.yenpractice.reservationflight.BaseTest -- Click flight search
4580 [main] INFO  com.yenpractice.reservationflight.BaseTest -- Verify at select flights
6196 [main] INFO  com.yenpractice.reservationflight.BaseTest -- Choose flight criteria and search
6407 [main] INFO  com.yenpractice.reservationflight.BaseTest -- Verify at search flights
8552 [main] INFO  com.yenpractice.reservationflight.BaseTest -- Choose departure and arrival
8667 [main] INFO  com.yenpractice.reservationflight.BaseTest -- Verify at flight confirmation
9733 [main] INFO  com.yenpractice.reservationflight.BaseTest -- Verify Tax
9757 [main] INFO  com.yenpractice.reservationflight.BaseTest -- Verify Total Price
9779 [main] INFO  com.yenpractice.reservationflight.BaseTest -- OS name = mac os x
9871 [main] INFO  com.yenpractice.reservationflight.BaseTest -- ---------- QUIT BROWSER SUCCESS ----------
298  [main] INFO  c.yenpractice.utilities.DataLoader -- Reading data from location: datamodel/data/customer_A.json
300  [main] ERROR com.yenpractice.utilities.JsonUtil -- unable to get data from locationdatamodel/data/customer_A.json
329  [main] INFO  org.testng.internal.Utils -- [TestNG] Running:
  /Users/nguyenhaiyen/Desktop/selenium-docker/selenium-docker/src/test/resources/flight-reservation.xml

342  [main] INFO  com.yenpractice.reservationflight.BaseTest -- Navigate to the reservation flight
2847 [main] INFO  com.yenpractice.reservationflight.BaseTest -- Verify navigate successfully
2888 [main] INFO  com.yenpractice.reservationflight.BaseTest -- Register
2891 [main] INFO  com.yenpractice.reservationflight.BaseTest -- OS name = mac os x
2985 [main] INFO  com.yenpractice.reservationflight.BaseTest -- ---------- QUIT BROWSER SUCCESS ----------
262  [main] INFO  org.testng.internal.Utils -- [TestNG] Running:
  /Users/nguyenhaiyen/Desktop/selenium-docker/selenium-docker/target/test-classes/flight-reservation.xml

277  [main] INFO  com.yenpractice.reservationflight.BaseTest -- Navigate to the reservation flight
3471 [main] INFO  com.yenpractice.reservationflight.BaseTest -- OS name = mac os x
3572 [main] INFO  com.yenpractice.reservationflight.BaseTest -- ---------- QUIT BROWSER SUCCESS ----------
245  [main] INFO  org.testng.internal.Utils -- [TestNG] Running:
  /Users/nguyenhaiyen/Desktop/selenium-docker/selenium-docker/src/test/resources/flight-reservation.xml

257  [main] INFO  com.yenpractice.reservationflight.BaseTest -- Navigate to the reservation flight
2973 [main] INFO  c.yenpractice.utilities.DataLoader -- Reading data from location: .//src/test/java/com/yenpractice/datamodel/data/customer_A.json
3000 [main] INFO  c.yenpractice.utilities.DataLoader -- Reading data from location: .//src/test/java/com/yenpractice/datamodel/data/flight_customer_A.json
3002 [main] ERROR com.yenpractice.utilities.JsonUtil -- unable to get data from location.//src/test/java/com/yenpractice/datamodel/data/flight_customer_A.json
3003 [main] INFO  com.yenpractice.reservationflight.BaseTest -- Verify navigate successfully
3040 [main] INFO  com.yenpractice.reservationflight.BaseTest -- Register Lily
3537 [main] INFO  com.yenpractice.reservationflight.BaseTest -- Verify register successfully
5176 [main] INFO  com.yenpractice.reservationflight.BaseTest -- Click flight search
5239 [main] INFO  com.yenpractice.reservationflight.BaseTest -- Verify at select flights
6861 [main] INFO  com.yenpractice.reservationflight.BaseTest -- Choose flight criteria and search
7069 [main] INFO  com.yenpractice.reservationflight.BaseTest -- Verify at search flights
8683 [main] INFO  com.yenpractice.reservationflight.BaseTest -- Choose departure and arrival
8798 [main] INFO  com.yenpractice.reservationflight.BaseTest -- Verify at flight confirmation
10413 [main] INFO  com.yenpractice.reservationflight.BaseTest -- Verify Tax
10442 [main] INFO  com.yenpractice.reservationflight.BaseTest -- Verify Total Price
10469 [main] INFO  com.yenpractice.reservationflight.BaseTest -- OS name = mac os x
10562 [main] INFO  com.yenpractice.reservationflight.BaseTest -- ---------- QUIT BROWSER SUCCESS ----------
249  [main] INFO  org.testng.internal.Utils -- [TestNG] Running:
  /Users/nguyenhaiyen/Desktop/selenium-docker/selenium-docker/src/test/resources/flight-reservation.xml

261  [main] INFO  com.yenpractice.reservationflight.BaseTest -- Navigate to the reservation flight
3280 [main] INFO  c.yenpractice.utilities.DataLoader -- Reading data from location: .//src/test/java/com/yenpractice/datamodel/data/customer_A.json
3309 [main] INFO  c.yenpractice.utilities.DataLoader -- Reading data from location: .//src/test/java/com/yenpractice/datamodel/data/flight_customer_A.json
3312 [main] INFO  com.yenpractice.reservationflight.BaseTest -- Verify navigate successfully
3349 [main] INFO  com.yenpractice.reservationflight.BaseTest -- Register Lily
3832 [main] INFO  com.yenpractice.reservationflight.BaseTest -- Verify register successfully
4394 [main] INFO  com.yenpractice.reservationflight.BaseTest -- Click flight search
4444 [main] INFO  com.yenpractice.reservationflight.BaseTest -- Verify at select flights
5553 [main] INFO  com.yenpractice.reservationflight.BaseTest -- Choose flight criteria and search
5760 [main] INFO  com.yenpractice.reservationflight.BaseTest -- Verify at search flights
6847 [main] INFO  com.yenpractice.reservationflight.BaseTest -- Choose departure and arrival
6965 [main] INFO  com.yenpractice.reservationflight.BaseTest -- Verify at flight confirmation
9107 [main] INFO  com.yenpractice.reservationflight.BaseTest -- Verify Tax
9138 [main] INFO  com.yenpractice.reservationflight.BaseTest -- Verify Total Price
9161 [main] INFO  com.yenpractice.reservationflight.BaseTest -- OS name = mac os x
9253 [main] INFO  com.yenpractice.reservationflight.BaseTest -- ---------- QUIT BROWSER SUCCESS ----------
199  [main] INFO  c.yenpractice.utilities.DataLoader -- Reading data from location: .//src/test/java/com/yenpractice/config/qa.properties
202  [main] INFO  com.yenpractice.reservationflight.BaseTest -- Navigate to the reservation flight
201  [main] INFO  c.yenpractice.utilities.DataLoader -- Reading data from location: .//src/test/java/com/yenpractice/config/qa.properties
204  [main] INFO  com.yenpractice.reservationflight.BaseTest -- Navigate to the reservation flight
208  [main] INFO  c.yenpractice.utilities.DataLoader -- Reading data from location: .//src/test/java/com/yenpractice/config/qa.properties
211  [main] INFO  com.yenpractice.reservationflight.BaseTest -- Navigate to the reservation flight
210  [main] INFO  c.yenpractice.utilities.DataLoader -- Reading data from location: .//src/test/java/com/yenpractice/config/qa.properties
216  [main] ERROR c.yenpractice.utilities.ConfigUtil -- Unable to load the config file}
216  [main] INFO  com.yenpractice.reservationflight.BaseTest -- Navigate to the reservation flight
218  [main] INFO  c.yenpractice.utilities.DataLoader -- Reading data from location: .//src/test/java/com/yenpractice/config/qa.properties
221  [main] ERROR c.yenpractice.utilities.ConfigUtil -- Unable to load the config file
221  [main] INFO  com.yenpractice.reservationflight.BaseTest -- Navigate to the reservation flight
201  [main] INFO  c.yenpractice.utilities.DataLoader -- Reading data from location: .//src/test/java/com/yenpractice/config/qa.properties
203  [main] INFO  com.yenpractice.reservationflight.BaseTest -- Navigate to the reservation flight
214  [main] INFO  c.yenpractice.utilities.DataLoader -- Reading data from location: .//src/test/java/com/yenpractice/config/qa.properties
216  [main] INFO  com.yenpractice.reservationflight.BaseTest -- Navigate to the reservation flight
209  [main] INFO  c.yenpractice.utilities.DataLoader -- Reading data from location: .//src/test/java/com/yenpractice/config/qa.properties
212  [main] INFO  com.yenpractice.reservationflight.BaseTest -- Navigate to the reservation flight
224  [main] INFO  c.yenpractice.utilities.DataLoader -- Reading data from location: .//src/test/java/com/yenpractice/config/qa.properties
230  [main] INFO  com.yenpractice.reservationflight.BaseTest -- Navigate to the reservation flight
230  [main] INFO  c.yenpractice.utilities.ConfigUtil -- This is the defect need to be fixed chrome
1713 [main] INFO  c.yenpractice.utilities.ConfigUtil -- This is the defect need to be fixed null
212  [main] INFO  c.yenpractice.utilities.DataLoader -- Reading data from location: .//src/test/java/com/yenpractice/config/qa.properties
214  [main] INFO  com.yenpractice.reservationflight.BaseTest -- Navigate to the reservation flight
215  [main] INFO  c.yenpractice.utilities.ConfigUtil -- This is the defect need to be fixed true
215  [main] INFO  c.yenpractice.utilities.ConfigUtil -- This is the defect need to be fixed chrome
1754 [main] INFO  c.yenpractice.utilities.ConfigUtil -- This is the defect need to be fixed null
193  [main] INFO  c.yenpractice.utilities.DataLoader -- Reading data from location: .//src/test/java/com/yenpractice/config/qa.properties
195  [main] INFO  com.yenpractice.reservationflight.BaseTest -- Navigate to the reservation flight
195  [main] INFO  c.yenpractice.utilities.ConfigUtil -- This is the defect need to be fixed true
195  [main] INFO  c.yenpractice.utilities.ConfigUtil -- This is the defect need to be fixed chrome
1537 [main] INFO  c.yenpractice.utilities.ConfigUtil -- This is the defect need to be fixed null
201  [main] INFO  c.yenpractice.utilities.DataLoader -- Reading data from location: .//src/test/java/com/yenpractice/config/qa.properties
203  [main] INFO  com.yenpractice.reservationflight.BaseTest -- Navigate to the reservation flight
204  [main] INFO  c.yenpractice.utilities.ConfigUtil -- This is the defect need to be fixed true
204  [main] INFO  c.yenpractice.utilities.ConfigUtil -- This is the defect need to be fixed chrome
1574 [main] INFO  c.yenpractice.utilities.ConfigUtil -- This is the defect need to be fixed https://d1uh9e7cu07ukd.cloudfront.net/selenium-docker/reservation-app/index.html
6034 [main] INFO  c.yenpractice.utilities.DataLoader -- Reading data from location: .//src/test/java/com/yenpractice/datamodel/data/customer_A.json
6055 [main] INFO  c.yenpractice.utilities.DataLoader -- Reading data from location: .//src/test/java/com/yenpractice/datamodel/data/flight_customer_A.json
6057 [main] INFO  com.yenpractice.reservationflight.BaseTest -- Verify navigate successfully
6102 [main] INFO  com.yenpractice.reservationflight.BaseTest -- Register Lily
6634 [main] INFO  com.yenpractice.reservationflight.BaseTest -- Verify register successfully
7743 [main] INFO  com.yenpractice.reservationflight.BaseTest -- Click flight search
7803 [main] INFO  com.yenpractice.reservationflight.BaseTest -- Verify at select flights
9942 [main] INFO  com.yenpractice.reservationflight.BaseTest -- Choose flight criteria and search
10159 [main] INFO  com.yenpractice.reservationflight.BaseTest -- Verify at search flights
11243 [main] INFO  com.yenpractice.reservationflight.BaseTest -- Choose departure and arrival
11373 [main] INFO  com.yenpractice.reservationflight.BaseTest -- Verify at flight confirmation
13518 [main] INFO  com.yenpractice.reservationflight.BaseTest -- Verify Tax
13554 [main] INFO  com.yenpractice.reservationflight.BaseTest -- Verify Total Price
13595 [main] INFO  com.yenpractice.reservationflight.BaseTest -- OS name = mac os x
13705 [main] INFO  com.yenpractice.reservationflight.BaseTest -- ---------- QUIT BROWSER SUCCESS ----------
217  [main] INFO  c.yenpractice.utilities.DataLoader -- Reading data from location: .//src/test/java/com/yenpractice/config/qa.properties
219  [main] INFO  com.yenpractice.reservationflight.BaseTest -- Navigate to the reservation flight
220  [main] INFO  c.yenpractice.utilities.ConfigUtil -- This is the defect need to be fixed true
220  [main] INFO  c.yenpractice.utilities.ConfigUtil -- This is the defect need to be fixed chrome
220  [main] INFO  com.yenpractice.reservationflight.BaseTest -- This is local
1646 [main] INFO  c.yenpractice.utilities.ConfigUtil -- This is the defect need to be fixed https://d1uh9e7cu07ukd.cloudfront.net/selenium-docker/reservation-app/index.html
4986 [main] INFO  c.yenpractice.utilities.DataLoader -- Reading data from location: .//src/test/java/com/yenpractice/datamodel/data/customer_A.json
5007 [main] INFO  c.yenpractice.utilities.DataLoader -- Reading data from location: .//src/test/java/com/yenpractice/datamodel/data/flight_customer_A.json
5011 [main] INFO  com.yenpractice.reservationflight.BaseTest -- Verify navigate successfully
5049 [main] INFO  com.yenpractice.reservationflight.BaseTest -- Register Lily
5574 [main] INFO  com.yenpractice.reservationflight.BaseTest -- Verify register successfully
6671 [main] INFO  com.yenpractice.reservationflight.BaseTest -- Click flight search
6727 [main] INFO  com.yenpractice.reservationflight.BaseTest -- Verify at select flights
7834 [main] INFO  com.yenpractice.reservationflight.BaseTest -- Choose flight criteria and search
8045 [main] INFO  com.yenpractice.reservationflight.BaseTest -- Verify at search flights
9649 [main] INFO  com.yenpractice.reservationflight.BaseTest -- Choose departure and arrival
9762 [main] INFO  com.yenpractice.reservationflight.BaseTest -- Verify at flight confirmation
10321 [main] INFO  com.yenpractice.reservationflight.BaseTest -- Verify Tax
10354 [main] INFO  com.yenpractice.reservationflight.BaseTest -- Verify Total Price
10384 [main] INFO  com.yenpractice.reservationflight.BaseTest -- OS name = mac os x
10490 [main] INFO  com.yenpractice.reservationflight.BaseTest -- ---------- QUIT BROWSER SUCCESS ----------
197  [main] INFO  c.yenpractice.utilities.DataLoader -- Reading data from location: .//src/test/java/com/yenpractice/config/qa.properties
211  [main] INFO  com.yenpractice.reservationflight.BaseTest -- Navigate to the reservation flight
211  [main] INFO  c.yenpractice.utilities.ConfigUtil -- This is the defect need to be fixed true
200  [main] INFO  c.yenpractice.utilities.DataLoader -- Reading data from location: .//src/test/java/com/yenpractice/config/qa.properties
203  [main] INFO  com.yenpractice.reservationflight.BaseTest -- Navigate to the reservation flight
203  [main] INFO  c.yenpractice.utilities.ConfigUtil -- This is the defect need to be fixed true
203  [main] INFO  c.yenpractice.utilities.ConfigUtil -- This is the defect need to be fixed chrome
205  [main] INFO  com.yenpractice.reservationflight.BaseTest -- This is remote
4467 [main] INFO  c.yenpractice.utilities.ConfigUtil -- This is the defect need to be fixed https://d1uh9e7cu07ukd.cloudfront.net/selenium-docker/reservation-app/index.html
5529 [main] INFO  c.yenpractice.utilities.DataLoader -- Reading data from location: .//src/test/java/com/yenpractice/datamodel/data/customer_A.json
5551 [main] INFO  c.yenpractice.utilities.DataLoader -- Reading data from location: .//src/test/java/com/yenpractice/datamodel/data/flight_customer_A.json
5554 [main] INFO  com.yenpractice.reservationflight.BaseTest -- Verify navigate successfully
5693 [main] INFO  com.yenpractice.reservationflight.BaseTest -- Register Lily
7006 [main] INFO  com.yenpractice.reservationflight.BaseTest -- Verify register successfully
9412 [main] INFO  com.yenpractice.reservationflight.BaseTest -- Click flight search
9502 [main] INFO  com.yenpractice.reservationflight.BaseTest -- Verify at select flights
10731 [main] INFO  com.yenpractice.reservationflight.BaseTest -- Choose flight criteria and search
11299 [main] INFO  com.yenpractice.reservationflight.BaseTest -- Verify at search flights
13613 [main] INFO  com.yenpractice.reservationflight.BaseTest -- Choose departure and arrival
13879 [main] INFO  com.yenpractice.reservationflight.BaseTest -- Verify at flight confirmation
15097 [main] INFO  com.yenpractice.reservationflight.BaseTest -- Verify Tax
15616 [main] INFO  com.yenpractice.reservationflight.BaseTest -- Verify Total Price
15796 [main] INFO  com.yenpractice.reservationflight.BaseTest -- OS name = mac os x
16144 [main] INFO  com.yenpractice.reservationflight.BaseTest -- ---------- QUIT BROWSER SUCCESS ----------
201  [main] INFO  c.yenpractice.utilities.DataLoader -- Reading data from location: .//src/test/java/com/yenpractice/config/qa.properties
203  [main] INFO  com.yenpractice.reservationflight.BaseTest -- Navigate to the reservation flight
203  [main] INFO  c.yenpractice.utilities.ConfigUtil -- This is the defect need to be fixed true
203  [main] INFO  c.yenpractice.utilities.ConfigUtil -- This is the defect need to be fixed chrome
205  [main] INFO  com.yenpractice.reservationflight.BaseTest -- This is remote
1034 [main] INFO  c.yenpractice.utilities.ConfigUtil -- This is the defect need to be fixed https://d1uh9e7cu07ukd.cloudfront.net/selenium-docker/reservation-app/index.html
2396 [main] INFO  c.yenpractice.utilities.DataLoader -- Reading data from location: .//src/test/java/com/yenpractice/datamodel/data/customer_A.json
2421 [main] INFO  c.yenpractice.utilities.DataLoader -- Reading data from location: .//src/test/java/com/yenpractice/datamodel/data/flight_customer_A.json
2423 [main] INFO  com.yenpractice.reservationflight.BaseTest -- Verify navigate successfully
2513 [main] INFO  com.yenpractice.reservationflight.BaseTest -- Register Lily
4080 [main] INFO  com.yenpractice.reservationflight.BaseTest -- Verify register successfully
5978 [main] INFO  com.yenpractice.reservationflight.BaseTest -- Click flight search
6079 [main] INFO  com.yenpractice.reservationflight.BaseTest -- Verify at select flights
7284 [main] INFO  com.yenpractice.reservationflight.BaseTest -- Choose flight criteria and search
7898 [main] INFO  com.yenpractice.reservationflight.BaseTest -- Verify at search flights
10230 [main] INFO  com.yenpractice.reservationflight.BaseTest -- Choose departure and arrival
10577 [main] INFO  com.yenpractice.reservationflight.BaseTest -- Verify at flight confirmation
11804 [main] INFO  com.yenpractice.reservationflight.BaseTest -- Verify Tax
11867 [main] INFO  com.yenpractice.reservationflight.BaseTest -- Verify Total Price
11935 [main] INFO  com.yenpractice.reservationflight.BaseTest -- OS name = mac os x
12038 [main] INFO  com.yenpractice.reservationflight.BaseTest -- ---------- QUIT BROWSER SUCCESS ----------
189  [main] INFO  c.yenpractice.utilities.DataLoader -- Reading data from location: .//src/test/java/com/yenpractice/config/qa.properties
191  [main] INFO  com.yenpractice.reservationflight.BaseTest -- Navigate to the reservation flight
191  [main] INFO  c.yenpractice.utilities.ConfigUtil -- This is the defect need to be fixed chrome
191  [main] INFO  com.yenpractice.reservationflight.BaseTest -- This is local
1760 [main] INFO  c.yenpractice.utilities.ConfigUtil -- This is the defect need to be fixed https://d1uh9e7cu07ukd.cloudfront.net/selenium-docker/reservation-app/index.html
3921 [main] INFO  c.yenpractice.utilities.DataLoader -- Reading data from location: .//src/test/java/com/yenpractice/datamodel/data/customer_A.json
3944 [main] INFO  c.yenpractice.utilities.DataLoader -- Reading data from location: .//src/test/java/com/yenpractice/datamodel/data/flight_customer_A.json
3946 [main] INFO  com.yenpractice.reservationflight.BaseTest -- Verify navigate successfully
3983 [main] INFO  com.yenpractice.reservationflight.BaseTest -- Register Lily
4468 [main] INFO  com.yenpractice.reservationflight.BaseTest -- OS name = mac os x
4580 [main] INFO  com.yenpractice.reservationflight.BaseTest -- ---------- QUIT BROWSER SUCCESS ----------
226  [main] INFO  c.yenpractice.utilities.DataLoader -- Reading data from location: .//src/test/java/com/yenpractice/config/qa.properties
229  [main] INFO  com.yenpractice.reservationflight.BaseTest -- Navigate to the reservation flight
229  [main] INFO  c.yenpractice.utilities.ConfigUtil -- This is the defect need to be fixed true
229  [main] INFO  c.yenpractice.utilities.ConfigUtil -- This is the defect need to be fixed chrome
231  [main] INFO  com.yenpractice.reservationflight.BaseTest -- This is remote
1126 [main] INFO  c.yenpractice.utilities.ConfigUtil -- This is the defect need to be fixed https://d1uh9e7cu07ukd.cloudfront.net/selenium-docker/reservation-app/index.html
2315 [main] INFO  c.yenpractice.utilities.DataLoader -- Reading data from location: .//src/test/java/com/yenpractice/datamodel/data/customer_A.json
2336 [main] INFO  c.yenpractice.utilities.DataLoader -- Reading data from location: .//src/test/java/com/yenpractice/datamodel/data/flight_customer_A.json
2338 [main] INFO  com.yenpractice.reservationflight.BaseTest -- Verify navigate successfully
2472 [main] INFO  com.yenpractice.reservationflight.BaseTest -- Register Lily
3581 [main] INFO  com.yenpractice.reservationflight.BaseTest -- Verify register successfully
4830 [main] INFO  com.yenpractice.reservationflight.BaseTest -- Click flight search
4912 [main] INFO  com.yenpractice.reservationflight.BaseTest -- Verify at select flights
6097 [main] INFO  com.yenpractice.reservationflight.BaseTest -- Choose flight criteria and search
6639 [main] INFO  com.yenpractice.reservationflight.BaseTest -- Verify at search flights
7284 [main] INFO  com.yenpractice.reservationflight.BaseTest -- Choose departure and arrival
7551 [main] INFO  com.yenpractice.reservationflight.BaseTest -- Verify at flight confirmation
9279 [main] INFO  com.yenpractice.reservationflight.BaseTest -- Verify Tax
9333 [main] INFO  com.yenpractice.reservationflight.BaseTest -- Verify Total Price
9400 [main] INFO  com.yenpractice.reservationflight.BaseTest -- OS name = mac os x
9555 [main] INFO  com.yenpractice.reservationflight.BaseTest -- ---------- QUIT BROWSER SUCCESS ----------
238  [main] INFO  c.yenpractice.utilities.DataLoader -- Reading data from location: .//src/test/java/com/yenpractice/config/qa.properties
241  [main] ERROR c.yenpractice.utilities.ConfigUtil -- Unable to load the config file
241  [main] INFO  com.yenpractice.reservationflight.BaseTest -- Navigate to the reservation flight
232  [main] INFO  c.yenpractice.utilities.DataLoader -- Reading data from location: .//src/test/java/com/yenpractice/config/qa.properties
235  [main] INFO  com.yenpractice.reservationflight.BaseTest -- Navigate to the reservation flight
235  [main] INFO  c.yenpractice.utilities.ConfigUtil -- This is the defect need to be fixed true
235  [main] INFO  c.yenpractice.utilities.ConfigUtil -- This is the defect need to be fixed chrome
237  [main] INFO  com.yenpractice.reservationflight.BaseTest -- This is remote
1907 [main] INFO  c.yenpractice.utilities.ConfigUtil -- This is the defect need to be fixed https://d1uh9e7cu07ukd.cloudfront.net/selenium-docker/reservation-app/index.html
2943 [main] INFO  c.yenpractice.utilities.DataLoader -- Reading data from location: .//src/test/java/com/yenpractice/datamodel/data/customer_A.json
2965 [main] INFO  c.yenpractice.utilities.DataLoader -- Reading data from location: .//src/test/java/com/yenpractice/datamodel/data/flight_customer_A.json
2968 [main] INFO  com.yenpractice.reservationflight.BaseTest -- Verify navigate successfully
3116 [main] INFO  com.yenpractice.reservationflight.BaseTest -- Register Lily
4391 [main] INFO  com.yenpractice.reservationflight.BaseTest -- Verify register successfully
5647 [main] INFO  com.yenpractice.reservationflight.BaseTest -- Click flight search
5764 [main] INFO  com.yenpractice.reservationflight.BaseTest -- Verify at select flights
7582 [main] INFO  com.yenpractice.reservationflight.BaseTest -- Choose flight criteria and search
8291 [main] INFO  com.yenpractice.reservationflight.BaseTest -- Verify at search flights
9499 [main] INFO  com.yenpractice.reservationflight.BaseTest -- Choose departure and arrival
9781 [main] INFO  com.yenpractice.reservationflight.BaseTest -- Verify at flight confirmation
10402 [main] INFO  com.yenpractice.reservationflight.BaseTest -- Verify Tax
10459 [main] INFO  com.yenpractice.reservationflight.BaseTest -- Verify Total Price
10520 [main] INFO  com.yenpractice.reservationflight.BaseTest -- OS name = mac os x
10633 [main] INFO  com.yenpractice.reservationflight.BaseTest -- ---------- QUIT BROWSER SUCCESS ----------
198  [main] INFO  c.yenpractice.utilities.DataLoader -- Reading data from location: .//src/test/java/com/yenpractice/config/qa.properties
200  [main] ERROR c.yenpractice.utilities.ConfigUtil -- Unable to load the config file
200  [main] INFO  com.yenpractice.reservationflight.BaseTest -- Navigate to the reservation flight
203  [main] INFO  c.yenpractice.utilities.ConfigUtil -- This is current directory /Users/nguyenhaiyen/Desktop/selenium-docker/selenium-docker
206  [main] INFO  c.yenpractice.utilities.DataLoader -- Reading data from location: .//src/test/java/com/yenpractice/config/qa.properties
206  [main] INFO  com.yenpractice.reservationflight.BaseTest -- Navigate to the reservation flight
206  [main] INFO  c.yenpractice.utilities.ConfigUtil -- This is the defect need to be fixed true
206  [main] INFO  c.yenpractice.utilities.ConfigUtil -- This is the defect need to be fixed chrome
208  [main] INFO  com.yenpractice.reservationflight.BaseTest -- This is remote
953  [main] INFO  c.yenpractice.utilities.ConfigUtil -- This is the defect need to be fixed https://d1uh9e7cu07ukd.cloudfront.net/selenium-docker/reservation-app/index.html
1944 [main] INFO  c.yenpractice.utilities.DataLoader -- Reading data from location: .//src/test/java/com/yenpractice/datamodel/data/customer_A.json
1965 [main] INFO  c.yenpractice.utilities.DataLoader -- Reading data from location: .//src/test/java/com/yenpractice/datamodel/data/flight_customer_A.json
1967 [main] INFO  com.yenpractice.reservationflight.BaseTest -- Verify navigate successfully
2080 [main] INFO  com.yenpractice.reservationflight.BaseTest -- Register Lily
3133 [main] INFO  com.yenpractice.reservationflight.BaseTest -- Verify register successfully
3815 [main] INFO  com.yenpractice.reservationflight.BaseTest -- Click flight search
3897 [main] INFO  com.yenpractice.reservationflight.BaseTest -- Verify at select flights
5096 [main] INFO  com.yenpractice.reservationflight.BaseTest -- Choose flight criteria and search
5706 [main] INFO  com.yenpractice.reservationflight.BaseTest -- Verify at search flights
6886 [main] INFO  com.yenpractice.reservationflight.BaseTest -- Choose departure and arrival
7167 [main] INFO  com.yenpractice.reservationflight.BaseTest -- Verify at flight confirmation
8371 [main] INFO  com.yenpractice.reservationflight.BaseTest -- Verify Tax
8432 [main] INFO  com.yenpractice.reservationflight.BaseTest -- Verify Total Price
8484 [main] INFO  com.yenpractice.reservationflight.BaseTest -- OS name = mac os x
8599 [main] INFO  com.yenpractice.reservationflight.BaseTest -- ---------- QUIT BROWSER SUCCESS ----------
210  [main] INFO  c.yenpractice.utilities.DataLoader -- Reading data from location: .//src/test/java/com/yenpractice/config/qa.properties
212  [main] ERROR c.yenpractice.utilities.ConfigUtil -- Unable to load the config file
212  [main] INFO  com.yenpractice.reservationflight.BaseTest -- Navigate to the reservation flight
197  [main] INFO  c.yenpractice.utilities.DataLoader -- Reading data from location: .//src/test/java/com/yenpractice/config/qa.properties
199  [main] ERROR c.yenpractice.utilities.ConfigUtil -- Unable to load the config file
199  [main] INFO  com.yenpractice.reservationflight.BaseTest -- Navigate to the reservation flight
194  [main] INFO  c.yenpractice.utilities.DataLoader -- Reading data from location: .//src/test/java/com/yenpractice/config/qa.properties
196  [main] ERROR c.yenpractice.utilities.ConfigUtil -- Unable to load the config file
197  [main] INFO  com.yenpractice.reservationflight.BaseTest -- Navigate to the reservation flight
207  [main] INFO  c.yenpractice.utilities.DataLoader -- Reading data from location: .//src/test/java/com/yenpractice/config/qa.properties
209  [main] INFO  com.yenpractice.reservationflight.BaseTest -- Navigate to the reservation flight
214  [main] INFO  c.yenpractice.utilities.DataLoader -- Reading data from location: .//src/test/java/com/yenpractice/config/qa.properties
217  [main] INFO  com.yenpractice.reservationflight.BaseTest -- Navigate to the reservation flight
217  [main] INFO  c.yenpractice.utilities.ConfigUtil -- This is the defect need to be fixed true
217  [main] INFO  c.yenpractice.utilities.ConfigUtil -- This is the defect need to be fixed chrome
219  [main] INFO  com.yenpractice.reservationflight.BaseTest -- This is remote
1127 [main] INFO  c.yenpractice.utilities.ConfigUtil -- This is the defect need to be fixed https://d1uh9e7cu07ukd.cloudfront.net/selenium-docker/reservation-app/index.html
4659 [main] INFO  c.yenpractice.utilities.DataLoader -- Reading data from location: .//src/test/java/com/yenpractice/datamodel/data/customer_A.json
4681 [main] INFO  c.yenpractice.utilities.DataLoader -- Reading data from location: .//src/test/java/com/yenpractice/datamodel/data/flight_customer_A.json
4683 [main] INFO  com.yenpractice.reservationflight.BaseTest -- Verify navigate successfully
4799 [main] INFO  com.yenpractice.reservationflight.BaseTest -- Register Lily
5887 [main] INFO  com.yenpractice.reservationflight.BaseTest -- Verify register successfully
6579 [main] INFO  com.yenpractice.reservationflight.BaseTest -- Click flight search
6664 [main] INFO  com.yenpractice.reservationflight.BaseTest -- Verify at select flights
8417 [main] INFO  com.yenpractice.reservationflight.BaseTest -- Choose flight criteria and search
8963 [main] INFO  com.yenpractice.reservationflight.BaseTest -- Verify at search flights
9581 [main] INFO  com.yenpractice.reservationflight.BaseTest -- Choose departure and arrival
9885 [main] INFO  com.yenpractice.reservationflight.BaseTest -- Verify at flight confirmation
11055 [main] INFO  com.yenpractice.reservationflight.BaseTest -- Verify Tax
11109 [main] INFO  com.yenpractice.reservationflight.BaseTest -- Verify Total Price
11172 [main] INFO  com.yenpractice.reservationflight.BaseTest -- OS name = mac os x
11284 [main] INFO  com.yenpractice.reservationflight.BaseTest -- ---------- QUIT BROWSER SUCCESS ----------
199  [main] INFO  c.yenpractice.utilities.DataLoader -- Reading data from location: .//src/test/java/com/yenpractice/config/qa.properties
201  [main] INFO  com.yenpractice.reservationflight.BaseTest -- Navigate to the reservation flight
201  [main] INFO  c.yenpractice.utilities.ConfigUtil -- This is the defect need to be fixed true
202  [main] INFO  c.yenpractice.utilities.ConfigUtil -- This is the defect need to be fixed chrome
204  [main] INFO  com.yenpractice.reservationflight.BaseTest -- This is remote
979  [main] INFO  c.yenpractice.utilities.ConfigUtil -- This is the defect need to be fixed https://d1uh9e7cu07ukd.cloudfront.net/selenium-docker/reservation-app/index.html
1965 [main] INFO  c.yenpractice.utilities.DataLoader -- Reading data from location: .//src/test/java/com/yenpractice/datamodel/data/customer_A.json
1986 [main] INFO  c.yenpractice.utilities.DataLoader -- Reading data from location: .//src/test/java/com/yenpractice/datamodel/data/flight_customer_A.json
1988 [main] INFO  com.yenpractice.reservationflight.BaseTest -- Verify navigate successfully
2087 [main] INFO  com.yenpractice.reservationflight.BaseTest -- Register Lily
3210 [main] INFO  com.yenpractice.reservationflight.BaseTest -- Verify register successfully
4480 [main] INFO  com.yenpractice.reservationflight.BaseTest -- Click flight search
4566 [main] INFO  com.yenpractice.reservationflight.BaseTest -- Verify at select flights
6884 [main] INFO  com.yenpractice.reservationflight.BaseTest -- Choose flight criteria and search
7424 [main] INFO  com.yenpractice.reservationflight.BaseTest -- Verify at search flights
8041 [main] INFO  com.yenpractice.reservationflight.BaseTest -- Choose departure and arrival
8288 [main] INFO  com.yenpractice.reservationflight.BaseTest -- Verify at flight confirmation
10010 [main] INFO  com.yenpractice.reservationflight.BaseTest -- Verify Tax
10066 [main] INFO  com.yenpractice.reservationflight.BaseTest -- Verify Total Price
10121 [main] INFO  com.yenpractice.reservationflight.BaseTest -- OS name = mac os x
10225 [main] INFO  com.yenpractice.reservationflight.BaseTest -- ---------- QUIT BROWSER SUCCESS ----------
213  [main] INFO  c.yenpractice.utilities.DataLoader -- Reading data from location: .//src/test/java/com/yenpractice/config/qa.properties
216  [main] INFO  com.yenpractice.reservationflight.BaseTest -- Navigate to the reservation flight
216  [main] INFO  c.yenpractice.utilities.ConfigUtil -- This is the defect need to be fixed true
216  [main] INFO  c.yenpractice.utilities.ConfigUtil -- This is the defect need to be fixed chrome
218  [main] INFO  com.yenpractice.reservationflight.BaseTest -- This is remote
1104 [main] INFO  c.yenpractice.utilities.ConfigUtil -- This is the defect need to be fixed https://d1uh9e7cu07ukd.cloudfront.net/selenium-docker/reservation-app/index.html
2134 [main] INFO  c.yenpractice.utilities.DataLoader -- Reading data from location: .//src/test/java/com/yenpractice/datamodel/data/customer_A.json
2156 [main] INFO  c.yenpractice.utilities.DataLoader -- Reading data from location: .//src/test/java/com/yenpractice/datamodel/data/flight_customer_A.json
2158 [main] INFO  com.yenpractice.reservationflight.BaseTest -- Verify navigate successfully
2302 [main] INFO  com.yenpractice.reservationflight.BaseTest -- Register Lily
3297 [main] INFO  com.yenpractice.reservationflight.BaseTest -- Verify register successfully
5079 [main] INFO  com.yenpractice.reservationflight.BaseTest -- Click flight search
5153 [main] INFO  com.yenpractice.reservationflight.BaseTest -- Verify at select flights
5783 [main] INFO  com.yenpractice.reservationflight.BaseTest -- Choose flight criteria and search
6278 [main] INFO  com.yenpractice.reservationflight.BaseTest -- Verify at search flights
8722 [main] INFO  com.yenpractice.reservationflight.BaseTest -- Choose departure and arrival
9044 [main] INFO  com.yenpractice.reservationflight.BaseTest -- Verify at flight confirmation
10800 [main] INFO  com.yenpractice.reservationflight.BaseTest -- Verify Tax
10868 [main] INFO  com.yenpractice.reservationflight.BaseTest -- Verify Total Price
10930 [main] INFO  com.yenpractice.reservationflight.BaseTest -- OS name = mac os x
11044 [main] INFO  com.yenpractice.reservationflight.BaseTest -- ---------- QUIT BROWSER SUCCESS ----------
194  [main] INFO  c.yenpractice.utilities.DataLoader -- Reading data from location: .//src/test/java/com/yenpractice/config/qa.properties
196  [main] INFO  c.yenpractice.utilities.ConfigUtil -- Browser properties firefox{}
196  [main] INFO  com.yenpractice.reservationflight.BaseTest -- Navigate to the reservation flight
196  [main] INFO  c.yenpractice.utilities.ConfigUtil -- This is the defect need to be fixed true
196  [main] INFO  c.yenpractice.utilities.ConfigUtil -- This is the defect need to be fixed chrome
199  [main] INFO  com.yenpractice.reservationflight.BaseTest -- This is remote
991  [main] INFO  c.yenpractice.utilities.ConfigUtil -- This is the defect need to be fixed https://d1uh9e7cu07ukd.cloudfront.net/selenium-docker/reservation-app/index.html
1904 [main] INFO  c.yenpractice.utilities.DataLoader -- Reading data from location: .//src/test/java/com/yenpractice/datamodel/data/customer_A.json
1926 [main] INFO  c.yenpractice.utilities.DataLoader -- Reading data from location: .//src/test/java/com/yenpractice/datamodel/data/flight_customer_A.json
1928 [main] INFO  com.yenpractice.reservationflight.BaseTest -- Verify navigate successfully
2033 [main] INFO  com.yenpractice.reservationflight.BaseTest -- Register Lily
3097 [main] INFO  com.yenpractice.reservationflight.BaseTest -- Verify register successfully
3785 [main] INFO  com.yenpractice.reservationflight.BaseTest -- Click flight search
3882 [main] INFO  com.yenpractice.reservationflight.BaseTest -- Verify at select flights
6186 [main] INFO  com.yenpractice.reservationflight.BaseTest -- Choose flight criteria and search
6739 [main] INFO  com.yenpractice.reservationflight.BaseTest -- Verify at search flights
8507 [main] INFO  com.yenpractice.reservationflight.BaseTest -- Choose departure and arrival
8781 [main] INFO  com.yenpractice.reservationflight.BaseTest -- Verify at flight confirmation
9401 [main] INFO  com.yenpractice.reservationflight.BaseTest -- Verify Tax
9459 [main] INFO  com.yenpractice.reservationflight.BaseTest -- Verify Total Price
9508 [main] INFO  com.yenpractice.reservationflight.BaseTest -- OS name = mac os x
9606 [main] INFO  com.yenpractice.reservationflight.BaseTest -- ---------- QUIT BROWSER SUCCESS ----------
302  [main] INFO  c.yenpractice.utilities.DataLoader -- Reading data from location: .//src/test/java/com/yenpractice/config/qa.properties
305  [main] INFO  c.yenpractice.utilities.ConfigUtil -- Browser properties firefox{}
305  [main] INFO  c.yenpractice.utilities.ConfigUtil -- Change properties browserfirefox
305  [main] INFO  com.yenpractice.reservationflight.BaseTest -- Navigate to the reservation flight
305  [main] INFO  c.yenpractice.utilities.ConfigUtil -- This is the defect need to be fixed true
305  [main] INFO  c.yenpractice.utilities.ConfigUtil -- This is the defect need to be fixed firefox
310  [main] INFO  com.yenpractice.reservationflight.BaseTest -- This is remote
3961 [main] INFO  c.yenpractice.utilities.ConfigUtil -- This is the defect need to be fixed https://d1uh9e7cu07ukd.cloudfront.net/selenium-docker/reservation-app/index.html
5046 [main] INFO  c.yenpractice.utilities.DataLoader -- Reading data from location: .//src/test/java/com/yenpractice/datamodel/data/customer_A.json
5073 [main] INFO  c.yenpractice.utilities.DataLoader -- Reading data from location: .//src/test/java/com/yenpractice/datamodel/data/flight_customer_A.json
5076 [main] INFO  com.yenpractice.reservationflight.BaseTest -- Verify navigate successfully
5200 [main] INFO  com.yenpractice.reservationflight.BaseTest -- Register Lily
6445 [main] INFO  com.yenpractice.reservationflight.BaseTest -- Verify register successfully
7131 [main] INFO  com.yenpractice.reservationflight.BaseTest -- Click flight search
7208 [main] INFO  com.yenpractice.reservationflight.BaseTest -- Verify at select flights
8381 [main] INFO  com.yenpractice.reservationflight.BaseTest -- Choose flight criteria and search
9787 [main] INFO  com.yenpractice.reservationflight.BaseTest -- Verify at search flights
10986 [main] INFO  com.yenpractice.reservationflight.BaseTest -- Choose departure and arrival
11845 [main] INFO  com.yenpractice.reservationflight.BaseTest -- Verify at flight confirmation
13022 [main] INFO  com.yenpractice.reservationflight.BaseTest -- Verify Tax
13058 [main] INFO  com.yenpractice.reservationflight.BaseTest -- Verify Total Price
13105 [main] INFO  com.yenpractice.reservationflight.BaseTest -- OS name = mac os x
13717 [main] INFO  com.yenpractice.reservationflight.BaseTest -- ---------- QUIT BROWSER SUCCESS ----------
192  [main] INFO  c.yenpractice.utilities.DataLoader -- Reading data from location: .//src/test/java/com/yenpractice/config/qa.properties
212  [main] INFO  com.yenpractice.reservationflight.BaseTest -- Navigate to the reservation flight
212  [main] INFO  c.yenpractice.utilities.ConfigUtil -- This is the defect need to be fixed true
212  [main] INFO  c.yenpractice.utilities.ConfigUtil -- This is the defect need to be fixed firefox
215  [main] INFO  com.yenpractice.reservationflight.BaseTest -- This is remote
2741 [main] INFO  c.yenpractice.utilities.ConfigUtil -- This is the defect need to be fixed https://d1uh9e7cu07ukd.cloudfront.net/selenium-docker/reservation-app/index.html
3865 [main] INFO  c.yenpractice.utilities.DataLoader -- Reading data from location: .//src/test/java/com/yenpractice/datamodel/data/customer_A.json
3891 [main] INFO  c.yenpractice.utilities.DataLoader -- Reading data from location: .//src/test/java/com/yenpractice/datamodel/data/flight_customer_A.json
3893 [main] INFO  com.yenpractice.reservationflight.BaseTest -- Verify navigate successfully
3972 [main] INFO  com.yenpractice.reservationflight.BaseTest -- Register Lily
5092 [main] INFO  com.yenpractice.reservationflight.BaseTest -- Verify register successfully
6979 [main] INFO  com.yenpractice.reservationflight.BaseTest -- Click flight search
7064 [main] INFO  com.yenpractice.reservationflight.BaseTest -- Verify at select flights
7678 [main] INFO  com.yenpractice.reservationflight.BaseTest -- Choose flight criteria and search
9271 [main] INFO  com.yenpractice.reservationflight.BaseTest -- Verify at search flights
10553 [main] INFO  com.yenpractice.reservationflight.BaseTest -- Choose departure and arrival
11438 [main] INFO  com.yenpractice.reservationflight.BaseTest -- Verify at flight confirmation
12073 [main] INFO  com.yenpractice.reservationflight.BaseTest -- Verify Tax
12121 [main] INFO  com.yenpractice.reservationflight.BaseTest -- Verify Total Price
12165 [main] INFO  com.yenpractice.reservationflight.BaseTest -- OS name = mac os x
12729 [main] INFO  com.yenpractice.reservationflight.BaseTest -- ---------- QUIT BROWSER SUCCESS ----------
231  [TestNG-tests-1] INFO  c.yenpractice.utilities.DataLoader -- Reading data from location: .//src/test/java/com/yenpractice/config/dev.properties
234  [TestNG-tests-1] INFO  com.yenpractice.reservationflight.BaseTest -- Navigate to the reservation flight
234  [TestNG-tests-1] INFO  c.yenpractice.utilities.ConfigUtil -- This is the defect need to be fixed false
234  [TestNG-tests-1] INFO  com.yenpractice.reservationflight.BaseTest -- This is local
2429 [TestNG-tests-1] INFO  c.yenpractice.utilities.ConfigUtil -- This is the defect need to be fixed null
7531 [TestNG-tests-1] INFO  c.yenpractice.utilities.DataLoader -- Reading data from location: .//src/test/java/com/yenpractice/config/dev.properties
7532 [TestNG-tests-1] INFO  com.yenpractice.reservationflight.BaseTest -- Navigate to the reservation flight
7532 [TestNG-tests-1] INFO  c.yenpractice.utilities.ConfigUtil -- This is the defect need to be fixed false
7532 [TestNG-tests-1] INFO  com.yenpractice.reservationflight.BaseTest -- This is local
42357 [TestNG-tests-1] INFO  c.yenpractice.utilities.ConfigUtil -- This is the defect need to be fixed null
308  [TestNG-tests-1] INFO  c.yenpractice.utilities.DataLoader -- Reading data from location: .//src/test/java/com/yenpractice/config/qa.properties
313  [TestNG-tests-1] INFO  com.yenpractice.reservationflight.BaseTest -- Navigate to the reservation flight
313  [TestNG-tests-1] INFO  c.yenpractice.utilities.ConfigUtil -- This is the defect need to be fixed true
315  [TestNG-tests-1] INFO  com.yenpractice.reservationflight.BaseTest -- This is remote
1459 [TestNG-tests-1] INFO  c.yenpractice.utilities.ConfigUtil -- This is the defect need to be fixed https://d1uh9e7cu07ukd.cloudfront.net/selenium-docker/reservation-app/index.html
2613 [TestNG-tests-1] INFO  c.yenpractice.utilities.DataLoader -- Reading data from location: .//src/test/java/com/yenpractice/datamodel/data/customer_A.json
2635 [TestNG-tests-1] INFO  c.yenpractice.utilities.DataLoader -- Reading data from location: .//src/test/java/com/yenpractice/datamodel/data/flight_customer_A.json
2639 [TestNG-tests-1] INFO  com.yenpractice.reservationflight.BaseTest -- Verify navigate successfully
2721 [TestNG-tests-1] INFO  com.yenpractice.reservationflight.BaseTest -- Register Lily
3737 [TestNG-tests-1] INFO  com.yenpractice.reservationflight.BaseTest -- Verify register successfully
5519 [TestNG-tests-1] INFO  com.yenpractice.reservationflight.BaseTest -- Click flight search
5605 [TestNG-tests-1] INFO  com.yenpractice.reservationflight.BaseTest -- Verify at select flights
7905 [TestNG-tests-1] INFO  com.yenpractice.reservationflight.BaseTest -- Choose flight criteria and search
8429 [TestNG-tests-1] INFO  com.yenpractice.reservationflight.BaseTest -- Verify at search flights
10183 [TestNG-tests-1] INFO  com.yenpractice.reservationflight.BaseTest -- Choose departure and arrival
10446 [TestNG-tests-1] INFO  com.yenpractice.reservationflight.BaseTest -- Verify at flight confirmation
11644 [TestNG-tests-1] INFO  com.yenpractice.reservationflight.BaseTest -- Verify Tax
11697 [TestNG-tests-1] INFO  com.yenpractice.reservationflight.BaseTest -- Verify Total Price
11756 [TestNG-tests-1] INFO  com.yenpractice.reservationflight.BaseTest -- OS name = mac os x
11875 [TestNG-tests-1] INFO  com.yenpractice.reservationflight.BaseTest -- ---------- QUIT BROWSER SUCCESS ----------
16937 [TestNG-tests-1] INFO  c.yenpractice.utilities.DataLoader -- Reading data from location: .//src/test/java/com/yenpractice/config/qa.properties
16938 [TestNG-tests-1] INFO  com.yenpractice.reservationflight.BaseTest -- Navigate to the reservation flight
16938 [TestNG-tests-1] INFO  c.yenpractice.utilities.ConfigUtil -- This is the defect need to be fixed true
16940 [TestNG-tests-1] INFO  com.yenpractice.reservationflight.BaseTest -- This is remote
18496 [TestNG-tests-1] INFO  c.yenpractice.utilities.ConfigUtil -- This is the defect need to be fixed https://d1uh9e7cu07ukd.cloudfront.net/selenium-docker/reservation-app/index.html
19480 [TestNG-tests-1] INFO  c.yenpractice.utilities.DataLoader -- Reading data from location: .//src/test/java/com/yenpractice/datamodel/data/customer_A.json
19482 [TestNG-tests-1] INFO  c.yenpractice.utilities.DataLoader -- Reading data from location: .//src/test/java/com/yenpractice/datamodel/data/flight_customer_A.json
19483 [TestNG-tests-1] INFO  com.yenpractice.reservationflight.BaseTest -- Verify navigate successfully
19629 [TestNG-tests-1] INFO  com.yenpractice.reservationflight.BaseTest -- Register Lily
20732 [TestNG-tests-1] INFO  com.yenpractice.reservationflight.BaseTest -- Verify register successfully
22531 [TestNG-tests-1] INFO  com.yenpractice.reservationflight.BaseTest -- Click flight search
22604 [TestNG-tests-1] INFO  com.yenpractice.reservationflight.BaseTest -- Verify at select flights
24333 [TestNG-tests-1] INFO  com.yenpractice.reservationflight.BaseTest -- Choose flight criteria and search
25622 [TestNG-tests-1] INFO  com.yenpractice.reservationflight.BaseTest -- Verify at search flights
27900 [TestNG-tests-1] INFO  com.yenpractice.reservationflight.BaseTest -- Choose departure and arrival
28784 [TestNG-tests-1] INFO  com.yenpractice.reservationflight.BaseTest -- Verify at flight confirmation
30556 [TestNG-tests-1] INFO  com.yenpractice.reservationflight.BaseTest -- Verify Tax
30603 [TestNG-tests-1] INFO  com.yenpractice.reservationflight.BaseTest -- Verify Total Price
30652 [TestNG-tests-1] INFO  com.yenpractice.reservationflight.BaseTest -- OS name = mac os x
31257 [TestNG-tests-1] INFO  com.yenpractice.reservationflight.BaseTest -- ---------- QUIT BROWSER SUCCESS ----------
210  [TestNG-tests-1] INFO  c.yenpractice.utilities.DataLoader -- Reading data from location: .//src/test/java/com/yenpractice/config/dev.properties
213  [TestNG-tests-1] INFO  com.yenpractice.reservationflight.BaseTest -- Navigate to the reservation flight
213  [TestNG-tests-1] INFO  c.yenpractice.utilities.ConfigUtil -- This is the defect need to be fixed false
213  [TestNG-tests-1] INFO  com.yenpractice.reservationflight.BaseTest -- This is local
1891 [TestNG-tests-1] INFO  c.yenpractice.utilities.ConfigUtil -- This is the defect need to be fixed https://d1uh9e7cu07ukd.cloudfront.net/selenium-docker/reservation-app/index.html
3392 [TestNG-tests-1] INFO  c.yenpractice.utilities.DataLoader -- Reading data from location: .//src/test/java/com/yenpractice/datamodel/data/customer_A.json
3415 [TestNG-tests-1] INFO  c.yenpractice.utilities.DataLoader -- Reading data from location: .//src/test/java/com/yenpractice/datamodel/data/flight_customer_A.json
3418 [TestNG-tests-1] INFO  com.yenpractice.reservationflight.BaseTest -- Verify navigate successfully
3457 [TestNG-tests-1] INFO  com.yenpractice.reservationflight.BaseTest -- Register Lily
3995 [TestNG-tests-1] INFO  com.yenpractice.reservationflight.BaseTest -- Verify register successfully
5100 [TestNG-tests-1] INFO  com.yenpractice.reservationflight.BaseTest -- Click flight search
5164 [TestNG-tests-1] INFO  com.yenpractice.reservationflight.BaseTest -- Verify at select flights
5729 [TestNG-tests-1] INFO  com.yenpractice.reservationflight.BaseTest -- Choose flight criteria and search
5936 [TestNG-tests-1] INFO  com.yenpractice.reservationflight.BaseTest -- Verify at search flights
7539 [TestNG-tests-1] INFO  com.yenpractice.reservationflight.BaseTest -- Choose departure and arrival
7653 [TestNG-tests-1] INFO  com.yenpractice.reservationflight.BaseTest -- Verify at flight confirmation
9251 [TestNG-tests-1] INFO  com.yenpractice.reservationflight.BaseTest -- Verify Tax
9283 [TestNG-tests-1] INFO  com.yenpractice.reservationflight.BaseTest -- Verify Total Price
9305 [TestNG-tests-1] INFO  com.yenpractice.reservationflight.BaseTest -- OS name = mac os x
9403 [TestNG-tests-1] INFO  com.yenpractice.reservationflight.BaseTest -- ---------- QUIT BROWSER SUCCESS ----------
14441 [TestNG-tests-1] INFO  c.yenpractice.utilities.DataLoader -- Reading data from location: .//src/test/java/com/yenpractice/config/dev.properties
14442 [TestNG-tests-1] INFO  com.yenpractice.reservationflight.BaseTest -- Navigate to the reservation flight
14442 [TestNG-tests-1] INFO  c.yenpractice.utilities.ConfigUtil -- This is the defect need to be fixed false
14442 [TestNG-tests-1] INFO  com.yenpractice.reservationflight.BaseTest -- This is local
16479 [TestNG-tests-1] INFO  c.yenpractice.utilities.ConfigUtil -- This is the defect need to be fixed https://d1uh9e7cu07ukd.cloudfront.net/selenium-docker/reservation-app/index.html
18047 [TestNG-tests-1] INFO  c.yenpractice.utilities.DataLoader -- Reading data from location: .//src/test/java/com/yenpractice/datamodel/data/customer_A.json
18049 [TestNG-tests-1] INFO  c.yenpractice.utilities.DataLoader -- Reading data from location: .//src/test/java/com/yenpractice/datamodel/data/flight_customer_A.json
18049 [TestNG-tests-1] INFO  com.yenpractice.reservationflight.BaseTest -- Verify navigate successfully
18086 [TestNG-tests-1] INFO  com.yenpractice.reservationflight.BaseTest -- Register Lily
18888 [TestNG-tests-1] INFO  com.yenpractice.reservationflight.BaseTest -- Verify register successfully
21024 [TestNG-tests-1] INFO  com.yenpractice.reservationflight.BaseTest -- Click flight search
21046 [TestNG-tests-1] INFO  com.yenpractice.reservationflight.BaseTest -- Verify at select flights
23155 [TestNG-tests-1] INFO  com.yenpractice.reservationflight.BaseTest -- OS name = mac os x
23702 [TestNG-tests-1] INFO  com.yenpractice.reservationflight.BaseTest -- ---------- QUIT BROWSER SUCCESS ----------
223  [TestNG-tests-1] INFO  c.yenpractice.utilities.DataLoader -- Reading data from location: .//src/test/java/com/yenpractice/config/dev.properties
225  [TestNG-tests-1] INFO  com.yenpractice.reservationflight.BaseTest -- Navigate to the reservation flight
225  [TestNG-tests-1] INFO  c.yenpractice.utilities.ConfigUtil -- This is the defect need to be fixed false
226  [TestNG-tests-1] INFO  com.yenpractice.reservationflight.BaseTest -- This is local
1792 [TestNG-tests-1] INFO  c.yenpractice.utilities.ConfigUtil -- This is the defect need to be fixed https://d1uh9e7cu07ukd.cloudfront.net/selenium-docker/reservation-app/index.html
3163 [TestNG-tests-1] INFO  c.yenpractice.utilities.DataLoader -- Reading data from location: .//src/test/java/com/yenpractice/datamodel/data/customer_A.json
3189 [TestNG-tests-1] INFO  c.yenpractice.utilities.DataLoader -- Reading data from location: .//src/test/java/com/yenpractice/datamodel/data/flight_customer_A.json
3194 [TestNG-tests-1] INFO  com.yenpractice.reservationflight.BaseTest -- Verify navigate successfully
3245 [TestNG-tests-1] INFO  com.yenpractice.reservationflight.BaseTest -- Register Lily
3760 [TestNG-tests-1] INFO  com.yenpractice.reservationflight.BaseTest -- Verify register successfully
4328 [TestNG-tests-1] INFO  com.yenpractice.reservationflight.BaseTest -- Click flight search
4419 [TestNG-tests-1] INFO  com.yenpractice.reservationflight.BaseTest -- Verify at select flights
4989 [TestNG-tests-1] INFO  com.yenpractice.reservationflight.BaseTest -- Choose flight criteria and search
5197 [TestNG-tests-1] INFO  com.yenpractice.reservationflight.BaseTest -- Verify at search flights
6791 [TestNG-tests-1] INFO  com.yenpractice.reservationflight.BaseTest -- Choose departure and arrival
6899 [TestNG-tests-1] INFO  com.yenpractice.reservationflight.BaseTest -- Verify at flight confirmation
7457 [TestNG-tests-1] INFO  com.yenpractice.reservationflight.BaseTest -- Verify Tax
7493 [TestNG-tests-1] INFO  com.yenpractice.reservationflight.BaseTest -- Verify Total Price
7519 [TestNG-tests-1] INFO  com.yenpractice.reservationflight.BaseTest -- OS name = mac os x
7624 [TestNG-tests-1] INFO  com.yenpractice.reservationflight.BaseTest -- ---------- QUIT BROWSER SUCCESS ----------
12663 [TestNG-tests-1] INFO  c.yenpractice.utilities.DataLoader -- Reading data from location: .//src/test/java/com/yenpractice/config/dev.properties
12664 [TestNG-tests-1] INFO  com.yenpractice.reservationflight.BaseTest -- Navigate to the reservation flight
12664 [TestNG-tests-1] INFO  c.yenpractice.utilities.ConfigUtil -- This is the defect need to be fixed false
12664 [TestNG-tests-1] INFO  com.yenpractice.reservationflight.BaseTest -- This is local
13493 [TestNG-tests-1] INFO  c.yenpractice.utilities.ConfigUtil -- This is the defect need to be fixed https://d1uh9e7cu07ukd.cloudfront.net/selenium-docker/reservation-app/index.html
15018 [TestNG-tests-1] INFO  c.yenpractice.utilities.DataLoader -- Reading data from location: .//src/test/java/com/yenpractice/datamodel/data/customer_A.json
15028 [TestNG-tests-1] INFO  c.yenpractice.utilities.DataLoader -- Reading data from location: .//src/test/java/com/yenpractice/datamodel/data/flight_customer_A.json
15028 [TestNG-tests-1] INFO  com.yenpractice.reservationflight.BaseTest -- Verify navigate successfully
15060 [TestNG-tests-1] INFO  com.yenpractice.reservationflight.BaseTest -- Register Lily
15559 [TestNG-tests-1] INFO  com.yenpractice.reservationflight.BaseTest -- Verify register successfully
16119 [TestNG-tests-1] INFO  com.yenpractice.reservationflight.BaseTest -- Click flight search
16182 [TestNG-tests-1] INFO  com.yenpractice.reservationflight.BaseTest -- Verify at select flights
18345 [TestNG-tests-1] INFO  com.yenpractice.reservationflight.BaseTest -- Choose flight criteria and search
18545 [TestNG-tests-1] INFO  com.yenpractice.reservationflight.BaseTest -- Verify at search flights
20149 [TestNG-tests-1] INFO  com.yenpractice.reservationflight.BaseTest -- Choose departure and arrival
20258 [TestNG-tests-1] INFO  com.yenpractice.reservationflight.BaseTest -- Verify at flight confirmation
22395 [TestNG-tests-1] INFO  com.yenpractice.reservationflight.BaseTest -- Verify Tax
22425 [TestNG-tests-1] INFO  com.yenpractice.reservationflight.BaseTest -- Verify Total Price
22445 [TestNG-tests-1] INFO  com.yenpractice.reservationflight.BaseTest -- OS name = mac os x
22540 [TestNG-tests-1] INFO  com.yenpractice.reservationflight.BaseTest -- ---------- QUIT BROWSER SUCCESS ----------
204  [main] INFO  c.yenpractice.utilities.DataLoader -- Reading data from location: .//src/test/java/com/yenpractice/config/dev.properties
207  [main] INFO  com.yenpractice.reservationflight.BaseTest -- Navigate to the reservation flight
207  [main] INFO  c.yenpractice.utilities.ConfigUtil -- This is the defect need to be fixed false
207  [main] INFO  com.yenpractice.reservationflight.BaseTest -- This is local
1536 [main] INFO  c.yenpractice.utilities.ConfigUtil -- This is the defect need to be fixed https://d1uh9e7cu07ukd.cloudfront.net/selenium-docker/reservation-app/index.html
2717 [main] INFO  c.yenpractice.utilities.DataLoader -- Reading data from location: .//src/test/java/com/yenpractice/datamodel/data/customer_A.json
2742 [main] INFO  c.yenpractice.utilities.DataLoader -- Reading data from location: .//src/test/java/com/yenpractice/datamodel/data/flight_customer_A.json
2744 [main] INFO  com.yenpractice.reservationflight.BaseTest -- Verify navigate successfully
2784 [main] INFO  com.yenpractice.reservationflight.BaseTest -- Register Lily
3284 [main] INFO  com.yenpractice.reservationflight.BaseTest -- Verify register successfully
4396 [main] INFO  com.yenpractice.reservationflight.BaseTest -- Click flight search
4452 [main] INFO  com.yenpractice.reservationflight.BaseTest -- Verify at select flights
5546 [main] INFO  com.yenpractice.reservationflight.BaseTest -- Choose flight criteria and search
5757 [main] INFO  com.yenpractice.reservationflight.BaseTest -- Verify at search flights
7903 [main] INFO  com.yenpractice.reservationflight.BaseTest -- Choose departure and arrival
8018 [main] INFO  com.yenpractice.reservationflight.BaseTest -- Verify at flight confirmation
9105 [main] INFO  com.yenpractice.reservationflight.BaseTest -- Verify Tax
9138 [main] INFO  com.yenpractice.reservationflight.BaseTest -- Verify Total Price
9160 [main] INFO  com.yenpractice.reservationflight.BaseTest -- OS name = mac os x
9254 [main] INFO  com.yenpractice.reservationflight.BaseTest -- ---------- QUIT BROWSER SUCCESS ----------
204  [main] INFO  c.yenpractice.utilities.DataLoader -- Reading data from location: .//src/test/java/com/yenpractice/config/dev.properties
206  [main] INFO  com.yenpractice.reservationflight.BaseTest -- Navigate to the reservation flight
207  [main] INFO  c.yenpractice.utilities.ConfigUtil -- This is the defect need to be fixed false
207  [main] INFO  com.yenpractice.reservationflight.BaseTest -- This is local
1485 [main] INFO  c.yenpractice.utilities.ConfigUtil -- This is the defect need to be fixed https://d1uh9e7cu07ukd.cloudfront.net/selenium-docker/reservation-app/index.html
2669 [main] INFO  c.yenpractice.utilities.DataLoader -- Reading data from location: .//src/test/java/com/yenpractice/datamodel/data/customer_A.json
2689 [main] INFO  c.yenpractice.utilities.DataLoader -- Reading data from location: .//src/test/java/com/yenpractice/datamodel/data/flight_customer_A.json
2691 [main] INFO  com.yenpractice.reservationflight.BaseTest -- Verify navigate successfully
2727 [main] INFO  com.yenpractice.reservationflight.BaseTest -- Register Lily
3292 [main] INFO  com.yenpractice.reservationflight.BaseTest -- Verify register successfully
4407 [main] INFO  com.yenpractice.reservationflight.BaseTest -- Click flight search
4464 [main] INFO  com.yenpractice.reservationflight.BaseTest -- Verify at select flights
6621 [main] INFO  com.yenpractice.reservationflight.BaseTest -- Choose flight criteria and search
6828 [main] INFO  com.yenpractice.reservationflight.BaseTest -- Verify at search flights
8438 [main] INFO  com.yenpractice.reservationflight.BaseTest -- Choose departure and arrival
8553 [main] INFO  com.yenpractice.reservationflight.BaseTest -- Verify at flight confirmation
10703 [main] INFO  com.yenpractice.reservationflight.BaseTest -- Verify Tax
10735 [main] INFO  com.yenpractice.reservationflight.BaseTest -- Verify Total Price
10759 [main] INFO  c.yenpractice.utilities.DataLoader -- Reading data from location: .//src/test/java/com/yenpractice/datamodel/data/customer_A.json
10760 [main] INFO  c.yenpractice.utilities.DataLoader -- Reading data from location: .//src/test/java/com/yenpractice/datamodel/data/flight_customer_A.json
10760 [main] INFO  com.yenpractice.reservationflight.BaseTest -- Verify navigate successfully
12872 [main] INFO  com.yenpractice.reservationflight.BaseTest -- OS name = mac os x
12970 [main] INFO  com.yenpractice.reservationflight.BaseTest -- ---------- QUIT BROWSER SUCCESS ----------
211  [main] INFO  c.yenpractice.utilities.DataLoader -- Reading data from location: .//src/test/java/com/yenpractice/config/dev.properties
214  [main] INFO  com.yenpractice.reservationflight.BaseTest -- Navigate to the reservation flight
214  [main] INFO  c.yenpractice.utilities.ConfigUtil -- This is the defect need to be fixed false
214  [main] INFO  com.yenpractice.reservationflight.BaseTest -- This is local
1526 [main] INFO  c.yenpractice.utilities.ConfigUtil -- This is the defect need to be fixed https://d1uh9e7cu07ukd.cloudfront.net/selenium-docker/reservation-app/index.html
2727 [main] INFO  c.yenpractice.utilities.DataLoader -- Reading data from location: .//src/test/java/com/yenpractice/datamodel/data/customer_A.json
2751 [main] INFO  c.yenpractice.utilities.DataLoader -- Reading data from location: .//src/test/java/com/yenpractice/datamodel/data/flight_customer_A.json
2753 [main] INFO  com.yenpractice.reservationflight.BaseTest -- Verify navigate successfully
2795 [main] INFO  com.yenpractice.reservationflight.BaseTest -- Register Lily
3303 [main] INFO  com.yenpractice.reservationflight.BaseTest -- Verify register successfully
5479 [main] INFO  com.yenpractice.reservationflight.BaseTest -- Click flight search
5550 [main] INFO  com.yenpractice.reservationflight.BaseTest -- Verify at select flights
6645 [main] INFO  com.yenpractice.reservationflight.BaseTest -- Choose flight criteria and search
6857 [main] INFO  com.yenpractice.reservationflight.BaseTest -- Verify at search flights
7944 [main] INFO  com.yenpractice.reservationflight.BaseTest -- Choose departure and arrival
8059 [main] INFO  com.yenpractice.reservationflight.BaseTest -- Verify at flight confirmation
9677 [main] INFO  com.yenpractice.reservationflight.BaseTest -- Verify Tax
9705 [main] INFO  com.yenpractice.reservationflight.BaseTest -- Verify Total Price
9728 [main] INFO  com.yenpractice.reservationflight.BaseTest -- OS name = mac os x
9829 [main] INFO  com.yenpractice.reservationflight.BaseTest -- ---------- QUIT BROWSER SUCCESS ----------
9830 [main] INFO  c.yenpractice.utilities.DataLoader -- Reading data from location: .//src/test/java/com/yenpractice/config/dev.properties
9831 [main] INFO  com.yenpractice.reservationflight.BaseTest -- Navigate to the reservation flight
9831 [main] INFO  c.yenpractice.utilities.ConfigUtil -- This is the defect need to be fixed false
9831 [main] INFO  com.yenpractice.reservationflight.BaseTest -- This is local
10632 [main] INFO  c.yenpractice.utilities.ConfigUtil -- This is the defect need to be fixed https://d1uh9e7cu07ukd.cloudfront.net/selenium-docker/reservation-app/index.html
11863 [main] INFO  c.yenpractice.utilities.DataLoader -- Reading data from location: .//src/test/java/com/yenpractice/datamodel/data/customer_A.json
11866 [main] INFO  c.yenpractice.utilities.DataLoader -- Reading data from location: .//src/test/java/com/yenpractice/datamodel/data/flight_customer_A.json
11867 [main] INFO  com.yenpractice.reservationflight.BaseTest -- Verify navigate successfully
11895 [main] INFO  com.yenpractice.reservationflight.BaseTest -- Register Lily
12363 [main] INFO  com.yenpractice.reservationflight.BaseTest -- Verify register successfully
14002 [main] INFO  com.yenpractice.reservationflight.BaseTest -- Click flight search
14060 [main] INFO  com.yenpractice.reservationflight.BaseTest -- Verify at select flights
15156 [main] INFO  com.yenpractice.reservationflight.BaseTest -- Choose flight criteria and search
15365 [main] INFO  com.yenpractice.reservationflight.BaseTest -- Verify at search flights
16978 [main] INFO  com.yenpractice.reservationflight.BaseTest -- Choose departure and arrival
17090 [main] INFO  com.yenpractice.reservationflight.BaseTest -- Verify at flight confirmation
17648 [main] INFO  com.yenpractice.reservationflight.BaseTest -- Verify Tax
17679 [main] INFO  com.yenpractice.reservationflight.BaseTest -- Verify Total Price
17699 [main] INFO  com.yenpractice.reservationflight.BaseTest -- OS name = mac os x
17791 [main] INFO  com.yenpractice.reservationflight.BaseTest -- ---------- QUIT BROWSER SUCCESS ----------
202  [TestNG-tests-1] INFO  c.yenpractice.utilities.DataLoader -- Reading data from location: .//src/test/java/com/yenpractice/config/dev.properties
205  [TestNG-tests-1] INFO  com.yenpractice.reservationflight.BaseTest -- Navigate to the reservation flight
205  [TestNG-tests-1] INFO  c.yenpractice.utilities.ConfigUtil -- This is the defect need to be fixed false
205  [TestNG-tests-1] INFO  com.yenpractice.reservationflight.BaseTest -- This is local
1578 [TestNG-tests-1] INFO  c.yenpractice.utilities.ConfigUtil -- This is the defect need to be fixed https://d1uh9e7cu07ukd.cloudfront.net/selenium-docker/reservation-app/index.html
2769 [TestNG-tests-1] INFO  c.yenpractice.utilities.DataLoader -- Reading data from location: .//src/test/java/com/yenpractice/datamodel/data/customer_A.json
2794 [TestNG-tests-1] INFO  c.yenpractice.utilities.DataLoader -- Reading data from location: .//src/test/java/com/yenpractice/datamodel/data/flight_customer_A.json
2797 [TestNG-tests-1] INFO  com.yenpractice.reservationflight.BaseTest -- Verify navigate successfully
2833 [TestNG-tests-1] INFO  com.yenpractice.reservationflight.BaseTest -- Register Lily
3351 [TestNG-tests-1] INFO  com.yenpractice.reservationflight.BaseTest -- Verify register successfully
3912 [TestNG-tests-1] INFO  com.yenpractice.reservationflight.BaseTest -- Click flight search
4002 [TestNG-tests-1] INFO  com.yenpractice.reservationflight.BaseTest -- Verify at select flights
4588 [TestNG-tests-1] INFO  com.yenpractice.reservationflight.BaseTest -- Choose flight criteria and search
4804 [TestNG-tests-1] INFO  com.yenpractice.reservationflight.BaseTest -- Verify at search flights
6942 [TestNG-tests-1] INFO  com.yenpractice.reservationflight.BaseTest -- Choose departure and arrival
7056 [TestNG-tests-1] INFO  com.yenpractice.reservationflight.BaseTest -- Verify at flight confirmation
8142 [TestNG-tests-1] INFO  com.yenpractice.reservationflight.BaseTest -- Verify Tax
8174 [TestNG-tests-1] INFO  com.yenpractice.reservationflight.BaseTest -- Verify Total Price
8199 [TestNG-tests-1] INFO  com.yenpractice.reservationflight.BaseTest -- OS name = mac os x
8299 [TestNG-tests-1] INFO  com.yenpractice.reservationflight.BaseTest -- ---------- QUIT BROWSER SUCCESS ----------
8300 [TestNG-tests-1] INFO  c.yenpractice.utilities.DataLoader -- Reading data from location: .//src/test/java/com/yenpractice/config/dev.properties
8300 [TestNG-tests-1] INFO  com.yenpractice.reservationflight.BaseTest -- Navigate to the reservation flight
8300 [TestNG-tests-1] INFO  c.yenpractice.utilities.ConfigUtil -- This is the defect need to be fixed false
8300 [TestNG-tests-1] INFO  com.yenpractice.reservationflight.BaseTest -- This is local
9113 [TestNG-tests-1] INFO  c.yenpractice.utilities.ConfigUtil -- This is the defect need to be fixed https://d1uh9e7cu07ukd.cloudfront.net/selenium-docker/reservation-app/index.html
10335 [TestNG-tests-1] INFO  c.yenpractice.utilities.DataLoader -- Reading data from location: .//src/test/java/com/yenpractice/datamodel/data/customer_A.json
10336 [TestNG-tests-1] INFO  c.yenpractice.utilities.DataLoader -- Reading data from location: .//src/test/java/com/yenpractice/datamodel/data/flight_customer_A.json
10337 [TestNG-tests-1] INFO  com.yenpractice.reservationflight.BaseTest -- Verify navigate successfully
10370 [TestNG-tests-1] INFO  com.yenpractice.reservationflight.BaseTest -- Register Lily
10813 [TestNG-tests-1] INFO  com.yenpractice.reservationflight.BaseTest -- Verify register successfully
11922 [TestNG-tests-1] INFO  com.yenpractice.reservationflight.BaseTest -- Click flight search
11997 [TestNG-tests-1] INFO  com.yenpractice.reservationflight.BaseTest -- Verify at select flights
13073 [TestNG-tests-1] INFO  com.yenpractice.reservationflight.BaseTest -- Choose flight criteria and search
13269 [TestNG-tests-1] INFO  com.yenpractice.reservationflight.BaseTest -- Verify at search flights
14350 [TestNG-tests-1] INFO  com.yenpractice.reservationflight.BaseTest -- Choose departure and arrival
14465 [TestNG-tests-1] INFO  com.yenpractice.reservationflight.BaseTest -- Verify at flight confirmation
15020 [TestNG-tests-1] INFO  com.yenpractice.reservationflight.BaseTest -- Verify Tax
15051 [TestNG-tests-1] INFO  com.yenpractice.reservationflight.BaseTest -- Verify Total Price
15073 [TestNG-tests-1] INFO  com.yenpractice.reservationflight.BaseTest -- OS name = mac os x
15162 [TestNG-tests-1] INFO  com.yenpractice.reservationflight.BaseTest -- ---------- QUIT BROWSER SUCCESS ----------
20198 [TestNG-tests-1] INFO  c.yenpractice.utilities.DataLoader -- Reading data from location: .//src/test/java/com/yenpractice/config/dev.properties
20199 [TestNG-tests-1] INFO  com.yenpractice.reservationflight.BaseTest -- Navigate to the reservation flight
20199 [TestNG-tests-1] INFO  c.yenpractice.utilities.ConfigUtil -- This is the defect need to be fixed false
20199 [TestNG-tests-1] INFO  com.yenpractice.reservationflight.BaseTest -- This is local
21081 [TestNG-tests-1] INFO  c.yenpractice.utilities.ConfigUtil -- This is the defect need to be fixed https://d1uh9e7cu07ukd.cloudfront.net/selenium-docker/reservation-app/index.html
22389 [TestNG-tests-1] INFO  c.yenpractice.utilities.DataLoader -- Reading data from location: .//src/test/java/com/yenpractice/datamodel/data/customer_A.json
22390 [TestNG-tests-1] INFO  c.yenpractice.utilities.DataLoader -- Reading data from location: .//src/test/java/com/yenpractice/datamodel/data/flight_customer_A.json
22391 [TestNG-tests-1] INFO  com.yenpractice.reservationflight.BaseTest -- Verify navigate successfully
22429 [TestNG-tests-1] INFO  com.yenpractice.reservationflight.BaseTest -- Register Lily
22896 [TestNG-tests-1] INFO  com.yenpractice.reservationflight.BaseTest -- Verify register successfully
24539 [TestNG-tests-1] INFO  com.yenpractice.reservationflight.BaseTest -- Click flight search
24596 [TestNG-tests-1] INFO  com.yenpractice.reservationflight.BaseTest -- Verify at select flights
26206 [TestNG-tests-1] INFO  com.yenpractice.reservationflight.BaseTest -- Choose flight criteria and search
26402 [TestNG-tests-1] INFO  com.yenpractice.reservationflight.BaseTest -- Verify at search flights
28011 [TestNG-tests-1] INFO  com.yenpractice.reservationflight.BaseTest -- Choose departure and arrival
28128 [TestNG-tests-1] INFO  com.yenpractice.reservationflight.BaseTest -- Verify at flight confirmation
28689 [TestNG-tests-1] INFO  com.yenpractice.reservationflight.BaseTest -- Verify Tax
28719 [TestNG-tests-1] INFO  com.yenpractice.reservationflight.BaseTest -- Verify Total Price
28739 [TestNG-tests-1] INFO  com.yenpractice.reservationflight.BaseTest -- OS name = mac os x
28845 [TestNG-tests-1] INFO  com.yenpractice.reservationflight.BaseTest -- ---------- QUIT BROWSER SUCCESS ----------
28853 [TestNG-tests-1] INFO  c.yenpractice.utilities.DataLoader -- Reading data from location: .//src/test/java/com/yenpractice/config/dev.properties
28854 [TestNG-tests-1] INFO  com.yenpractice.reservationflight.BaseTest -- Navigate to the reservation flight
28854 [TestNG-tests-1] INFO  c.yenpractice.utilities.ConfigUtil -- This is the defect need to be fixed false
28854 [TestNG-tests-1] INFO  com.yenpractice.reservationflight.BaseTest -- This is local
29683 [TestNG-tests-1] INFO  c.yenpractice.utilities.ConfigUtil -- This is the defect need to be fixed https://d1uh9e7cu07ukd.cloudfront.net/selenium-docker/reservation-app/index.html
30984 [TestNG-tests-1] INFO  c.yenpractice.utilities.DataLoader -- Reading data from location: .//src/test/java/com/yenpractice/datamodel/data/customer_A.json
30985 [TestNG-tests-1] INFO  c.yenpractice.utilities.DataLoader -- Reading data from location: .//src/test/java/com/yenpractice/datamodel/data/flight_customer_A.json
30985 [TestNG-tests-1] INFO  com.yenpractice.reservationflight.BaseTest -- Verify navigate successfully
31018 [TestNG-tests-1] INFO  com.yenpractice.reservationflight.BaseTest -- Register Lily
31453 [TestNG-tests-1] INFO  com.yenpractice.reservationflight.BaseTest -- Verify register successfully
32564 [TestNG-tests-1] INFO  com.yenpractice.reservationflight.BaseTest -- Click flight search
32637 [TestNG-tests-1] INFO  com.yenpractice.reservationflight.BaseTest -- Verify at select flights
34263 [TestNG-tests-1] INFO  com.yenpractice.reservationflight.BaseTest -- Choose flight criteria and search
34463 [TestNG-tests-1] INFO  com.yenpractice.reservationflight.BaseTest -- Verify at search flights
35546 [TestNG-tests-1] INFO  com.yenpractice.reservationflight.BaseTest -- Choose departure and arrival
35654 [TestNG-tests-1] INFO  com.yenpractice.reservationflight.BaseTest -- Verify at flight confirmation
36737 [TestNG-tests-1] INFO  com.yenpractice.reservationflight.BaseTest -- Verify Tax
36768 [TestNG-tests-1] INFO  com.yenpractice.reservationflight.BaseTest -- Verify Total Price
36788 [TestNG-tests-1] INFO  com.yenpractice.reservationflight.BaseTest -- OS name = mac os x
36882 [TestNG-tests-1] INFO  com.yenpractice.reservationflight.BaseTest -- ---------- QUIT BROWSER SUCCESS ----------
224  [TestNG-test-flight-reservation-test-1] INFO  c.yenpractice.utilities.DataLoader -- Reading data from location: .//src/test/java/com/yenpractice/config/dev.properties
227  [TestNG-test-flight-reservation-test-1] INFO  com.yenpractice.reservationflight.BaseTest -- Navigate to the reservation flight
227  [TestNG-test-flight-reservation-test-1] INFO  c.yenpractice.utilities.ConfigUtil -- This is the defect need to be fixed false
227  [TestNG-test-flight-reservation-test-1] INFO  com.yenpractice.reservationflight.BaseTest -- This is local
1805 [TestNG-test-flight-reservation-test-1] INFO  c.yenpractice.utilities.ConfigUtil -- This is the defect need to be fixed https://d1uh9e7cu07ukd.cloudfront.net/selenium-docker/reservation-app/index.html
3225 [TestNG-test-flight-reservation-test-1] INFO  c.yenpractice.utilities.DataLoader -- Reading data from location: .//src/test/java/com/yenpractice/datamodel/data/customer_A.json
3248 [TestNG-test-flight-reservation-test-1] INFO  c.yenpractice.utilities.DataLoader -- Reading data from location: .//src/test/java/com/yenpractice/datamodel/data/flight_customer_A.json
3251 [TestNG-test-flight-reservation-test-1] INFO  com.yenpractice.reservationflight.BaseTest -- Verify navigate successfully
3291 [TestNG-test-flight-reservation-test-1] INFO  com.yenpractice.reservationflight.BaseTest -- Register Lily
3821 [TestNG-test-flight-reservation-test-1] INFO  com.yenpractice.reservationflight.BaseTest -- Verify register successfully
4381 [TestNG-test-flight-reservation-test-1] INFO  com.yenpractice.reservationflight.BaseTest -- Click flight search
4470 [TestNG-test-flight-reservation-test-1] INFO  com.yenpractice.reservationflight.BaseTest -- Verify at select flights
5048 [TestNG-test-flight-reservation-test-1] INFO  com.yenpractice.reservationflight.BaseTest -- Choose flight criteria and search
5283 [TestNG-test-flight-reservation-test-1] INFO  com.yenpractice.reservationflight.BaseTest -- Verify at search flights
6900 [TestNG-test-flight-reservation-test-1] INFO  com.yenpractice.reservationflight.BaseTest -- Choose departure and arrival
7013 [TestNG-test-flight-reservation-test-1] INFO  com.yenpractice.reservationflight.BaseTest -- Verify at flight confirmation
8101 [TestNG-test-flight-reservation-test-1] INFO  com.yenpractice.reservationflight.BaseTest -- Verify Tax
8132 [TestNG-test-flight-reservation-test-1] INFO  com.yenpractice.reservationflight.BaseTest -- Verify Total Price
8159 [TestNG-test-flight-reservation-test-1] INFO  com.yenpractice.reservationflight.BaseTest -- OS name = mac os x
8261 [TestNG-test-flight-reservation-test-1] INFO  com.yenpractice.reservationflight.BaseTest -- ---------- QUIT BROWSER SUCCESS ----------
8262 [TestNG-test-flight-reservation-test-1] INFO  c.yenpractice.utilities.DataLoader -- Reading data from location: .//src/test/java/com/yenpractice/config/dev.properties
8263 [TestNG-test-flight-reservation-test-1] INFO  com.yenpractice.reservationflight.BaseTest -- Navigate to the reservation flight
8263 [TestNG-test-flight-reservation-test-1] INFO  c.yenpractice.utilities.ConfigUtil -- This is the defect need to be fixed false
8263 [TestNG-test-flight-reservation-test-1] INFO  com.yenpractice.reservationflight.BaseTest -- This is local
9034 [TestNG-test-flight-reservation-test-1] INFO  c.yenpractice.utilities.ConfigUtil -- This is the defect need to be fixed https://d1uh9e7cu07ukd.cloudfront.net/selenium-docker/reservation-app/index.html
10476 [TestNG-test-flight-reservation-test-1] INFO  c.yenpractice.utilities.DataLoader -- Reading data from location: .//src/test/java/com/yenpractice/datamodel/data/customer_A.json
10477 [TestNG-test-flight-reservation-test-1] INFO  c.yenpractice.utilities.DataLoader -- Reading data from location: .//src/test/java/com/yenpractice/datamodel/data/flight_customer_A.json
10478 [TestNG-test-flight-reservation-test-1] INFO  com.yenpractice.reservationflight.BaseTest -- Verify navigate successfully
10511 [TestNG-test-flight-reservation-test-1] INFO  com.yenpractice.reservationflight.BaseTest -- Register Lily
10959 [TestNG-test-flight-reservation-test-1] INFO  com.yenpractice.reservationflight.BaseTest -- Verify register successfully
12071 [TestNG-test-flight-reservation-test-1] INFO  com.yenpractice.reservationflight.BaseTest -- Click flight search
12127 [TestNG-test-flight-reservation-test-1] INFO  com.yenpractice.reservationflight.BaseTest -- Verify at select flights
14291 [TestNG-test-flight-reservation-test-1] INFO  com.yenpractice.reservationflight.BaseTest -- Choose flight criteria and search
14491 [TestNG-test-flight-reservation-test-1] INFO  com.yenpractice.reservationflight.BaseTest -- Verify at search flights
15569 [TestNG-test-flight-reservation-test-1] INFO  com.yenpractice.reservationflight.BaseTest -- Choose departure and arrival
15676 [TestNG-test-flight-reservation-test-1] INFO  com.yenpractice.reservationflight.BaseTest -- Verify at flight confirmation
17280 [TestNG-test-flight-reservation-test-1] INFO  com.yenpractice.reservationflight.BaseTest -- Verify Tax
17310 [TestNG-test-flight-reservation-test-1] INFO  com.yenpractice.reservationflight.BaseTest -- Verify Total Price
17331 [TestNG-test-flight-reservation-test-1] INFO  com.yenpractice.reservationflight.BaseTest -- OS name = mac os x
17422 [TestNG-test-flight-reservation-test-1] INFO  com.yenpractice.reservationflight.BaseTest -- ---------- QUIT BROWSER SUCCESS ----------
22464 [TestNG-test-flight-reservation-test1-1] INFO  c.yenpractice.utilities.DataLoader -- Reading data from location: .//src/test/java/com/yenpractice/config/dev.properties
22465 [TestNG-test-flight-reservation-test1-1] INFO  com.yenpractice.reservationflight.BaseTest -- Navigate to the reservation flight
22465 [TestNG-test-flight-reservation-test1-1] INFO  c.yenpractice.utilities.ConfigUtil -- This is the defect need to be fixed false
22465 [TestNG-test-flight-reservation-test1-1] INFO  com.yenpractice.reservationflight.BaseTest -- This is local
23350 [TestNG-test-flight-reservation-test1-1] INFO  c.yenpractice.utilities.ConfigUtil -- This is the defect need to be fixed https://d1uh9e7cu07ukd.cloudfront.net/selenium-docker/reservation-app/index.html
24677 [TestNG-test-flight-reservation-test1-1] INFO  c.yenpractice.utilities.DataLoader -- Reading data from location: .//src/test/java/com/yenpractice/datamodel/data/customer_A.json
24679 [TestNG-test-flight-reservation-test1-1] INFO  c.yenpractice.utilities.DataLoader -- Reading data from location: .//src/test/java/com/yenpractice/datamodel/data/flight_customer_A.json
24681 [TestNG-test-flight-reservation-test1-1] INFO  com.yenpractice.reservationflight.BaseTest -- Verify navigate successfully
24714 [TestNG-test-flight-reservation-test1-1] INFO  com.yenpractice.reservationflight.BaseTest -- Register Lily
25207 [TestNG-test-flight-reservation-test1-1] INFO  com.yenpractice.reservationflight.BaseTest -- Verify register successfully
26833 [TestNG-test-flight-reservation-test1-1] INFO  com.yenpractice.reservationflight.BaseTest -- Click flight search
26895 [TestNG-test-flight-reservation-test1-1] INFO  com.yenpractice.reservationflight.BaseTest -- Verify at select flights
29071 [TestNG-test-flight-reservation-test1-1] INFO  com.yenpractice.reservationflight.BaseTest -- Choose flight criteria and search
29287 [TestNG-test-flight-reservation-test1-1] INFO  com.yenpractice.reservationflight.BaseTest -- Verify at search flights
30365 [TestNG-test-flight-reservation-test1-1] INFO  com.yenpractice.reservationflight.BaseTest -- Choose departure and arrival
30476 [TestNG-test-flight-reservation-test1-1] INFO  com.yenpractice.reservationflight.BaseTest -- Verify at flight confirmation
31559 [TestNG-test-flight-reservation-test1-1] INFO  com.yenpractice.reservationflight.BaseTest -- Verify Tax
31589 [TestNG-test-flight-reservation-test1-1] INFO  com.yenpractice.reservationflight.BaseTest -- Verify Total Price
31610 [TestNG-test-flight-reservation-test1-1] INFO  com.yenpractice.reservationflight.BaseTest -- OS name = mac os x
31708 [TestNG-test-flight-reservation-test1-1] INFO  com.yenpractice.reservationflight.BaseTest -- ---------- QUIT BROWSER SUCCESS ----------
31709 [TestNG-test-flight-reservation-test1-1] INFO  c.yenpractice.utilities.DataLoader -- Reading data from location: .//src/test/java/com/yenpractice/config/dev.properties
31710 [TestNG-test-flight-reservation-test1-1] INFO  com.yenpractice.reservationflight.BaseTest -- Navigate to the reservation flight
31710 [TestNG-test-flight-reservation-test1-1] INFO  c.yenpractice.utilities.ConfigUtil -- This is the defect need to be fixed false
31710 [TestNG-test-flight-reservation-test1-1] INFO  com.yenpractice.reservationflight.BaseTest -- This is local
32476 [TestNG-test-flight-reservation-test1-1] INFO  c.yenpractice.utilities.ConfigUtil -- This is the defect need to be fixed https://d1uh9e7cu07ukd.cloudfront.net/selenium-docker/reservation-app/index.html
33842 [TestNG-test-flight-reservation-test1-1] INFO  c.yenpractice.utilities.DataLoader -- Reading data from location: .//src/test/java/com/yenpractice/datamodel/data/customer_A.json
33843 [TestNG-test-flight-reservation-test1-1] INFO  c.yenpractice.utilities.DataLoader -- Reading data from location: .//src/test/java/com/yenpractice/datamodel/data/flight_customer_A.json
33844 [TestNG-test-flight-reservation-test1-1] INFO  com.yenpractice.reservationflight.BaseTest -- Verify navigate successfully
33876 [TestNG-test-flight-reservation-test1-1] INFO  com.yenpractice.reservationflight.BaseTest -- Register Lily
34311 [TestNG-test-flight-reservation-test1-1] INFO  com.yenpractice.reservationflight.BaseTest -- Verify register successfully
35434 [TestNG-test-flight-reservation-test1-1] INFO  com.yenpractice.reservationflight.BaseTest -- Click flight search
35500 [TestNG-test-flight-reservation-test1-1] INFO  com.yenpractice.reservationflight.BaseTest -- Verify at select flights
36055 [TestNG-test-flight-reservation-test1-1] INFO  com.yenpractice.reservationflight.BaseTest -- Choose flight criteria and search
36253 [TestNG-test-flight-reservation-test1-1] INFO  com.yenpractice.reservationflight.BaseTest -- Verify at search flights
37333 [TestNG-test-flight-reservation-test1-1] INFO  com.yenpractice.reservationflight.BaseTest -- Choose departure and arrival
37454 [TestNG-test-flight-reservation-test1-1] INFO  com.yenpractice.reservationflight.BaseTest -- Verify at flight confirmation
38011 [TestNG-test-flight-reservation-test1-1] INFO  com.yenpractice.reservationflight.BaseTest -- Verify Tax
38040 [TestNG-test-flight-reservation-test1-1] INFO  com.yenpractice.reservationflight.BaseTest -- Verify Total Price
38061 [TestNG-test-flight-reservation-test1-1] INFO  com.yenpractice.reservationflight.BaseTest -- OS name = mac os x
38156 [TestNG-test-flight-reservation-test1-1] INFO  com.yenpractice.reservationflight.BaseTest -- ---------- QUIT BROWSER SUCCESS ----------
253  [main] INFO  org.testng.internal.Utils -- [TestNG] Running:
  /Users/nguyenhaiyen/Desktop/selenium-docker/selenium-docker/src/test/resources/flight-reservation.xml

277  [TestNG-test-flight-reservation-test-1] ERROR c.yenpractice.utilities.ConfigUtil -- Unable to load the config file
277  [TestNG-test-flight-reservation-test-2] ERROR c.yenpractice.utilities.ConfigUtil -- Unable to load the config file
277  [TestNG-test-flight-reservation-test-1] INFO  com.yenpractice.reservationflight.BaseTest -- Navigate to the reservation flight
277  [TestNG-test-flight-reservation-test-2] INFO  com.yenpractice.reservationflight.BaseTest -- Navigate to the reservation flight
277  [TestNG-test-flight-reservation-test-1] INFO  c.yenpractice.utilities.ConfigUtil -- This is the defect need to be fixed null
277  [TestNG-test-flight-reservation-test-1] INFO  com.yenpractice.reservationflight.BaseTest -- This is local
277  [TestNG-test-flight-reservation-test-2] INFO  c.yenpractice.utilities.ConfigUtil -- This is the defect need to be fixed null
277  [TestNG-test-flight-reservation-test-2] INFO  com.yenpractice.reservationflight.BaseTest -- This is local
1855 [TestNG-test-flight-reservation-test-1] INFO  c.yenpractice.utilities.ConfigUtil -- This is the defect need to be fixed null
1855 [TestNG-test-flight-reservation-test-2] INFO  c.yenpractice.utilities.ConfigUtil -- This is the defect need to be fixed null
1914 [TestNG-test-flight-reservation-test1-2] ERROR c.yenpractice.utilities.ConfigUtil -- Unable to load the config file
1915 [TestNG-test-flight-reservation-test1-1] ERROR c.yenpractice.utilities.ConfigUtil -- Unable to load the config file
1926 [TestNG-test-flight-reservation-test1-2] INFO  com.yenpractice.reservationflight.BaseTest -- Navigate to the reservation flight
1942 [TestNG-test-flight-reservation-test1-2] INFO  c.yenpractice.utilities.ConfigUtil -- This is the defect need to be fixed null
1977 [TestNG-test-flight-reservation-test1-2] INFO  com.yenpractice.reservationflight.BaseTest -- This is local
1941 [TestNG-test-flight-reservation-test1-1] INFO  com.yenpractice.reservationflight.BaseTest -- Navigate to the reservation flight
2031 [TestNG-test-flight-reservation-test1-1] INFO  c.yenpractice.utilities.ConfigUtil -- This is the defect need to be fixed null
2049 [TestNG-test-flight-reservation-test1-1] INFO  com.yenpractice.reservationflight.BaseTest -- This is local
3324 [TestNG-test-flight-reservation-test1-1] INFO  c.yenpractice.utilities.ConfigUtil -- This is the defect need to be fixed null
3334 [TestNG-test-flight-reservation-test1-2] INFO  c.yenpractice.utilities.ConfigUtil -- This is the defect need to be fixed null
311  [main] INFO  org.testng.internal.Utils -- [TestNG] Running:
  /Users/nguyenhaiyen/Desktop/selenium-docker/selenium-docker/src/test/resources/flight-reservation.xml

337  [TestNG-test-flight-reservation-test-2] ERROR c.yenpractice.utilities.ConfigUtil -- Unable to load the config file
337  [TestNG-test-flight-reservation-test-1] ERROR c.yenpractice.utilities.ConfigUtil -- Unable to load the config file
337  [TestNG-test-flight-reservation-test-2] INFO  com.yenpractice.reservationflight.BaseTest -- Navigate to the reservation flight
337  [TestNG-test-flight-reservation-test-2] INFO  c.yenpractice.utilities.ConfigUtil -- This is the defect need to be fixed null
337  [TestNG-test-flight-reservation-test-1] INFO  com.yenpractice.reservationflight.BaseTest -- Navigate to the reservation flight
337  [TestNG-test-flight-reservation-test-2] INFO  com.yenpractice.reservationflight.BaseTest -- This is local
337  [TestNG-test-flight-reservation-test-1] INFO  c.yenpractice.utilities.ConfigUtil -- This is the defect need to be fixed null
337  [TestNG-test-flight-reservation-test-1] INFO  com.yenpractice.reservationflight.BaseTest -- This is local
3650 [TestNG-test-flight-reservation-test-1] INFO  c.yenpractice.utilities.DataLoader -- Reading data from location: .//src/test/java/com/yenpractice/datamodel/data/customer_A.json
3650 [TestNG-test-flight-reservation-test-2] INFO  c.yenpractice.utilities.DataLoader -- Reading data from location: .//src/test/java/com/yenpractice/datamodel/data/customer_A.json
3677 [TestNG-test-flight-reservation-test-1] INFO  c.yenpractice.utilities.DataLoader -- Reading data from location: .//src/test/java/com/yenpractice/datamodel/data/flight_customer_A.json
3677 [TestNG-test-flight-reservation-test-2] INFO  c.yenpractice.utilities.DataLoader -- Reading data from location: .//src/test/java/com/yenpractice/datamodel/data/flight_customer_A.json
3680 [TestNG-test-flight-reservation-test-1] INFO  com.yenpractice.reservationflight.BaseTest -- Verify navigate successfully
3680 [TestNG-test-flight-reservation-test-2] INFO  com.yenpractice.reservationflight.BaseTest -- Verify navigate successfully
3727 [TestNG-test-flight-reservation-test-1] INFO  com.yenpractice.reservationflight.BaseTest -- Register Lily
3729 [TestNG-test-flight-reservation-test-2] INFO  com.yenpractice.reservationflight.BaseTest -- Register Lily
4416 [TestNG-test-flight-reservation-test-1] INFO  com.yenpractice.reservationflight.BaseTest -- Verify register successfully
21985 [TestNG-test-flight-reservation-test-2] INFO  com.yenpractice.reservationflight.BaseTest -- Verify register successfully
22007 [TestNG-test-flight-reservation-test-1] INFO  com.yenpractice.reservationflight.BaseTest -- OS name = mac os x
22119 [TestNG-test-flight-reservation-test-1] INFO  com.yenpractice.reservationflight.BaseTest -- ---------- QUIT BROWSER SUCCESS ----------
22511 [TestNG-test-flight-reservation-test-2] INFO  com.yenpractice.reservationflight.BaseTest -- OS name = mac os x
22538 [TestNG-test-flight-reservation-test-2] INFO  com.yenpractice.reservationflight.BaseTest -- ---------- QUIT BROWSER SUCCESS ----------
22542 [TestNG-test-flight-reservation-test1-1] ERROR c.yenpractice.utilities.ConfigUtil -- Unable to load the config file
22542 [TestNG-test-flight-reservation-test1-1] INFO  com.yenpractice.reservationflight.BaseTest -- Navigate to the reservation flight
22542 [TestNG-test-flight-reservation-test1-2] ERROR c.yenpractice.utilities.ConfigUtil -- Unable to load the config file
22542 [TestNG-test-flight-reservation-test1-1] INFO  c.yenpractice.utilities.ConfigUtil -- This is the defect need to be fixed null
22542 [TestNG-test-flight-reservation-test1-2] INFO  com.yenpractice.reservationflight.BaseTest -- Navigate to the reservation flight
22542 [TestNG-test-flight-reservation-test1-1] INFO  com.yenpractice.reservationflight.BaseTest -- This is local
22542 [TestNG-test-flight-reservation-test1-2] INFO  c.yenpractice.utilities.ConfigUtil -- This is the defect need to be fixed null
22543 [TestNG-test-flight-reservation-test1-2] INFO  com.yenpractice.reservationflight.BaseTest -- This is local
25380 [TestNG-test-flight-reservation-test1-1] INFO  c.yenpractice.utilities.DataLoader -- Reading data from location: .//src/test/java/com/yenpractice/datamodel/data/customer_A.json
25380 [TestNG-test-flight-reservation-test1-2] INFO  c.yenpractice.utilities.DataLoader -- Reading data from location: .//src/test/java/com/yenpractice/datamodel/data/customer_A.json
25382 [TestNG-test-flight-reservation-test1-1] INFO  c.yenpractice.utilities.DataLoader -- Reading data from location: .//src/test/java/com/yenpractice/datamodel/data/flight_customer_A.json
25382 [TestNG-test-flight-reservation-test1-2] INFO  c.yenpractice.utilities.DataLoader -- Reading data from location: .//src/test/java/com/yenpractice/datamodel/data/flight_customer_A.json
25382 [TestNG-test-flight-reservation-test1-1] INFO  com.yenpractice.reservationflight.BaseTest -- Verify navigate successfully
25382 [TestNG-test-flight-reservation-test1-2] INFO  com.yenpractice.reservationflight.BaseTest -- Verify navigate successfully
25420 [TestNG-test-flight-reservation-test1-2] INFO  com.yenpractice.reservationflight.BaseTest -- Register Lily
25423 [TestNG-test-flight-reservation-test1-1] INFO  com.yenpractice.reservationflight.BaseTest -- Register Lily
26079 [TestNG-test-flight-reservation-test1-2] INFO  com.yenpractice.reservationflight.BaseTest -- Verify register successfully
44907 [TestNG-test-flight-reservation-test1-1] INFO  com.yenpractice.reservationflight.BaseTest -- Verify register successfully
44913 [TestNG-test-flight-reservation-test1-2] INFO  com.yenpractice.reservationflight.BaseTest -- OS name = mac os x
45096 [TestNG-test-flight-reservation-test1-2] INFO  com.yenpractice.reservationflight.BaseTest -- ---------- QUIT BROWSER SUCCESS ----------
260  [main] INFO  org.testng.internal.Utils -- [TestNG] Running:
  /Users/nguyenhaiyen/Desktop/selenium-docker/selenium-docker/src/test/resources/flight-reservation.xml

287  [TestNG-tests-2] ERROR c.yenpractice.utilities.ConfigUtil -- Unable to load the config file
287  [TestNG-tests-1] ERROR c.yenpractice.utilities.ConfigUtil -- Unable to load the config file
287  [TestNG-tests-2] INFO  com.yenpractice.reservationflight.BaseTest -- Navigate to the reservation flight
287  [TestNG-tests-1] INFO  com.yenpractice.reservationflight.BaseTest -- Navigate to the reservation flight
287  [TestNG-tests-2] INFO  c.yenpractice.utilities.ConfigUtil -- This is the defect need to be fixed null
287  [TestNG-tests-1] INFO  c.yenpractice.utilities.ConfigUtil -- This is the defect need to be fixed null
287  [TestNG-tests-2] INFO  com.yenpractice.reservationflight.BaseTest -- This is local
287  [TestNG-tests-1] INFO  com.yenpractice.reservationflight.BaseTest -- This is local
2844 [TestNG-tests-1] INFO  c.yenpractice.utilities.DataLoader -- Reading data from location: .//src/test/java/com/yenpractice/datamodel/data/customer_A.json
2873 [TestNG-tests-1] INFO  c.yenpractice.utilities.DataLoader -- Reading data from location: .//src/test/java/com/yenpractice/datamodel/data/flight_customer_A.json
2881 [TestNG-tests-1] INFO  com.yenpractice.reservationflight.BaseTest -- Verify navigate successfully
2932 [TestNG-tests-1] INFO  com.yenpractice.reservationflight.BaseTest -- Register Lily
3510 [TestNG-tests-1] INFO  com.yenpractice.reservationflight.BaseTest -- Verify register successfully
4696 [TestNG-tests-2] INFO  c.yenpractice.utilities.DataLoader -- Reading data from location: .//src/test/java/com/yenpractice/datamodel/data/customer_A.json
4697 [TestNG-tests-2] INFO  c.yenpractice.utilities.DataLoader -- Reading data from location: .//src/test/java/com/yenpractice/datamodel/data/flight_customer_A.json
4697 [TestNG-tests-2] INFO  com.yenpractice.reservationflight.BaseTest -- Verify navigate successfully
4730 [TestNG-tests-2] INFO  com.yenpractice.reservationflight.BaseTest -- Register Lily
5108 [TestNG-tests-1] INFO  com.yenpractice.reservationflight.BaseTest -- Click flight search
5165 [TestNG-tests-1] INFO  com.yenpractice.reservationflight.BaseTest -- Verify at select flights
5450 [TestNG-tests-2] INFO  com.yenpractice.reservationflight.BaseTest -- Verify register successfully
6018 [TestNG-tests-2] INFO  com.yenpractice.reservationflight.BaseTest -- Click flight search
6041 [TestNG-tests-2] INFO  com.yenpractice.reservationflight.BaseTest -- Verify at select flights
7089 [TestNG-tests-2] INFO  com.yenpractice.reservationflight.BaseTest -- Choose flight criteria and search
7267 [TestNG-tests-1] INFO  com.yenpractice.reservationflight.BaseTest -- Choose flight criteria and search
7475 [TestNG-tests-1] INFO  com.yenpractice.reservationflight.BaseTest -- Verify at search flights
8032 [TestNG-tests-2] INFO  com.yenpractice.reservationflight.BaseTest -- Verify at search flights
8540 [TestNG-tests-1] INFO  com.yenpractice.reservationflight.BaseTest -- Choose departure and arrival
8654 [TestNG-tests-1] INFO  com.yenpractice.reservationflight.BaseTest -- Verify at flight confirmation
9091 [TestNG-tests-2] INFO  com.yenpractice.reservationflight.BaseTest -- Choose departure and arrival
9191 [TestNG-tests-1] INFO  com.yenpractice.reservationflight.BaseTest -- Verify Tax
9216 [TestNG-tests-1] INFO  com.yenpractice.reservationflight.BaseTest -- Verify Total Price
9237 [TestNG-tests-1] INFO  com.yenpractice.reservationflight.BaseTest -- OS name = mac os x
9332 [TestNG-tests-1] INFO  com.yenpractice.reservationflight.BaseTest -- ---------- QUIT BROWSER SUCCESS ----------
9334 [TestNG-tests-1] ERROR c.yenpractice.utilities.ConfigUtil -- Unable to load the config file
9334 [TestNG-tests-1] INFO  com.yenpractice.reservationflight.BaseTest -- Navigate to the reservation flight
9334 [TestNG-tests-1] INFO  c.yenpractice.utilities.ConfigUtil -- This is the defect need to be fixed null
9334 [TestNG-tests-1] INFO  com.yenpractice.reservationflight.BaseTest -- This is local
9747 [TestNG-tests-2] INFO  com.yenpractice.reservationflight.BaseTest -- Verify at flight confirmation
11313 [TestNG-tests-2] INFO  com.yenpractice.reservationflight.BaseTest -- Verify Tax
11333 [TestNG-tests-2] INFO  com.yenpractice.reservationflight.BaseTest -- Verify Total Price
11354 [TestNG-tests-2] INFO  com.yenpractice.reservationflight.BaseTest -- OS name = mac os x
11377 [TestNG-tests-1] INFO  c.yenpractice.utilities.DataLoader -- Reading data from location: .//src/test/java/com/yenpractice/datamodel/data/customer_A.json
11378 [TestNG-tests-1] INFO  c.yenpractice.utilities.DataLoader -- Reading data from location: .//src/test/java/com/yenpractice/datamodel/data/flight_customer_A.json
11378 [TestNG-tests-1] INFO  com.yenpractice.reservationflight.BaseTest -- Verify navigate successfully
11405 [TestNG-tests-1] INFO  com.yenpractice.reservationflight.BaseTest -- Register Lily
11872 [TestNG-tests-2] INFO  com.yenpractice.reservationflight.BaseTest -- ---------- QUIT BROWSER SUCCESS ----------
11873 [TestNG-tests-2] ERROR c.yenpractice.utilities.ConfigUtil -- Unable to load the config file
11874 [TestNG-tests-2] INFO  com.yenpractice.reservationflight.BaseTest -- Navigate to the reservation flight
11874 [TestNG-tests-2] INFO  c.yenpractice.utilities.ConfigUtil -- This is the defect need to be fixed null
11874 [TestNG-tests-2] INFO  com.yenpractice.reservationflight.BaseTest -- This is local
11921 [TestNG-tests-1] INFO  com.yenpractice.reservationflight.BaseTest -- Verify register successfully
12473 [TestNG-tests-1] INFO  com.yenpractice.reservationflight.BaseTest -- Click flight search
12537 [TestNG-tests-1] INFO  com.yenpractice.reservationflight.BaseTest -- Verify at select flights
13109 [TestNG-tests-1] INFO  com.yenpractice.reservationflight.BaseTest -- Choose flight criteria and search
13339 [TestNG-tests-1] INFO  com.yenpractice.reservationflight.BaseTest -- Verify at search flights
14797 [TestNG-tests-2] INFO  c.yenpractice.utilities.DataLoader -- Reading data from location: .//src/test/java/com/yenpractice/datamodel/data/customer_A.json
14798 [TestNG-tests-2] INFO  c.yenpractice.utilities.DataLoader -- Reading data from location: .//src/test/java/com/yenpractice/datamodel/data/flight_customer_A.json
14799 [TestNG-tests-2] INFO  com.yenpractice.reservationflight.BaseTest -- Verify navigate successfully
14836 [TestNG-tests-2] INFO  com.yenpractice.reservationflight.BaseTest -- Register Lily
15421 [TestNG-tests-1] INFO  com.yenpractice.reservationflight.BaseTest -- Choose departure and arrival
15533 [TestNG-tests-1] INFO  com.yenpractice.reservationflight.BaseTest -- Verify at flight confirmation
15557 [TestNG-tests-2] INFO  com.yenpractice.reservationflight.BaseTest -- Verify register successfully
15582 [TestNG-tests-2] INFO  com.yenpractice.reservationflight.BaseTest -- Click flight search
15598 [TestNG-tests-2] INFO  com.yenpractice.reservationflight.BaseTest -- Verify at select flights
16076 [TestNG-tests-1] INFO  com.yenpractice.reservationflight.BaseTest -- Verify Tax
16099 [TestNG-tests-1] INFO  com.yenpractice.reservationflight.BaseTest -- Verify Total Price
16126 [TestNG-tests-1] INFO  com.yenpractice.reservationflight.BaseTest -- OS name = mac os x
16225 [TestNG-tests-1] INFO  com.yenpractice.reservationflight.BaseTest -- ---------- QUIT BROWSER SUCCESS ----------
16658 [TestNG-tests-2] INFO  com.yenpractice.reservationflight.BaseTest -- Choose flight criteria and search
17628 [TestNG-tests-2] INFO  com.yenpractice.reservationflight.BaseTest -- Verify at search flights
19216 [TestNG-tests-2] INFO  com.yenpractice.reservationflight.BaseTest -- Choose departure and arrival
19890 [TestNG-tests-2] INFO  com.yenpractice.reservationflight.BaseTest -- Verify at flight confirmation
20442 [TestNG-tests-2] INFO  com.yenpractice.reservationflight.BaseTest -- Verify Tax
20463 [TestNG-tests-2] INFO  com.yenpractice.reservationflight.BaseTest -- Verify Total Price
20479 [TestNG-tests-2] INFO  com.yenpractice.reservationflight.BaseTest -- OS name = mac os x
20898 [TestNG-tests-2] INFO  com.yenpractice.reservationflight.BaseTest -- ---------- QUIT BROWSER SUCCESS ----------
294  [main] INFO  org.testng.internal.Utils -- [TestNG] Running:
  /Users/nguyenhaiyen/Desktop/selenium-docker/selenium-docker/src/test/resources/flight-reservation.xml

330  [TestNG-tests-2] ERROR c.yenpractice.utilities.ConfigUtil -- Unable to load the config file
330  [TestNG-tests-1] ERROR c.yenpractice.utilities.ConfigUtil -- Unable to load the config file
330  [TestNG-tests-2] INFO  com.yenpractice.reservationflight.BaseTest -- Navigate to the reservation flight
330  [TestNG-tests-2] INFO  c.yenpractice.utilities.ConfigUtil -- This is the defect need to be fixed null
330  [TestNG-tests-1] INFO  com.yenpractice.reservationflight.BaseTest -- Navigate to the reservation flight
330  [TestNG-tests-2] INFO  com.yenpractice.reservationflight.BaseTest -- This is local
330  [TestNG-tests-1] INFO  c.yenpractice.utilities.ConfigUtil -- This is the defect need to be fixed null
330  [TestNG-tests-1] INFO  com.yenpractice.reservationflight.BaseTest -- This is local
4107 [TestNG-tests-1] INFO  c.yenpractice.utilities.DataLoader -- Reading data from location: .//src/test/java/com/yenpractice/datamodel/data/customer_A.json
4158 [TestNG-tests-1] INFO  c.yenpractice.utilities.DataLoader -- Reading data from location: .//src/test/java/com/yenpractice/datamodel/data/flight_customer_A.json
4161 [TestNG-tests-1] INFO  com.yenpractice.reservationflight.BaseTest -- Verify navigate successfully
4215 [TestNG-tests-1] INFO  com.yenpractice.reservationflight.BaseTest -- Register Lily
4753 [TestNG-tests-1] INFO  com.yenpractice.reservationflight.BaseTest -- Verify register successfully
5512 [TestNG-tests-2] INFO  c.yenpractice.utilities.DataLoader -- Reading data from location: .//src/test/java/com/yenpractice/datamodel/data/customer_A.json
5534 [TestNG-tests-2] INFO  c.yenpractice.utilities.DataLoader -- Reading data from location: .//src/test/java/com/yenpractice/datamodel/data/flight_customer_A.json
5551 [TestNG-tests-2] INFO  com.yenpractice.reservationflight.BaseTest -- Verify navigate successfully
5584 [TestNG-tests-2] INFO  com.yenpractice.reservationflight.BaseTest -- Register Lily
6198 [TestNG-tests-2] INFO  com.yenpractice.reservationflight.BaseTest -- Verify register successfully
6762 [TestNG-tests-2] INFO  com.yenpractice.reservationflight.BaseTest -- Click flight search
6790 [TestNG-tests-2] INFO  com.yenpractice.reservationflight.BaseTest -- Verify at select flights
6876 [TestNG-tests-1] INFO  com.yenpractice.reservationflight.BaseTest -- Click flight search
6950 [TestNG-tests-1] INFO  com.yenpractice.reservationflight.BaseTest -- Verify at select flights
8015 [TestNG-tests-1] INFO  com.yenpractice.reservationflight.BaseTest -- Choose flight criteria and search
8219 [TestNG-tests-1] INFO  com.yenpractice.reservationflight.BaseTest -- Verify at search flights
8869 [TestNG-tests-2] INFO  com.yenpractice.reservationflight.BaseTest -- Choose flight criteria and search
9817 [TestNG-tests-1] INFO  com.yenpractice.reservationflight.BaseTest -- Choose departure and arrival
9831 [TestNG-tests-2] INFO  com.yenpractice.reservationflight.BaseTest -- Verify at search flights
9884 [TestNG-tests-2] INFO  com.yenpractice.reservationflight.BaseTest -- Choose departure and arrival
9975 [TestNG-tests-1] INFO  com.yenpractice.reservationflight.BaseTest -- Verify at flight confirmation
10535 [TestNG-tests-2] INFO  com.yenpractice.reservationflight.BaseTest -- Verify at flight confirmation
12081 [TestNG-tests-1] INFO  com.yenpractice.reservationflight.BaseTest -- Verify Tax
12111 [TestNG-tests-1] INFO  com.yenpractice.reservationflight.BaseTest -- Verify Total Price
12141 [TestNG-tests-1] INFO  com.yenpractice.reservationflight.BaseTest -- OS name = mac os x
12243 [TestNG-tests-1] INFO  com.yenpractice.reservationflight.BaseTest -- ---------- QUIT BROWSER SUCCESS ----------
12245 [TestNG-tests-1] ERROR c.yenpractice.utilities.ConfigUtil -- Unable to load the config file
12245 [TestNG-tests-1] INFO  com.yenpractice.reservationflight.BaseTest -- Navigate to the reservation flight
12245 [TestNG-tests-1] INFO  c.yenpractice.utilities.ConfigUtil -- This is the defect need to be fixed null
12245 [TestNG-tests-1] INFO  com.yenpractice.reservationflight.BaseTest -- This is local
12617 [TestNG-tests-2] INFO  com.yenpractice.reservationflight.BaseTest -- Verify Tax
12638 [TestNG-tests-2] INFO  com.yenpractice.reservationflight.BaseTest -- Verify Total Price
12679 [TestNG-tests-2] INFO  com.yenpractice.reservationflight.BaseTest -- OS name = mac os x
13766 [TestNG-tests-2] INFO  com.yenpractice.reservationflight.BaseTest -- ---------- QUIT BROWSER SUCCESS ----------
13780 [TestNG-tests-2] ERROR c.yenpractice.utilities.ConfigUtil -- Unable to load the config file
13796 [TestNG-tests-2] INFO  com.yenpractice.reservationflight.BaseTest -- Navigate to the reservation flight
13831 [TestNG-tests-2] INFO  c.yenpractice.utilities.ConfigUtil -- This is the defect need to be fixed null
13865 [TestNG-tests-2] INFO  com.yenpractice.reservationflight.BaseTest -- This is local
15541 [TestNG-tests-1] INFO  c.yenpractice.utilities.DataLoader -- Reading data from location: .//src/test/java/com/yenpractice/datamodel/data/customer_A.json
15542 [TestNG-tests-1] INFO  c.yenpractice.utilities.DataLoader -- Reading data from location: .//src/test/java/com/yenpractice/datamodel/data/flight_customer_A.json
15543 [TestNG-tests-1] INFO  com.yenpractice.reservationflight.BaseTest -- Verify navigate successfully
15577 [TestNG-tests-1] INFO  com.yenpractice.reservationflight.BaseTest -- Register Lily
16132 [TestNG-tests-1] INFO  com.yenpractice.reservationflight.BaseTest -- Verify register successfully
17218 [TestNG-tests-1] INFO  com.yenpractice.reservationflight.BaseTest -- Click flight search
17311 [TestNG-tests-1] INFO  com.yenpractice.reservationflight.BaseTest -- Verify at select flights
18655 [TestNG-tests-2] INFO  c.yenpractice.utilities.DataLoader -- Reading data from location: .//src/test/java/com/yenpractice/datamodel/data/customer_A.json
18656 [TestNG-tests-2] INFO  c.yenpractice.utilities.DataLoader -- Reading data from location: .//src/test/java/com/yenpractice/datamodel/data/flight_customer_A.json
18657 [TestNG-tests-2] INFO  com.yenpractice.reservationflight.BaseTest -- Verify navigate successfully
18689 [TestNG-tests-2] INFO  com.yenpractice.reservationflight.BaseTest -- Register Lily
19402 [TestNG-tests-1] INFO  com.yenpractice.reservationflight.BaseTest -- Choose flight criteria and search
19421 [TestNG-tests-2] INFO  com.yenpractice.reservationflight.BaseTest -- Verify register successfully
19611 [TestNG-tests-1] INFO  com.yenpractice.reservationflight.BaseTest -- Verify at search flights
21205 [TestNG-tests-1] INFO  com.yenpractice.reservationflight.BaseTest -- Choose departure and arrival
21313 [TestNG-tests-1] INFO  com.yenpractice.reservationflight.BaseTest -- Verify at flight confirmation
21520 [TestNG-tests-2] INFO  com.yenpractice.reservationflight.BaseTest -- Click flight search
21542 [TestNG-tests-2] INFO  com.yenpractice.reservationflight.BaseTest -- Verify at select flights
22904 [TestNG-tests-1] INFO  com.yenpractice.reservationflight.BaseTest -- Verify Tax
22927 [TestNG-tests-1] INFO  com.yenpractice.reservationflight.BaseTest -- Verify Total Price
22947 [TestNG-tests-1] INFO  com.yenpractice.reservationflight.BaseTest -- OS name = mac os x
23040 [TestNG-tests-1] INFO  com.yenpractice.reservationflight.BaseTest -- ---------- QUIT BROWSER SUCCESS ----------
23097 [TestNG-tests-2] INFO  com.yenpractice.reservationflight.BaseTest -- Choose flight criteria and search
24246 [TestNG-tests-2] INFO  com.yenpractice.reservationflight.BaseTest -- Verify at search flights
25829 [TestNG-tests-2] INFO  com.yenpractice.reservationflight.BaseTest -- Choose departure and arrival
26506 [TestNG-tests-2] INFO  com.yenpractice.reservationflight.BaseTest -- Verify at flight confirmation
27572 [TestNG-tests-2] INFO  com.yenpractice.reservationflight.BaseTest -- Verify Tax
27592 [TestNG-tests-2] INFO  com.yenpractice.reservationflight.BaseTest -- Verify Total Price
27608 [TestNG-tests-2] INFO  com.yenpractice.reservationflight.BaseTest -- OS name = mac os x
28156 [TestNG-tests-2] INFO  com.yenpractice.reservationflight.BaseTest -- ---------- QUIT BROWSER SUCCESS ----------
303  [main] INFO  org.testng.internal.Utils -- [TestNG] Running:
  /Users/nguyenhaiyen/Desktop/selenium-docker/selenium-docker/src/test/resources/flight-reservation.xml

331  [TestNG-tests-1] ERROR c.yenpractice.utilities.ConfigUtil -- Unable to load the config file
331  [TestNG-tests-1] INFO  com.yenpractice.reservationflight.BaseTest -- Navigate to the reservation flight
331  [TestNG-tests-1] INFO  c.yenpractice.utilities.ConfigUtil -- This is the defect need to be fixed null
331  [TestNG-tests-1] INFO  com.yenpractice.reservationflight.BaseTest -- This is local
3223 [TestNG-tests-1] INFO  c.yenpractice.utilities.DataLoader -- Reading data from location: .//src/test/java/com/yenpractice/datamodel/data/customer_A.json
3248 [TestNG-tests-1] INFO  c.yenpractice.utilities.DataLoader -- Reading data from location: .//src/test/java/com/yenpractice/datamodel/data/flight_customer_A.json
3250 [TestNG-tests-1] INFO  com.yenpractice.reservationflight.BaseTest -- Verify navigate successfully
3288 [TestNG-tests-1] INFO  com.yenpractice.reservationflight.BaseTest -- Register Lily
3809 [TestNG-tests-1] INFO  com.yenpractice.reservationflight.BaseTest -- Verify register successfully
4382 [TestNG-tests-1] INFO  com.yenpractice.reservationflight.BaseTest -- Click flight search
4507 [TestNG-tests-1] INFO  com.yenpractice.reservationflight.BaseTest -- Verify at select flights
6135 [TestNG-tests-1] INFO  com.yenpractice.reservationflight.BaseTest -- Choose flight criteria and search
6342 [TestNG-tests-1] INFO  com.yenpractice.reservationflight.BaseTest -- Verify at search flights
7954 [TestNG-tests-1] INFO  com.yenpractice.reservationflight.BaseTest -- Choose departure and arrival
8072 [TestNG-tests-1] INFO  com.yenpractice.reservationflight.BaseTest -- Verify at flight confirmation
8633 [TestNG-tests-1] INFO  com.yenpractice.reservationflight.BaseTest -- Verify Tax
8665 [TestNG-tests-1] INFO  com.yenpractice.reservationflight.BaseTest -- Verify Total Price
8693 [TestNG-tests-1] INFO  com.yenpractice.reservationflight.BaseTest -- OS name = mac os x
8797 [TestNG-tests-1] INFO  com.yenpractice.reservationflight.BaseTest -- ---------- QUIT BROWSER SUCCESS ----------
8798 [TestNG-tests-1] ERROR c.yenpractice.utilities.ConfigUtil -- Unable to load the config file
8798 [TestNG-tests-1] INFO  com.yenpractice.reservationflight.BaseTest -- Navigate to the reservation flight
8798 [TestNG-tests-1] INFO  c.yenpractice.utilities.ConfigUtil -- This is the defect need to be fixed null
8798 [TestNG-tests-1] INFO  com.yenpractice.reservationflight.BaseTest -- This is local
10799 [TestNG-tests-1] INFO  c.yenpractice.utilities.DataLoader -- Reading data from location: .//src/test/java/com/yenpractice/datamodel/data/customer_A.json
10801 [TestNG-tests-1] INFO  c.yenpractice.utilities.DataLoader -- Reading data from location: .//src/test/java/com/yenpractice/datamodel/data/flight_customer_A.json
10801 [TestNG-tests-1] INFO  com.yenpractice.reservationflight.BaseTest -- Verify navigate successfully
10833 [TestNG-tests-1] INFO  com.yenpractice.reservationflight.BaseTest -- Register Lily
11285 [TestNG-tests-1] INFO  com.yenpractice.reservationflight.BaseTest -- Verify register successfully
13462 [TestNG-tests-1] INFO  com.yenpractice.reservationflight.BaseTest -- Click flight search
13514 [TestNG-tests-1] INFO  com.yenpractice.reservationflight.BaseTest -- Verify at select flights
15655 [TestNG-tests-1] INFO  com.yenpractice.reservationflight.BaseTest -- Choose flight criteria and search
15858 [TestNG-tests-1] INFO  com.yenpractice.reservationflight.BaseTest -- Verify at search flights
16942 [TestNG-tests-1] INFO  com.yenpractice.reservationflight.BaseTest -- Choose departure and arrival
17056 [TestNG-tests-1] INFO  com.yenpractice.reservationflight.BaseTest -- Verify at flight confirmation
18665 [TestNG-tests-1] INFO  com.yenpractice.reservationflight.BaseTest -- Verify Tax
18694 [TestNG-tests-1] INFO  com.yenpractice.reservationflight.BaseTest -- Verify Total Price
18716 [TestNG-tests-1] INFO  com.yenpractice.reservationflight.BaseTest -- OS name = mac os x
18813 [TestNG-tests-1] INFO  com.yenpractice.reservationflight.BaseTest -- ---------- QUIT BROWSER SUCCESS ----------
289  [main] INFO  org.testng.internal.Utils -- [TestNG] Running:
  /Users/nguyenhaiyen/Library/Caches/JetBrains/IdeaIC2023.3/temp-testng-customsuite.xml

249  [main] INFO  org.testng.internal.Utils -- [TestNG] Running:
  /Users/nguyenhaiyen/Desktop/selenium-docker/selenium-docker/src/test/resources/flight-reservation.xml

276  [TestNG-tests-1] INFO  c.yenpractice.utilities.DataLoader -- Reading data from location: .//src/test/java/com/yenpractice/config/dev.properties
277  [TestNG-tests-1] INFO  com.yenpractice.reservationflight.BaseTest -- Navigate to the reservation flight
277  [TestNG-tests-1] INFO  c.yenpractice.utilities.ConfigUtil -- This is the defect need to be fixed true
280  [TestNG-tests-1] INFO  com.yenpractice.reservationflight.BaseTest -- This is remote
2994 [TestNG-tests-1] INFO  c.yenpractice.utilities.DataLoader -- Reading data from location: .//src/test/java/com/yenpractice/datamodel/data/customer_A.json
3024 [TestNG-tests-1] INFO  c.yenpractice.utilities.DataLoader -- Reading data from location: .//src/test/java/com/yenpractice/datamodel/data/flight_customer_A.json
3027 [TestNG-tests-1] INFO  com.yenpractice.reservationflight.BaseTest -- Verify navigate successfully
3158 [TestNG-tests-1] INFO  com.yenpractice.reservationflight.BaseTest -- Register Lily
4379 [TestNG-tests-1] INFO  com.yenpractice.reservationflight.BaseTest -- Verify register successfully
5632 [TestNG-tests-1] INFO  com.yenpractice.reservationflight.BaseTest -- Click flight search
5724 [TestNG-tests-1] INFO  com.yenpractice.reservationflight.BaseTest -- Verify at select flights
7011 [TestNG-tests-1] INFO  com.yenpractice.reservationflight.BaseTest -- Choose flight criteria and search
7729 [TestNG-tests-1] INFO  com.yenpractice.reservationflight.BaseTest -- Verify at search flights
10051 [TestNG-tests-1] INFO  com.yenpractice.reservationflight.BaseTest -- Choose departure and arrival
10342 [TestNG-tests-1] INFO  com.yenpractice.reservationflight.BaseTest -- Verify at flight confirmation
12100 [TestNG-tests-1] INFO  com.yenpractice.reservationflight.BaseTest -- Verify Tax
12162 [TestNG-tests-1] INFO  com.yenpractice.reservationflight.BaseTest -- Verify Total Price
12230 [TestNG-tests-1] INFO  com.yenpractice.reservationflight.BaseTest -- OS name = mac os x
12356 [TestNG-tests-1] INFO  com.yenpractice.reservationflight.BaseTest -- ---------- QUIT BROWSER SUCCESS ----------
12358 [TestNG-tests-1] INFO  c.yenpractice.utilities.DataLoader -- Reading data from location: .//src/test/java/com/yenpractice/config/dev.properties
12358 [TestNG-tests-1] INFO  com.yenpractice.reservationflight.BaseTest -- Navigate to the reservation flight
12358 [TestNG-tests-1] INFO  c.yenpractice.utilities.ConfigUtil -- This is the defect need to be fixed true
12358 [TestNG-tests-1] INFO  com.yenpractice.reservationflight.BaseTest -- This is remote
13448 [TestNG-tests-1] INFO  c.yenpractice.utilities.DataLoader -- Reading data from location: .//src/test/java/com/yenpractice/datamodel/data/customer_A.json
13450 [TestNG-tests-1] INFO  c.yenpractice.utilities.DataLoader -- Reading data from location: .//src/test/java/com/yenpractice/datamodel/data/flight_customer_A.json
13450 [TestNG-tests-1] INFO  com.yenpractice.reservationflight.BaseTest -- Verify navigate successfully
13554 [TestNG-tests-1] INFO  com.yenpractice.reservationflight.BaseTest -- Register Lily
14636 [TestNG-tests-1] INFO  com.yenpractice.reservationflight.BaseTest -- Verify register successfully
15297 [TestNG-tests-1] INFO  com.yenpractice.reservationflight.BaseTest -- Click flight search
15386 [TestNG-tests-1] INFO  com.yenpractice.reservationflight.BaseTest -- Verify at select flights
16005 [TestNG-tests-1] INFO  com.yenpractice.reservationflight.BaseTest -- Choose flight criteria and search
16594 [TestNG-tests-1] INFO  com.yenpractice.reservationflight.BaseTest -- Verify at search flights
17212 [TestNG-tests-1] INFO  com.yenpractice.reservationflight.BaseTest -- Choose departure and arrival
17466 [TestNG-tests-1] INFO  com.yenpractice.reservationflight.BaseTest -- Verify at flight confirmation
18634 [TestNG-tests-1] INFO  com.yenpractice.reservationflight.BaseTest -- Verify Tax
18686 [TestNG-tests-1] INFO  com.yenpractice.reservationflight.BaseTest -- Verify Total Price
18734 [TestNG-tests-1] INFO  com.yenpractice.reservationflight.BaseTest -- OS name = mac os x
18835 [TestNG-tests-1] INFO  com.yenpractice.reservationflight.BaseTest -- ---------- QUIT BROWSER SUCCESS ----------
264  [main] INFO  org.testng.internal.Utils -- [TestNG] Running:
  /Users/nguyenhaiyen/Desktop/selenium-docker/selenium-docker/src/test/resources/flight-reservation.xml

288  [TestNG-tests-1] INFO  c.yenpractice.utilities.DataLoader -- Reading data from location: .//src/test/java/com/yenpractice/config/dev.properties
288  [TestNG-tests-1] ERROR c.yenpractice.utilities.ConfigUtil -- Unable to load the config file
289  [TestNG-tests-1] INFO  com.yenpractice.reservationflight.BaseTest -- Navigate to the reservation flight
289  [TestNG-tests-1] INFO  c.yenpractice.utilities.ConfigUtil -- This is the defect need to be fixed true
292  [TestNG-tests-1] INFO  com.yenpractice.reservationflight.BaseTest -- This is remote
1987 [TestNG-tests-1] INFO  c.yenpractice.utilities.DataLoader -- Reading data from location: .//src/test/java/com/yenpractice/datamodel/data/customer_A.json
2009 [TestNG-tests-1] INFO  c.yenpractice.utilities.DataLoader -- Reading data from location: .//src/test/java/com/yenpractice/datamodel/data/flight_customer_A.json
2013 [TestNG-tests-1] INFO  com.yenpractice.reservationflight.BaseTest -- Verify navigate successfully
2116 [TestNG-tests-1] INFO  com.yenpractice.reservationflight.BaseTest -- Register Lily
3164 [TestNG-tests-1] INFO  com.yenpractice.reservationflight.BaseTest -- Verify register successfully
4958 [TestNG-tests-1] INFO  com.yenpractice.reservationflight.BaseTest -- Click flight search
5054 [TestNG-tests-1] INFO  com.yenpractice.reservationflight.BaseTest -- Verify at select flights
5679 [TestNG-tests-1] INFO  com.yenpractice.reservationflight.BaseTest -- Choose flight criteria and search
6281 [TestNG-tests-1] INFO  com.yenpractice.reservationflight.BaseTest -- Verify at search flights
8559 [TestNG-tests-1] INFO  com.yenpractice.reservationflight.BaseTest -- Choose departure and arrival
8824 [TestNG-tests-1] INFO  com.yenpractice.reservationflight.BaseTest -- Verify at flight confirmation
9452 [TestNG-tests-1] INFO  com.yenpractice.reservationflight.BaseTest -- Verify Tax
9508 [TestNG-tests-1] INFO  com.yenpractice.reservationflight.BaseTest -- Verify Total Price
9574 [TestNG-tests-1] INFO  com.yenpractice.reservationflight.BaseTest -- OS name = mac os x
9684 [TestNG-tests-1] INFO  com.yenpractice.reservationflight.BaseTest -- ---------- QUIT BROWSER SUCCESS ----------
9685 [TestNG-tests-1] INFO  c.yenpractice.utilities.DataLoader -- Reading data from location: .//src/test/java/com/yenpractice/config/dev.properties
9686 [TestNG-tests-1] ERROR c.yenpractice.utilities.ConfigUtil -- Unable to load the config file
9686 [TestNG-tests-1] INFO  com.yenpractice.reservationflight.BaseTest -- Navigate to the reservation flight
9686 [TestNG-tests-1] INFO  c.yenpractice.utilities.ConfigUtil -- This is the defect need to be fixed true
9686 [TestNG-tests-1] INFO  com.yenpractice.reservationflight.BaseTest -- This is remote
10985 [TestNG-tests-1] INFO  c.yenpractice.utilities.DataLoader -- Reading data from location: .//src/test/java/com/yenpractice/datamodel/data/customer_A.json
10996 [TestNG-tests-1] INFO  c.yenpractice.utilities.DataLoader -- Reading data from location: .//src/test/java/com/yenpractice/datamodel/data/flight_customer_A.json
10997 [TestNG-tests-1] INFO  com.yenpractice.reservationflight.BaseTest -- Verify navigate successfully
11074 [TestNG-tests-1] INFO  com.yenpractice.reservationflight.BaseTest -- Register Lily
12091 [TestNG-tests-1] INFO  com.yenpractice.reservationflight.BaseTest -- Verify register successfully
12823 [TestNG-tests-1] INFO  com.yenpractice.reservationflight.BaseTest -- Click flight search
12921 [TestNG-tests-1] INFO  com.yenpractice.reservationflight.BaseTest -- Verify at select flights
14121 [TestNG-tests-1] INFO  com.yenpractice.reservationflight.BaseTest -- Choose flight criteria and search
14652 [TestNG-tests-1] INFO  com.yenpractice.reservationflight.BaseTest -- Verify at search flights
15254 [TestNG-tests-1] INFO  com.yenpractice.reservationflight.BaseTest -- Choose departure and arrival
15533 [TestNG-tests-1] INFO  com.yenpractice.reservationflight.BaseTest -- Verify at flight confirmation
17249 [TestNG-tests-1] INFO  com.yenpractice.reservationflight.BaseTest -- Verify Tax
17301 [TestNG-tests-1] INFO  com.yenpractice.reservationflight.BaseTest -- Verify Total Price
17365 [TestNG-tests-1] INFO  com.yenpractice.reservationflight.BaseTest -- OS name = mac os x
17474 [TestNG-tests-1] INFO  com.yenpractice.reservationflight.BaseTest -- ---------- QUIT BROWSER SUCCESS ----------
198  [TestNG-tests-1] INFO  c.yenpractice.utilities.DataLoader -- Reading data from location: .//src/test/java/com/yenpractice/config/dev.properties
200  [TestNG-tests-1] INFO  c.yenpractice.utilities.DataLoader -- Reading data from location: .//src/test/java/com/yenpractice/config/qa.properties
201  [TestNG-tests-1] INFO  com.yenpractice.reservationflight.BaseTest -- Navigate to the reservation flight
201  [TestNG-tests-1] INFO  c.yenpractice.utilities.ConfigUtil -- This is the defect need to be fixed true
203  [TestNG-tests-1] INFO  com.yenpractice.reservationflight.BaseTest -- This is remote
1775 [TestNG-tests-1] INFO  c.yenpractice.utilities.DataLoader -- Reading data from location: .//src/test/java/com/yenpractice/datamodel/data/customer_A.json
1797 [TestNG-tests-1] INFO  c.yenpractice.utilities.DataLoader -- Reading data from location: .//src/test/java/com/yenpractice/datamodel/data/flight_customer_A.json
1799 [TestNG-tests-1] INFO  com.yenpractice.reservationflight.BaseTest -- Verify navigate successfully
1894 [TestNG-tests-1] INFO  com.yenpractice.reservationflight.BaseTest -- Register Lily
2979 [TestNG-tests-1] INFO  com.yenpractice.reservationflight.BaseTest -- Verify register successfully
3659 [TestNG-tests-1] INFO  com.yenpractice.reservationflight.BaseTest -- Click flight search
3743 [TestNG-tests-1] INFO  com.yenpractice.reservationflight.BaseTest -- Verify at select flights
5473 [TestNG-tests-1] INFO  com.yenpractice.reservationflight.BaseTest -- Choose flight criteria and search
6002 [TestNG-tests-1] INFO  com.yenpractice.reservationflight.BaseTest -- Verify at search flights
6608 [TestNG-tests-1] INFO  com.yenpractice.reservationflight.BaseTest -- Choose departure and arrival
6870 [TestNG-tests-1] INFO  com.yenpractice.reservationflight.BaseTest -- Verify at flight confirmation
7483 [TestNG-tests-1] INFO  com.yenpractice.reservationflight.BaseTest -- Verify Tax
7547 [TestNG-tests-1] INFO  com.yenpractice.reservationflight.BaseTest -- Verify Total Price
7603 [TestNG-tests-1] INFO  com.yenpractice.reservationflight.BaseTest -- OS name = mac os x
7708 [TestNG-tests-1] INFO  com.yenpractice.reservationflight.BaseTest -- ---------- QUIT BROWSER SUCCESS ----------
7710 [TestNG-tests-1] INFO  c.yenpractice.utilities.DataLoader -- Reading data from location: .//src/test/java/com/yenpractice/config/dev.properties
7710 [TestNG-tests-1] INFO  c.yenpractice.utilities.DataLoader -- Reading data from location: .//src/test/java/com/yenpractice/config/qa.properties
7710 [TestNG-tests-1] INFO  com.yenpractice.reservationflight.BaseTest -- Navigate to the reservation flight
7710 [TestNG-tests-1] INFO  c.yenpractice.utilities.ConfigUtil -- This is the defect need to be fixed true
7710 [TestNG-tests-1] INFO  com.yenpractice.reservationflight.BaseTest -- This is remote
8887 [TestNG-tests-1] INFO  c.yenpractice.utilities.DataLoader -- Reading data from location: .//src/test/java/com/yenpractice/datamodel/data/customer_A.json
8891 [TestNG-tests-1] INFO  c.yenpractice.utilities.DataLoader -- Reading data from location: .//src/test/java/com/yenpractice/datamodel/data/flight_customer_A.json
8893 [TestNG-tests-1] INFO  com.yenpractice.reservationflight.BaseTest -- Verify navigate successfully
8967 [TestNG-tests-1] INFO  com.yenpractice.reservationflight.BaseTest -- Register Lily
9909 [TestNG-tests-1] INFO  com.yenpractice.reservationflight.BaseTest -- Verify register successfully
10547 [TestNG-tests-1] INFO  com.yenpractice.reservationflight.BaseTest -- Click flight search
10627 [TestNG-tests-1] INFO  com.yenpractice.reservationflight.BaseTest -- Verify at select flights
12347 [TestNG-tests-1] INFO  com.yenpractice.reservationflight.BaseTest -- Choose flight criteria and search
12892 [TestNG-tests-1] INFO  com.yenpractice.reservationflight.BaseTest -- Verify at search flights
13510 [TestNG-tests-1] INFO  com.yenpractice.reservationflight.BaseTest -- Choose departure and arrival
13758 [TestNG-tests-1] INFO  com.yenpractice.reservationflight.BaseTest -- Verify at flight confirmation
14362 [TestNG-tests-1] INFO  com.yenpractice.reservationflight.BaseTest -- Verify Tax
14417 [TestNG-tests-1] INFO  com.yenpractice.reservationflight.BaseTest -- Verify Total Price
14461 [TestNG-tests-1] INFO  com.yenpractice.reservationflight.BaseTest -- OS name = mac os x
14562 [TestNG-tests-1] INFO  com.yenpractice.reservationflight.BaseTest -- ---------- QUIT BROWSER SUCCESS ----------
272  [main] INFO  org.testng.internal.Utils -- [TestNG] Running:
  /Users/nguyenhaiyen/Desktop/selenium-docker/selenium-docker/src/test/resources/flight-reservation.xml

299  [TestNG-tests-1] ERROR c.yenpractice.utilities.ConfigUtil -- Unable to load the config file
300  [TestNG-tests-1] INFO  com.yenpractice.reservationflight.BaseTest -- Navigate to the reservation flight
300  [TestNG-tests-1] INFO  c.yenpractice.utilities.ConfigUtil -- This is the defect need to be fixed null
300  [TestNG-tests-1] INFO  com.yenpractice.reservationflight.BaseTest -- This is local
3471 [TestNG-tests-1] INFO  c.yenpractice.utilities.DataLoader -- Reading data from location: .//src/test/java/com/yenpractice/datamodel/data/customer_A.json
3496 [TestNG-tests-1] INFO  c.yenpractice.utilities.DataLoader -- Reading data from location: .//src/test/java/com/yenpractice/datamodel/data/flight_customer_A.json
3499 [TestNG-tests-1] INFO  com.yenpractice.reservationflight.BaseTest -- Verify navigate successfully
3542 [TestNG-tests-1] INFO  com.yenpractice.reservationflight.BaseTest -- Register Lily
4092 [TestNG-tests-1] INFO  com.yenpractice.reservationflight.BaseTest -- Verify register successfully
5728 [TestNG-tests-1] INFO  com.yenpractice.reservationflight.BaseTest -- Click flight search
5787 [TestNG-tests-1] INFO  com.yenpractice.reservationflight.BaseTest -- Verify at select flights
7414 [TestNG-tests-1] INFO  com.yenpractice.reservationflight.BaseTest -- Choose flight criteria and search
7621 [TestNG-tests-1] INFO  com.yenpractice.reservationflight.BaseTest -- Verify at search flights
9231 [TestNG-tests-1] INFO  com.yenpractice.reservationflight.BaseTest -- Choose departure and arrival
9348 [TestNG-tests-1] INFO  com.yenpractice.reservationflight.BaseTest -- Verify at flight confirmation
10444 [TestNG-tests-1] INFO  com.yenpractice.reservationflight.BaseTest -- Verify Tax
10472 [TestNG-tests-1] INFO  com.yenpractice.reservationflight.BaseTest -- Verify Total Price
10494 [TestNG-tests-1] INFO  com.yenpractice.reservationflight.BaseTest -- OS name = mac os x
10600 [TestNG-tests-1] INFO  com.yenpractice.reservationflight.BaseTest -- ---------- QUIT BROWSER SUCCESS ----------
10601 [TestNG-tests-1] ERROR c.yenpractice.utilities.ConfigUtil -- Unable to load the config file
10601 [TestNG-tests-1] INFO  com.yenpractice.reservationflight.BaseTest -- Navigate to the reservation flight
10601 [TestNG-tests-1] INFO  c.yenpractice.utilities.ConfigUtil -- This is the defect need to be fixed null
10601 [TestNG-tests-1] INFO  com.yenpractice.reservationflight.BaseTest -- This is local
12651 [TestNG-tests-1] INFO  c.yenpractice.utilities.DataLoader -- Reading data from location: .//src/test/java/com/yenpractice/datamodel/data/customer_A.json
12654 [TestNG-tests-1] INFO  c.yenpractice.utilities.DataLoader -- Reading data from location: .//src/test/java/com/yenpractice/datamodel/data/flight_customer_A.json
12654 [TestNG-tests-1] INFO  com.yenpractice.reservationflight.BaseTest -- Verify navigate successfully
12681 [TestNG-tests-1] INFO  com.yenpractice.reservationflight.BaseTest -- Register Lily
13197 [TestNG-tests-1] INFO  com.yenpractice.reservationflight.BaseTest -- Verify register successfully
14830 [TestNG-tests-1] INFO  com.yenpractice.reservationflight.BaseTest -- Click flight search
14881 [TestNG-tests-1] INFO  com.yenpractice.reservationflight.BaseTest -- Verify at select flights
15965 [TestNG-tests-1] INFO  com.yenpractice.reservationflight.BaseTest -- Choose flight criteria and search
16185 [TestNG-tests-1] INFO  com.yenpractice.reservationflight.BaseTest -- Verify at search flights
17252 [TestNG-tests-1] INFO  com.yenpractice.reservationflight.BaseTest -- Choose departure and arrival
17370 [TestNG-tests-1] INFO  com.yenpractice.reservationflight.BaseTest -- Verify at flight confirmation
18988 [TestNG-tests-1] INFO  com.yenpractice.reservationflight.BaseTest -- Verify Tax
19017 [TestNG-tests-1] INFO  com.yenpractice.reservationflight.BaseTest -- Verify Total Price
19037 [TestNG-tests-1] INFO  com.yenpractice.reservationflight.BaseTest -- OS name = mac os x
19134 [TestNG-tests-1] INFO  com.yenpractice.reservationflight.BaseTest -- ---------- QUIT BROWSER SUCCESS ----------
256  [main] INFO  org.testng.internal.Utils -- [TestNG] Running:
  /Users/nguyenhaiyen/Desktop/selenium-docker/selenium-docker/src/test/resources/flight-reservation.xml

285  [TestNG-tests-1] ERROR c.yenpractice.utilities.ConfigUtil -- Unable to load the config file
285  [TestNG-tests-1] INFO  com.yenpractice.reservationflight.BaseTest -- Navigate to the reservation flight
285  [TestNG-tests-1] INFO  c.yenpractice.utilities.ConfigUtil -- This is the defect need to be fixed null
285  [TestNG-tests-1] INFO  com.yenpractice.reservationflight.BaseTest -- This is local
5255 [TestNG-tests-1] INFO  c.yenpractice.utilities.DataLoader -- Reading data from location: .//src/test/java/com/yenpractice/datamodel/data/customer_A.json
5281 [TestNG-tests-1] INFO  c.yenpractice.utilities.DataLoader -- Reading data from location: .//src/test/java/com/yenpractice/datamodel/data/flight_customer_A.json
5285 [TestNG-tests-1] INFO  com.yenpractice.reservationflight.BaseTest -- Verify navigate successfully
5322 [TestNG-tests-1] INFO  com.yenpractice.reservationflight.BaseTest -- Register Lily
5820 [TestNG-tests-1] INFO  com.yenpractice.reservationflight.BaseTest -- Verify register successfully
6390 [TestNG-tests-1] INFO  com.yenpractice.reservationflight.BaseTest -- Click flight search
6457 [TestNG-tests-1] INFO  com.yenpractice.reservationflight.BaseTest -- Verify at select flights
7019 [TestNG-tests-1] INFO  com.yenpractice.reservationflight.BaseTest -- Choose flight criteria and search
7223 [TestNG-tests-1] INFO  com.yenpractice.reservationflight.BaseTest -- Verify at search flights
8304 [TestNG-tests-1] INFO  com.yenpractice.reservationflight.BaseTest -- Choose departure and arrival
8419 [TestNG-tests-1] INFO  com.yenpractice.reservationflight.BaseTest -- Verify at flight confirmation
10023 [TestNG-tests-1] INFO  com.yenpractice.reservationflight.BaseTest -- Verify Tax
10055 [TestNG-tests-1] INFO  com.yenpractice.reservationflight.BaseTest -- Verify Total Price
10082 [TestNG-tests-1] INFO  com.yenpractice.reservationflight.BaseTest -- OS name = mac os x
10179 [TestNG-tests-1] INFO  com.yenpractice.reservationflight.BaseTest -- ---------- QUIT BROWSER SUCCESS ----------
10180 [TestNG-tests-1] ERROR c.yenpractice.utilities.ConfigUtil -- Unable to load the config file
10180 [TestNG-tests-1] INFO  com.yenpractice.reservationflight.BaseTest -- Navigate to the reservation flight
10180 [TestNG-tests-1] INFO  c.yenpractice.utilities.ConfigUtil -- This is the defect need to be fixed null
10180 [TestNG-tests-1] INFO  com.yenpractice.reservationflight.BaseTest -- This is local
12216 [TestNG-tests-1] INFO  c.yenpractice.utilities.DataLoader -- Reading data from location: .//src/test/java/com/yenpractice/datamodel/data/customer_A.json
12218 [TestNG-tests-1] INFO  c.yenpractice.utilities.DataLoader -- Reading data from location: .//src/test/java/com/yenpractice/datamodel/data/flight_customer_A.json
12218 [TestNG-tests-1] INFO  com.yenpractice.reservationflight.BaseTest -- Verify navigate successfully
12249 [TestNG-tests-1] INFO  com.yenpractice.reservationflight.BaseTest -- Register Lily
12711 [TestNG-tests-1] INFO  com.yenpractice.reservationflight.BaseTest -- Verify register successfully
14355 [TestNG-tests-1] INFO  com.yenpractice.reservationflight.BaseTest -- Click flight search
14459 [TestNG-tests-1] INFO  com.yenpractice.reservationflight.BaseTest -- Verify at select flights
15090 [TestNG-tests-1] INFO  com.yenpractice.reservationflight.BaseTest -- Choose flight criteria and search
15299 [TestNG-tests-1] INFO  com.yenpractice.reservationflight.BaseTest -- Verify at search flights
16926 [TestNG-tests-1] INFO  com.yenpractice.reservationflight.BaseTest -- Choose departure and arrival
17051 [TestNG-tests-1] INFO  com.yenpractice.reservationflight.BaseTest -- Verify at flight confirmation
18141 [TestNG-tests-1] INFO  com.yenpractice.reservationflight.BaseTest -- Verify Tax
18162 [TestNG-tests-1] INFO  com.yenpractice.reservationflight.BaseTest -- Verify Total Price
18186 [TestNG-tests-1] INFO  com.yenpractice.reservationflight.BaseTest -- OS name = mac os x
18278 [TestNG-tests-1] INFO  com.yenpractice.reservationflight.BaseTest -- ---------- QUIT BROWSER SUCCESS ----------
266  [main] INFO  org.testng.internal.Utils -- [TestNG] Running:
  /Users/nguyenhaiyen/Desktop/selenium-docker/selenium-docker/src/test/resources/flight-reservation.xml

295  [TestNG-tests-1] INFO  c.yenpractice.utilities.DataLoader -- Reading data from location: .//src/test/java/com/yenpractice/config/dev.properties
297  [TestNG-tests-1] ERROR c.yenpractice.utilities.ConfigUtil -- Unable to load the config file
298  [TestNG-tests-1] INFO  com.yenpractice.reservationflight.BaseTest -- Navigate to the reservation flight
298  [TestNG-tests-1] INFO  c.yenpractice.utilities.ConfigUtil -- This is the defect need to be fixed true
301  [TestNG-tests-1] INFO  com.yenpractice.reservationflight.BaseTest -- This is remote
2280 [TestNG-tests-1] INFO  c.yenpractice.utilities.DataLoader -- Reading data from location: .//src/test/java/com/yenpractice/datamodel/data/customer_A.json
2302 [TestNG-tests-1] INFO  c.yenpractice.utilities.DataLoader -- Reading data from location: .//src/test/java/com/yenpractice/datamodel/data/flight_customer_A.json
2305 [TestNG-tests-1] INFO  com.yenpractice.reservationflight.BaseTest -- Verify navigate successfully
2422 [TestNG-tests-1] INFO  com.yenpractice.reservationflight.BaseTest -- Register Lily
3492 [TestNG-tests-1] INFO  com.yenpractice.reservationflight.BaseTest -- Verify register successfully
4166 [TestNG-tests-1] INFO  com.yenpractice.reservationflight.BaseTest -- Click flight search
4270 [TestNG-tests-1] INFO  com.yenpractice.reservationflight.BaseTest -- Verify at select flights
6531 [TestNG-tests-1] INFO  com.yenpractice.reservationflight.BaseTest -- Choose flight criteria and search
7110 [TestNG-tests-1] INFO  com.yenpractice.reservationflight.BaseTest -- Verify at search flights
9387 [TestNG-tests-1] INFO  com.yenpractice.reservationflight.BaseTest -- Choose departure and arrival
9632 [TestNG-tests-1] INFO  com.yenpractice.reservationflight.BaseTest -- Verify at flight confirmation
10813 [TestNG-tests-1] INFO  com.yenpractice.reservationflight.BaseTest -- Verify Tax
10860 [TestNG-tests-1] INFO  com.yenpractice.reservationflight.BaseTest -- Verify Total Price
10908 [TestNG-tests-1] INFO  com.yenpractice.reservationflight.BaseTest -- OS name = mac os x
11020 [TestNG-tests-1] INFO  com.yenpractice.reservationflight.BaseTest -- ---------- QUIT BROWSER SUCCESS ----------
11021 [TestNG-tests-1] INFO  c.yenpractice.utilities.DataLoader -- Reading data from location: .//src/test/java/com/yenpractice/config/dev.properties
11022 [TestNG-tests-1] ERROR c.yenpractice.utilities.ConfigUtil -- Unable to load the config file
11022 [TestNG-tests-1] INFO  com.yenpractice.reservationflight.BaseTest -- Navigate to the reservation flight
11022 [TestNG-tests-1] INFO  c.yenpractice.utilities.ConfigUtil -- This is the defect need to be fixed true
11022 [TestNG-tests-1] INFO  com.yenpractice.reservationflight.BaseTest -- This is remote
12134 [TestNG-tests-1] INFO  c.yenpractice.utilities.DataLoader -- Reading data from location: .//src/test/java/com/yenpractice/datamodel/data/customer_A.json
12136 [TestNG-tests-1] INFO  c.yenpractice.utilities.DataLoader -- Reading data from location: .//src/test/java/com/yenpractice/datamodel/data/flight_customer_A.json
12137 [TestNG-tests-1] INFO  com.yenpractice.reservationflight.BaseTest -- Verify navigate successfully
12219 [TestNG-tests-1] INFO  com.yenpractice.reservationflight.BaseTest -- Register Lily
13311 [TestNG-tests-1] INFO  com.yenpractice.reservationflight.BaseTest -- Verify register successfully
14531 [TestNG-tests-1] INFO  com.yenpractice.reservationflight.BaseTest -- Click flight search
14612 [TestNG-tests-1] INFO  com.yenpractice.reservationflight.BaseTest -- Verify at select flights
16889 [TestNG-tests-1] INFO  com.yenpractice.reservationflight.BaseTest -- Choose flight criteria and search
17570 [TestNG-tests-1] INFO  com.yenpractice.reservationflight.BaseTest -- Verify at search flights
18178 [TestNG-tests-1] INFO  com.yenpractice.reservationflight.BaseTest -- Choose departure and arrival
18442 [TestNG-tests-1] INFO  com.yenpractice.reservationflight.BaseTest -- Verify at flight confirmation
19054 [TestNG-tests-1] INFO  com.yenpractice.reservationflight.BaseTest -- Verify Tax
19110 [TestNG-tests-1] INFO  com.yenpractice.reservationflight.BaseTest -- Verify Total Price
19155 [TestNG-tests-1] INFO  com.yenpractice.reservationflight.BaseTest -- OS name = mac os x
19271 [TestNG-tests-1] INFO  com.yenpractice.reservationflight.BaseTest -- ---------- QUIT BROWSER SUCCESS ----------
200  [TestNG-tests-1] INFO  c.yenpractice.utilities.DataLoader -- Reading data from location: .//src/test/java/com/yenpractice/config/dev.properties
202  [TestNG-tests-1] INFO  c.yenpractice.utilities.DataLoader -- Reading data from location: .//src/test/java/com/yenpractice/config/qa.properties
202  [TestNG-tests-1] INFO  com.yenpractice.reservationflight.BaseTest -- Navigate to the reservation flight
202  [TestNG-tests-1] INFO  c.yenpractice.utilities.ConfigUtil -- This is the defect need to be fixed false
202  [TestNG-tests-1] INFO  com.yenpractice.reservationflight.BaseTest -- This is local
3935 [TestNG-tests-1] INFO  c.yenpractice.utilities.DataLoader -- Reading data from location: .//src/test/java/com/yenpractice/datamodel/data/customer_A.json
3957 [TestNG-tests-1] INFO  c.yenpractice.utilities.DataLoader -- Reading data from location: .//src/test/java/com/yenpractice/datamodel/data/flight_customer_A.json
3959 [TestNG-tests-1] INFO  com.yenpractice.reservationflight.BaseTest -- Verify navigate successfully
3999 [TestNG-tests-1] INFO  com.yenpractice.reservationflight.BaseTest -- Register Lily
4528 [TestNG-tests-1] INFO  com.yenpractice.reservationflight.BaseTest -- Verify register successfully
5107 [TestNG-tests-1] INFO  com.yenpractice.reservationflight.BaseTest -- Click flight search
5186 [TestNG-tests-1] INFO  com.yenpractice.reservationflight.BaseTest -- Verify at select flights
5737 [TestNG-tests-1] INFO  com.yenpractice.reservationflight.BaseTest -- Choose flight criteria and search
5945 [TestNG-tests-1] INFO  com.yenpractice.reservationflight.BaseTest -- Verify at search flights
7018 [TestNG-tests-1] INFO  com.yenpractice.reservationflight.BaseTest -- Choose departure and arrival
7133 [TestNG-tests-1] INFO  com.yenpractice.reservationflight.BaseTest -- Verify at flight confirmation
9272 [TestNG-tests-1] INFO  com.yenpractice.reservationflight.BaseTest -- Verify Tax
9303 [TestNG-tests-1] INFO  com.yenpractice.reservationflight.BaseTest -- Verify Total Price
9328 [TestNG-tests-1] INFO  com.yenpractice.reservationflight.BaseTest -- OS name = mac os x
9425 [TestNG-tests-1] INFO  com.yenpractice.reservationflight.BaseTest -- ---------- QUIT BROWSER SUCCESS ----------
9426 [TestNG-tests-1] INFO  c.yenpractice.utilities.DataLoader -- Reading data from location: .//src/test/java/com/yenpractice/config/dev.properties
9427 [TestNG-tests-1] INFO  c.yenpractice.utilities.DataLoader -- Reading data from location: .//src/test/java/com/yenpractice/config/qa.properties
9427 [TestNG-tests-1] INFO  com.yenpractice.reservationflight.BaseTest -- Navigate to the reservation flight
9427 [TestNG-tests-1] INFO  c.yenpractice.utilities.ConfigUtil -- This is the defect need to be fixed false
9427 [TestNG-tests-1] INFO  com.yenpractice.reservationflight.BaseTest -- This is local
11526 [TestNG-tests-1] INFO  c.yenpractice.utilities.DataLoader -- Reading data from location: .//src/test/java/com/yenpractice/datamodel/data/customer_A.json
11527 [TestNG-tests-1] INFO  c.yenpractice.utilities.DataLoader -- Reading data from location: .//src/test/java/com/yenpractice/datamodel/data/flight_customer_A.json
11528 [TestNG-tests-1] INFO  com.yenpractice.reservationflight.BaseTest -- Verify navigate successfully
11554 [TestNG-tests-1] INFO  com.yenpractice.reservationflight.BaseTest -- Register Lily
12108 [TestNG-tests-1] INFO  com.yenpractice.reservationflight.BaseTest -- Verify register successfully
13233 [TestNG-tests-1] INFO  com.yenpractice.reservationflight.BaseTest -- Click flight search
13293 [TestNG-tests-1] INFO  com.yenpractice.reservationflight.BaseTest -- Verify at select flights
14915 [TestNG-tests-1] INFO  com.yenpractice.reservationflight.BaseTest -- Choose flight criteria and search
15119 [TestNG-tests-1] INFO  com.yenpractice.reservationflight.BaseTest -- Verify at search flights
17258 [TestNG-tests-1] INFO  com.yenpractice.reservationflight.BaseTest -- Choose departure and arrival
17366 [TestNG-tests-1] INFO  com.yenpractice.reservationflight.BaseTest -- Verify at flight confirmation
18977 [TestNG-tests-1] INFO  com.yenpractice.reservationflight.BaseTest -- Verify Tax
19007 [TestNG-tests-1] INFO  com.yenpractice.reservationflight.BaseTest -- Verify Total Price
19028 [TestNG-tests-1] INFO  com.yenpractice.reservationflight.BaseTest -- OS name = mac os x
19125 [TestNG-tests-1] INFO  com.yenpractice.reservationflight.BaseTest -- ---------- QUIT BROWSER SUCCESS ----------
264  [main] INFO  org.testng.internal.Utils -- [TestNG] Running:
  /Users/nguyenhaiyen/Desktop/selenium-docker/selenium-docker/src/test/resources/flight-reservation.xml

289  [TestNG-tests-2] INFO  c.yenpractice.utilities.DataLoader -- Reading data from location: .//src/test/java/com/yenpractice/config/dev.properties
289  [TestNG-tests-1] INFO  c.yenpractice.utilities.DataLoader -- Reading data from location: .//src/test/java/com/yenpractice/config/dev.properties
289  [TestNG-tests-1] ERROR c.yenpractice.utilities.ConfigUtil -- Unable to load the config file
289  [TestNG-tests-2] ERROR c.yenpractice.utilities.ConfigUtil -- Unable to load the config file
290  [TestNG-tests-1] INFO  com.yenpractice.reservationflight.BaseTest -- Navigate to the reservation flight
290  [TestNG-tests-2] INFO  com.yenpractice.reservationflight.BaseTest -- Navigate to the reservation flight
290  [TestNG-tests-1] INFO  c.yenpractice.utilities.ConfigUtil -- This is the defect need to be fixed true
290  [TestNG-tests-2] INFO  c.yenpractice.utilities.ConfigUtil -- This is the defect need to be fixed true
293  [TestNG-tests-2] INFO  com.yenpractice.reservationflight.BaseTest -- This is remote
293  [TestNG-tests-1] INFO  com.yenpractice.reservationflight.BaseTest -- This is remote
1945 [TestNG-tests-1] INFO  c.yenpractice.utilities.DataLoader -- Reading data from location: .//src/test/java/com/yenpractice/datamodel/data/customer_A.json
1972 [TestNG-tests-1] INFO  c.yenpractice.utilities.DataLoader -- Reading data from location: .//src/test/java/com/yenpractice/datamodel/data/flight_customer_A.json
1975 [TestNG-tests-1] INFO  com.yenpractice.reservationflight.BaseTest -- Verify navigate successfully
2056 [TestNG-tests-1] INFO  com.yenpractice.reservationflight.BaseTest -- Register Lily
3600 [TestNG-tests-1] INFO  com.yenpractice.reservationflight.BaseTest -- Verify register successfully
4691 [TestNG-tests-2] INFO  c.yenpractice.utilities.DataLoader -- Reading data from location: .//src/test/java/com/yenpractice/datamodel/data/customer_A.json
4692 [TestNG-tests-2] INFO  c.yenpractice.utilities.DataLoader -- Reading data from location: .//src/test/java/com/yenpractice/datamodel/data/flight_customer_A.json
4693 [TestNG-tests-2] INFO  com.yenpractice.reservationflight.BaseTest -- Verify navigate successfully
4801 [TestNG-tests-2] INFO  com.yenpractice.reservationflight.BaseTest -- Register Lily
4828 [TestNG-tests-1] INFO  com.yenpractice.reservationflight.BaseTest -- Click flight search
5036 [TestNG-tests-1] INFO  com.yenpractice.reservationflight.BaseTest -- Verify at select flights
5664 [TestNG-tests-1] INFO  com.yenpractice.reservationflight.BaseTest -- Choose flight criteria and search
6051 [TestNG-tests-2] INFO  com.yenpractice.reservationflight.BaseTest -- Verify register successfully
6211 [TestNG-tests-1] INFO  com.yenpractice.reservationflight.BaseTest -- Verify at search flights
6804 [TestNG-tests-1] INFO  com.yenpractice.reservationflight.BaseTest -- Choose departure and arrival
7042 [TestNG-tests-1] INFO  com.yenpractice.reservationflight.BaseTest -- Verify at flight confirmation
7737 [TestNG-tests-2] INFO  com.yenpractice.reservationflight.BaseTest -- Click flight search
7824 [TestNG-tests-2] INFO  com.yenpractice.reservationflight.BaseTest -- Verify at select flights
8193 [TestNG-tests-1] INFO  com.yenpractice.reservationflight.BaseTest -- Verify Tax
8243 [TestNG-tests-1] INFO  com.yenpractice.reservationflight.BaseTest -- Verify Total Price
8292 [TestNG-tests-1] INFO  com.yenpractice.reservationflight.BaseTest -- OS name = mac os x
8427 [TestNG-tests-1] INFO  com.yenpractice.reservationflight.BaseTest -- ---------- QUIT BROWSER SUCCESS ----------
8430 [TestNG-tests-1] INFO  c.yenpractice.utilities.DataLoader -- Reading data from location: .//src/test/java/com/yenpractice/config/dev.properties
8430 [TestNG-tests-1] ERROR c.yenpractice.utilities.ConfigUtil -- Unable to load the config file
8431 [TestNG-tests-1] INFO  com.yenpractice.reservationflight.BaseTest -- Navigate to the reservation flight
8431 [TestNG-tests-1] INFO  c.yenpractice.utilities.ConfigUtil -- This is the defect need to be fixed true
8431 [TestNG-tests-1] INFO  com.yenpractice.reservationflight.BaseTest -- This is remote
9038 [TestNG-tests-2] INFO  com.yenpractice.reservationflight.BaseTest -- Choose flight criteria and search
9643 [TestNG-tests-1] INFO  c.yenpractice.utilities.DataLoader -- Reading data from location: .//src/test/java/com/yenpractice/datamodel/data/customer_A.json
9645 [TestNG-tests-1] INFO  c.yenpractice.utilities.DataLoader -- Reading data from location: .//src/test/java/com/yenpractice/datamodel/data/flight_customer_A.json
9645 [TestNG-tests-1] INFO  com.yenpractice.reservationflight.BaseTest -- Verify navigate successfully
9724 [TestNG-tests-1] INFO  com.yenpractice.reservationflight.BaseTest -- Register Lily
10364 [TestNG-tests-2] INFO  com.yenpractice.reservationflight.BaseTest -- Verify at search flights
10808 [TestNG-tests-1] INFO  com.yenpractice.reservationflight.BaseTest -- Verify register successfully
12043 [TestNG-tests-2] INFO  com.yenpractice.reservationflight.BaseTest -- Choose departure and arrival
12571 [TestNG-tests-1] INFO  com.yenpractice.reservationflight.BaseTest -- Click flight search
12669 [TestNG-tests-1] INFO  com.yenpractice.reservationflight.BaseTest -- Verify at select flights
12942 [TestNG-tests-2] INFO  com.yenpractice.reservationflight.BaseTest -- Verify at flight confirmation
13277 [TestNG-tests-1] INFO  com.yenpractice.reservationflight.BaseTest -- Choose flight criteria and search
14105 [TestNG-tests-1] INFO  com.yenpractice.reservationflight.BaseTest -- Verify at search flights
14165 [TestNG-tests-2] INFO  com.yenpractice.reservationflight.BaseTest -- Verify Tax
14213 [TestNG-tests-2] INFO  com.yenpractice.reservationflight.BaseTest -- Verify Total Price
14251 [TestNG-tests-2] INFO  com.yenpractice.reservationflight.BaseTest -- OS name = mac os x
14728 [TestNG-tests-1] INFO  com.yenpractice.reservationflight.BaseTest -- Choose departure and arrival
14886 [TestNG-tests-2] INFO  com.yenpractice.reservationflight.BaseTest -- ---------- QUIT BROWSER SUCCESS ----------
14887 [TestNG-tests-2] INFO  c.yenpractice.utilities.DataLoader -- Reading data from location: .//src/test/java/com/yenpractice/config/dev.properties
14888 [TestNG-tests-2] ERROR c.yenpractice.utilities.ConfigUtil -- Unable to load the config file
14888 [TestNG-tests-2] INFO  com.yenpractice.reservationflight.BaseTest -- Navigate to the reservation flight
14888 [TestNG-tests-2] INFO  c.yenpractice.utilities.ConfigUtil -- This is the defect need to be fixed true
14888 [TestNG-tests-2] INFO  com.yenpractice.reservationflight.BaseTest -- This is remote
15060 [TestNG-tests-1] INFO  com.yenpractice.reservationflight.BaseTest -- Verify at flight confirmation
15662 [TestNG-tests-1] INFO  com.yenpractice.reservationflight.BaseTest -- Verify Tax
15717 [TestNG-tests-1] INFO  com.yenpractice.reservationflight.BaseTest -- Verify Total Price
15774 [TestNG-tests-1] INFO  com.yenpractice.reservationflight.BaseTest -- OS name = mac os x
15933 [TestNG-tests-1] INFO  com.yenpractice.reservationflight.BaseTest -- ---------- QUIT BROWSER SUCCESS ----------
17468 [TestNG-tests-2] INFO  c.yenpractice.utilities.DataLoader -- Reading data from location: .//src/test/java/com/yenpractice/datamodel/data/customer_A.json
17470 [TestNG-tests-2] INFO  c.yenpractice.utilities.DataLoader -- Reading data from location: .//src/test/java/com/yenpractice/datamodel/data/flight_customer_A.json
17470 [TestNG-tests-2] INFO  com.yenpractice.reservationflight.BaseTest -- Verify navigate successfully
17532 [TestNG-tests-2] INFO  com.yenpractice.reservationflight.BaseTest -- Register Lily
18667 [TestNG-tests-2] INFO  com.yenpractice.reservationflight.BaseTest -- Verify register successfully
19885 [TestNG-tests-2] INFO  com.yenpractice.reservationflight.BaseTest -- Click flight search
19949 [TestNG-tests-2] INFO  com.yenpractice.reservationflight.BaseTest -- Verify at select flights
21666 [TestNG-tests-2] INFO  com.yenpractice.reservationflight.BaseTest -- Choose flight criteria and search
22933 [TestNG-tests-2] INFO  com.yenpractice.reservationflight.BaseTest -- Verify at search flights
24082 [TestNG-tests-2] INFO  com.yenpractice.reservationflight.BaseTest -- Choose departure and arrival
24942 [TestNG-tests-2] INFO  com.yenpractice.reservationflight.BaseTest -- Verify at flight confirmation
27196 [TestNG-tests-2] INFO  com.yenpractice.reservationflight.BaseTest -- Verify Tax
27236 [TestNG-tests-2] INFO  com.yenpractice.reservationflight.BaseTest -- Verify Total Price
27269 [TestNG-tests-2] INFO  com.yenpractice.reservationflight.BaseTest -- OS name = mac os x
27746 [TestNG-tests-2] INFO  com.yenpractice.reservationflight.BaseTest -- ---------- QUIT BROWSER SUCCESS ----------
269  [main] INFO  org.testng.internal.Utils -- [TestNG] Running:
  /Users/nguyenhaiyen/Desktop/selenium-docker/selenium-docker/src/test/resources/flight-reservation.xml

299  [TestNG-tests-2] INFO  c.yenpractice.utilities.DataLoader -- Reading data from location: .//src/test/java/com/yenpractice/config/dev.properties
300  [TestNG-tests-1] INFO  c.yenpractice.utilities.DataLoader -- Reading data from location: .//src/test/java/com/yenpractice/config/dev.properties
300  [TestNG-tests-1] ERROR c.yenpractice.utilities.ConfigUtil -- Unable to load the config file
300  [TestNG-tests-2] ERROR c.yenpractice.utilities.ConfigUtil -- Unable to load the config file
300  [TestNG-tests-1] INFO  com.yenpractice.reservationflight.BaseTest -- Navigate to the reservation flight
300  [TestNG-tests-2] INFO  com.yenpractice.reservationflight.BaseTest -- Navigate to the reservation flight
300  [TestNG-tests-1] INFO  c.yenpractice.utilities.ConfigUtil -- This is the defect need to be fixed true
300  [TestNG-tests-2] INFO  c.yenpractice.utilities.ConfigUtil -- This is the defect need to be fixed true
304  [TestNG-tests-1] INFO  com.yenpractice.reservationflight.BaseTest -- This is remote
304  [TestNG-tests-2] INFO  com.yenpractice.reservationflight.BaseTest -- This is remote
2353 [TestNG-tests-1] INFO  c.yenpractice.utilities.DataLoader -- Reading data from location: .//src/test/java/com/yenpractice/datamodel/data/customer_A.json
2384 [TestNG-tests-1] INFO  c.yenpractice.utilities.DataLoader -- Reading data from location: .//src/test/java/com/yenpractice/datamodel/data/flight_customer_A.json
2387 [TestNG-tests-1] INFO  com.yenpractice.reservationflight.BaseTest -- Verify navigate successfully
2490 [TestNG-tests-1] INFO  com.yenpractice.reservationflight.BaseTest -- Register Lily
3818 [TestNG-tests-1] INFO  com.yenpractice.reservationflight.BaseTest -- Verify register successfully
3946 [TestNG-tests-2] INFO  c.yenpractice.utilities.DataLoader -- Reading data from location: .//src/test/java/com/yenpractice/datamodel/data/customer_A.json
3947 [TestNG-tests-2] INFO  c.yenpractice.utilities.DataLoader -- Reading data from location: .//src/test/java/com/yenpractice/datamodel/data/flight_customer_A.json
3948 [TestNG-tests-2] INFO  com.yenpractice.reservationflight.BaseTest -- Verify navigate successfully
4041 [TestNG-tests-2] INFO  com.yenpractice.reservationflight.BaseTest -- Register Lily
4504 [TestNG-tests-1] INFO  com.yenpractice.reservationflight.BaseTest -- Click flight search
4647 [TestNG-tests-1] INFO  com.yenpractice.reservationflight.BaseTest -- Verify at select flights
5228 [TestNG-tests-2] INFO  com.yenpractice.reservationflight.BaseTest -- Verify register successfully
5850 [TestNG-tests-2] INFO  com.yenpractice.reservationflight.BaseTest -- Click flight search
5915 [TestNG-tests-2] INFO  com.yenpractice.reservationflight.BaseTest -- Verify at select flights
6369 [TestNG-tests-1] INFO  com.yenpractice.reservationflight.BaseTest -- Choose flight criteria and search
6919 [TestNG-tests-1] INFO  com.yenpractice.reservationflight.BaseTest -- Verify at search flights
7559 [TestNG-tests-2] INFO  com.yenpractice.reservationflight.BaseTest -- Choose flight criteria and search
8058 [TestNG-tests-1] INFO  com.yenpractice.reservationflight.BaseTest -- Choose departure and arrival
8308 [TestNG-tests-1] INFO  com.yenpractice.reservationflight.BaseTest -- Verify at flight confirmation
8740 [TestNG-tests-2] INFO  com.yenpractice.reservationflight.BaseTest -- Verify at search flights
9947 [TestNG-tests-2] INFO  com.yenpractice.reservationflight.BaseTest -- Choose departure and arrival
9982 [TestNG-tests-1] INFO  com.yenpractice.reservationflight.BaseTest -- Verify Tax
10034 [TestNG-tests-1] INFO  com.yenpractice.reservationflight.BaseTest -- Verify Total Price
10098 [TestNG-tests-1] INFO  com.yenpractice.reservationflight.BaseTest -- OS name = mac os x
10230 [TestNG-tests-1] INFO  com.yenpractice.reservationflight.BaseTest -- ---------- QUIT BROWSER SUCCESS ----------
10231 [TestNG-tests-1] INFO  c.yenpractice.utilities.DataLoader -- Reading data from location: .//src/test/java/com/yenpractice/config/dev.properties
10232 [TestNG-tests-1] ERROR c.yenpractice.utilities.ConfigUtil -- Unable to load the config file
10232 [TestNG-tests-1] INFO  com.yenpractice.reservationflight.BaseTest -- Navigate to the reservation flight
10232 [TestNG-tests-1] INFO  c.yenpractice.utilities.ConfigUtil -- This is the defect need to be fixed true
10232 [TestNG-tests-1] INFO  com.yenpractice.reservationflight.BaseTest -- This is remote
10767 [TestNG-tests-2] INFO  com.yenpractice.reservationflight.BaseTest -- Verify at flight confirmation
11344 [TestNG-tests-1] INFO  c.yenpractice.utilities.DataLoader -- Reading data from location: .//src/test/java/com/yenpractice/datamodel/data/customer_A.json
11346 [TestNG-tests-1] INFO  c.yenpractice.utilities.DataLoader -- Reading data from location: .//src/test/java/com/yenpractice/datamodel/data/flight_customer_A.json
11347 [TestNG-tests-1] INFO  com.yenpractice.reservationflight.BaseTest -- Verify navigate successfully
11413 [TestNG-tests-1] INFO  com.yenpractice.reservationflight.BaseTest -- Register Lily
11910 [TestNG-tests-2] INFO  com.yenpractice.reservationflight.BaseTest -- Verify Tax
11957 [TestNG-tests-2] INFO  com.yenpractice.reservationflight.BaseTest -- Verify Total Price
12009 [TestNG-tests-2] INFO  com.yenpractice.reservationflight.BaseTest -- OS name = mac os x
12712 [TestNG-tests-2] INFO  com.yenpractice.reservationflight.BaseTest -- ---------- QUIT BROWSER SUCCESS ----------
12714 [TestNG-tests-2] INFO  c.yenpractice.utilities.DataLoader -- Reading data from location: .//src/test/java/com/yenpractice/config/dev.properties
12715 [TestNG-tests-2] ERROR c.yenpractice.utilities.ConfigUtil -- Unable to load the config file
12715 [TestNG-tests-2] INFO  com.yenpractice.reservationflight.BaseTest -- Navigate to the reservation flight
12715 [TestNG-tests-2] INFO  c.yenpractice.utilities.ConfigUtil -- This is the defect need to be fixed true
12715 [TestNG-tests-2] INFO  com.yenpractice.reservationflight.BaseTest -- This is remote
12854 [TestNG-tests-1] INFO  com.yenpractice.reservationflight.BaseTest -- Verify register successfully
14594 [TestNG-tests-1] INFO  com.yenpractice.reservationflight.BaseTest -- Click flight search
14701 [TestNG-tests-1] INFO  com.yenpractice.reservationflight.BaseTest -- Verify at select flights
15030 [TestNG-tests-2] INFO  c.yenpractice.utilities.DataLoader -- Reading data from location: .//src/test/java/com/yenpractice/datamodel/data/customer_A.json
15036 [TestNG-tests-2] INFO  c.yenpractice.utilities.DataLoader -- Reading data from location: .//src/test/java/com/yenpractice/datamodel/data/flight_customer_A.json
15037 [TestNG-tests-2] INFO  com.yenpractice.reservationflight.BaseTest -- Verify navigate successfully
15102 [TestNG-tests-2] INFO  com.yenpractice.reservationflight.BaseTest -- Register Lily
16087 [TestNG-tests-2] INFO  com.yenpractice.reservationflight.BaseTest -- Verify register successfully
16426 [TestNG-tests-1] INFO  com.yenpractice.reservationflight.BaseTest -- Choose flight criteria and search
16956 [TestNG-tests-1] INFO  com.yenpractice.reservationflight.BaseTest -- Verify at search flights
17242 [TestNG-tests-2] INFO  com.yenpractice.reservationflight.BaseTest -- Click flight search
17303 [TestNG-tests-2] INFO  com.yenpractice.reservationflight.BaseTest -- Verify at select flights
18473 [TestNG-tests-2] INFO  com.yenpractice.reservationflight.BaseTest -- Choose flight criteria and search
19148 [TestNG-tests-1] INFO  com.yenpractice.reservationflight.BaseTest -- Choose departure and arrival
19401 [TestNG-tests-1] INFO  com.yenpractice.reservationflight.BaseTest -- Verify at flight confirmation
19663 [TestNG-tests-2] INFO  com.yenpractice.reservationflight.BaseTest -- Verify at search flights
20019 [TestNG-tests-1] INFO  com.yenpractice.reservationflight.BaseTest -- Verify Tax
20093 [TestNG-tests-1] INFO  com.yenpractice.reservationflight.BaseTest -- Verify Total Price
20151 [TestNG-tests-1] INFO  com.yenpractice.reservationflight.BaseTest -- OS name = mac os x
20262 [TestNG-tests-1] INFO  com.yenpractice.reservationflight.BaseTest -- ---------- QUIT BROWSER SUCCESS ----------
21408 [TestNG-tests-2] INFO  com.yenpractice.reservationflight.BaseTest -- Choose departure and arrival
22266 [TestNG-tests-2] INFO  com.yenpractice.reservationflight.BaseTest -- Verify at flight confirmation
22327 [TestNG-tests-2] INFO  com.yenpractice.reservationflight.BaseTest -- Verify Tax
22388 [TestNG-tests-2] INFO  com.yenpractice.reservationflight.BaseTest -- Verify Total Price
22422 [TestNG-tests-2] INFO  com.yenpractice.reservationflight.BaseTest -- OS name = mac os x
23042 [TestNG-tests-2] INFO  com.yenpractice.reservationflight.BaseTest -- ---------- QUIT BROWSER SUCCESS ----------
289  [main] INFO  org.testng.internal.Utils -- [TestNG] Running:
  /Users/nguyenhaiyen/Desktop/selenium-docker/selenium-docker/src/test/resources/flight-reservation.xml

327  [TestNG-tests-1] INFO  c.yenpractice.utilities.DataLoader -- Reading data from location: .//src/test/java/com/yenpractice/config/dev.properties
327  [TestNG-tests-2] INFO  c.yenpractice.utilities.DataLoader -- Reading data from location: .//src/test/java/com/yenpractice/config/dev.properties
328  [TestNG-tests-2] ERROR c.yenpractice.utilities.ConfigUtil -- Unable to load the config file
328  [TestNG-tests-1] ERROR c.yenpractice.utilities.ConfigUtil -- Unable to load the config file
328  [TestNG-tests-2] INFO  com.yenpractice.reservationflight.BaseTest -- Navigate to the reservation flight
328  [TestNG-tests-1] INFO  com.yenpractice.reservationflight.BaseTest -- Navigate to the reservation flight
328  [TestNG-tests-2] INFO  c.yenpractice.utilities.ConfigUtil -- This is the defect need to be fixed true
328  [TestNG-tests-1] INFO  c.yenpractice.utilities.ConfigUtil -- This is the defect need to be fixed true
332  [TestNG-tests-2] INFO  com.yenpractice.reservationflight.BaseTest -- This is remote
332  [TestNG-tests-1] INFO  com.yenpractice.reservationflight.BaseTest -- This is remote
3842 [TestNG-tests-1] INFO  c.yenpractice.utilities.DataLoader -- Reading data from location: .//src/test/java/com/yenpractice/datamodel/data/customer_A.json
3870 [TestNG-tests-1] INFO  c.yenpractice.utilities.DataLoader -- Reading data from location: .//src/test/java/com/yenpractice/datamodel/data/flight_customer_A.json
3875 [TestNG-tests-1] INFO  com.yenpractice.reservationflight.BaseTest -- Verify navigate successfully
4181 [TestNG-tests-1] INFO  com.yenpractice.reservationflight.BaseTest -- Register Lily
5198 [TestNG-tests-2] INFO  c.yenpractice.utilities.DataLoader -- Reading data from location: .//src/test/java/com/yenpractice/datamodel/data/customer_A.json
5202 [TestNG-tests-2] INFO  c.yenpractice.utilities.DataLoader -- Reading data from location: .//src/test/java/com/yenpractice/datamodel/data/flight_customer_A.json
5202 [TestNG-tests-2] INFO  com.yenpractice.reservationflight.BaseTest -- Verify navigate successfully
5324 [TestNG-tests-2] INFO  com.yenpractice.reservationflight.BaseTest -- Register Lily
5955 [TestNG-tests-1] INFO  com.yenpractice.reservationflight.BaseTest -- Verify register successfully
6631 [TestNG-tests-1] INFO  com.yenpractice.reservationflight.BaseTest -- Click flight search
6738 [TestNG-tests-1] INFO  com.yenpractice.reservationflight.BaseTest -- Verify at select flights
6753 [TestNG-tests-2] INFO  com.yenpractice.reservationflight.BaseTest -- Verify register successfully
8277 [TestNG-tests-1] INFO  com.yenpractice.reservationflight.BaseTest -- Choose flight criteria and search
8325 [TestNG-tests-2] INFO  com.yenpractice.reservationflight.BaseTest -- Click flight search
8412 [TestNG-tests-2] INFO  com.yenpractice.reservationflight.BaseTest -- Verify at select flights
8917 [TestNG-tests-1] INFO  com.yenpractice.reservationflight.BaseTest -- Verify at search flights
8988 [TestNG-tests-2] INFO  com.yenpractice.reservationflight.BaseTest -- Choose flight criteria and search
10108 [TestNG-tests-1] INFO  com.yenpractice.reservationflight.BaseTest -- Choose departure and arrival
10340 [TestNG-tests-2] INFO  com.yenpractice.reservationflight.BaseTest -- Verify at search flights
10392 [TestNG-tests-1] INFO  com.yenpractice.reservationflight.BaseTest -- Verify at flight confirmation
10938 [TestNG-tests-2] INFO  com.yenpractice.reservationflight.BaseTest -- Choose departure and arrival
10990 [TestNG-tests-1] INFO  com.yenpractice.reservationflight.BaseTest -- Verify Tax
11050 [TestNG-tests-1] INFO  com.yenpractice.reservationflight.BaseTest -- Verify Total Price
11102 [TestNG-tests-1] INFO  com.yenpractice.reservationflight.BaseTest -- OS name = mac os x
11222 [TestNG-tests-1] INFO  com.yenpractice.reservationflight.BaseTest -- ---------- QUIT BROWSER SUCCESS ----------
11223 [TestNG-tests-1] INFO  c.yenpractice.utilities.DataLoader -- Reading data from location: .//src/test/java/com/yenpractice/config/dev.properties
11224 [TestNG-tests-1] ERROR c.yenpractice.utilities.ConfigUtil -- Unable to load the config file
11224 [TestNG-tests-1] INFO  com.yenpractice.reservationflight.BaseTest -- Navigate to the reservation flight
11224 [TestNG-tests-1] INFO  c.yenpractice.utilities.ConfigUtil -- This is the defect need to be fixed true
11224 [TestNG-tests-1] INFO  com.yenpractice.reservationflight.BaseTest -- This is remote
11862 [TestNG-tests-2] INFO  com.yenpractice.reservationflight.BaseTest -- Verify at flight confirmation
11923 [TestNG-tests-2] INFO  com.yenpractice.reservationflight.BaseTest -- Verify Tax
11974 [TestNG-tests-2] INFO  com.yenpractice.reservationflight.BaseTest -- Verify Total Price
12021 [TestNG-tests-2] INFO  com.yenpractice.reservationflight.BaseTest -- OS name = mac os x
12562 [TestNG-tests-1] INFO  c.yenpractice.utilities.DataLoader -- Reading data from location: .//src/test/java/com/yenpractice/datamodel/data/customer_A.json
12564 [TestNG-tests-1] INFO  c.yenpractice.utilities.DataLoader -- Reading data from location: .//src/test/java/com/yenpractice/datamodel/data/flight_customer_A.json
12565 [TestNG-tests-1] INFO  com.yenpractice.reservationflight.BaseTest -- Verify navigate successfully
12649 [TestNG-tests-1] INFO  com.yenpractice.reservationflight.BaseTest -- Register Lily
12786 [TestNG-tests-2] INFO  com.yenpractice.reservationflight.BaseTest -- ---------- QUIT BROWSER SUCCESS ----------
12788 [TestNG-tests-2] INFO  c.yenpractice.utilities.DataLoader -- Reading data from location: .//src/test/java/com/yenpractice/config/dev.properties
12788 [TestNG-tests-2] ERROR c.yenpractice.utilities.ConfigUtil -- Unable to load the config file
12788 [TestNG-tests-2] INFO  com.yenpractice.reservationflight.BaseTest -- Navigate to the reservation flight
12788 [TestNG-tests-2] INFO  c.yenpractice.utilities.ConfigUtil -- This is the defect need to be fixed true
12788 [TestNG-tests-2] INFO  com.yenpractice.reservationflight.BaseTest -- This is remote
14117 [TestNG-tests-1] INFO  com.yenpractice.reservationflight.BaseTest -- Verify register successfully
15485 [TestNG-tests-2] INFO  c.yenpractice.utilities.DataLoader -- Reading data from location: .//src/test/java/com/yenpractice/datamodel/data/customer_A.json
15487 [TestNG-tests-2] INFO  c.yenpractice.utilities.DataLoader -- Reading data from location: .//src/test/java/com/yenpractice/datamodel/data/flight_customer_A.json
15488 [TestNG-tests-2] INFO  com.yenpractice.reservationflight.BaseTest -- Verify navigate successfully
15574 [TestNG-tests-2] INFO  com.yenpractice.reservationflight.BaseTest -- Register Lily
15985 [TestNG-tests-1] INFO  com.yenpractice.reservationflight.BaseTest -- Click flight search
16128 [TestNG-tests-1] INFO  com.yenpractice.reservationflight.BaseTest -- Verify at select flights
16757 [TestNG-tests-1] INFO  com.yenpractice.reservationflight.BaseTest -- Choose flight criteria and search
16894 [TestNG-tests-2] INFO  com.yenpractice.reservationflight.BaseTest -- Verify register successfully
17414 [TestNG-tests-1] INFO  com.yenpractice.reservationflight.BaseTest -- Verify at search flights
18054 [TestNG-tests-2] INFO  com.yenpractice.reservationflight.BaseTest -- Click flight search
18123 [TestNG-tests-2] INFO  com.yenpractice.reservationflight.BaseTest -- Verify at select flights
19165 [TestNG-tests-1] INFO  com.yenpractice.reservationflight.BaseTest -- Choose departure and arrival
19463 [TestNG-tests-1] INFO  com.yenpractice.reservationflight.BaseTest -- Verify at flight confirmation
19810 [TestNG-tests-2] INFO  com.yenpractice.reservationflight.BaseTest -- Choose flight criteria and search
20039 [TestNG-tests-1] INFO  com.yenpractice.reservationflight.BaseTest -- Verify Tax
20100 [TestNG-tests-1] INFO  com.yenpractice.reservationflight.BaseTest -- Verify Total Price
20149 [TestNG-tests-1] INFO  com.yenpractice.reservationflight.BaseTest -- OS name = mac os x
20259 [TestNG-tests-1] INFO  com.yenpractice.reservationflight.BaseTest -- ---------- QUIT BROWSER SUCCESS ----------
21181 [TestNG-tests-2] INFO  com.yenpractice.reservationflight.BaseTest -- Verify at search flights
22426 [TestNG-tests-2] INFO  com.yenpractice.reservationflight.BaseTest -- Choose departure and arrival
23306 [TestNG-tests-2] INFO  com.yenpractice.reservationflight.BaseTest -- Verify at flight confirmation
24471 [TestNG-tests-2] INFO  com.yenpractice.reservationflight.BaseTest -- Verify Tax
24510 [TestNG-tests-2] INFO  com.yenpractice.reservationflight.BaseTest -- Verify Total Price
24587 [TestNG-tests-2] INFO  com.yenpractice.reservationflight.BaseTest -- OS name = mac os x
25077 [TestNG-tests-2] INFO  com.yenpractice.reservationflight.BaseTest -- ---------- QUIT BROWSER SUCCESS ----------
239  [TestNG-tests-2] INFO  c.yenpractice.utilities.DataLoader -- Reading data from location: .//src/test/java/com/yenpractice/config/dev.properties
239  [TestNG-tests-1] INFO  c.yenpractice.utilities.DataLoader -- Reading data from location: .//src/test/java/com/yenpractice/config/dev.properties
242  [TestNG-tests-1] INFO  c.yenpractice.utilities.DataLoader -- Reading data from location: .//src/test/java/com/yenpractice/config/qa.properties
242  [TestNG-tests-2] INFO  c.yenpractice.utilities.DataLoader -- Reading data from location: .//src/test/java/com/yenpractice/config/qa.properties
242  [TestNG-tests-1] INFO  com.yenpractice.reservationflight.BaseTest -- Navigate to the reservation flight
242  [TestNG-tests-2] INFO  com.yenpractice.reservationflight.BaseTest -- Navigate to the reservation flight
242  [TestNG-tests-1] INFO  c.yenpractice.utilities.ConfigUtil -- This is the defect need to be fixed false
242  [TestNG-tests-2] INFO  c.yenpractice.utilities.ConfigUtil -- This is the defect need to be fixed false
242  [TestNG-tests-1] INFO  com.yenpractice.reservationflight.BaseTest -- This is local
243  [TestNG-tests-2] INFO  com.yenpractice.reservationflight.BaseTest -- This is local
3439 [TestNG-tests-1] INFO  c.yenpractice.utilities.DataLoader -- Reading data from location: .//src/test/java/com/yenpractice/datamodel/data/customer_A.json
3465 [TestNG-tests-1] INFO  c.yenpractice.utilities.DataLoader -- Reading data from location: .//src/test/java/com/yenpractice/datamodel/data/flight_customer_A.json
3471 [TestNG-tests-1] INFO  com.yenpractice.reservationflight.BaseTest -- Verify navigate successfully
3540 [TestNG-tests-1] INFO  com.yenpractice.reservationflight.BaseTest -- Register Lily
4155 [TestNG-tests-1] INFO  com.yenpractice.reservationflight.BaseTest -- Verify register successfully
4593 [TestNG-tests-2] INFO  c.yenpractice.utilities.DataLoader -- Reading data from location: .//src/test/java/com/yenpractice/datamodel/data/customer_A.json
4600 [TestNG-tests-2] INFO  c.yenpractice.utilities.DataLoader -- Reading data from location: .//src/test/java/com/yenpractice/datamodel/data/flight_customer_A.json
4601 [TestNG-tests-2] INFO  com.yenpractice.reservationflight.BaseTest -- Verify navigate successfully
4630 [TestNG-tests-2] INFO  com.yenpractice.reservationflight.BaseTest -- Register Lily
5240 [TestNG-tests-1] INFO  com.yenpractice.reservationflight.BaseTest -- Click flight search
5281 [TestNG-tests-2] INFO  com.yenpractice.reservationflight.BaseTest -- Verify register successfully
5304 [TestNG-tests-1] INFO  com.yenpractice.reservationflight.BaseTest -- Verify at select flights
6370 [TestNG-tests-2] INFO  com.yenpractice.reservationflight.BaseTest -- Click flight search
6396 [TestNG-tests-2] INFO  com.yenpractice.reservationflight.BaseTest -- Verify at select flights
6930 [TestNG-tests-2] INFO  com.yenpractice.reservationflight.BaseTest -- Choose flight criteria and search
7438 [TestNG-tests-1] INFO  com.yenpractice.reservationflight.BaseTest -- Choose flight criteria and search
7661 [TestNG-tests-1] INFO  com.yenpractice.reservationflight.BaseTest -- Verify at search flights
7885 [TestNG-tests-2] INFO  com.yenpractice.reservationflight.BaseTest -- Verify at search flights
8218 [TestNG-tests-1] INFO  com.yenpractice.reservationflight.BaseTest -- Choose departure and arrival
8337 [TestNG-tests-1] INFO  com.yenpractice.reservationflight.BaseTest -- Verify at flight confirmation
8888 [TestNG-tests-1] INFO  com.yenpractice.reservationflight.BaseTest -- Verify Tax
8918 [TestNG-tests-1] INFO  com.yenpractice.reservationflight.BaseTest -- Verify Total Price
8949 [TestNG-tests-1] INFO  com.yenpractice.reservationflight.BaseTest -- OS name = mac os x
9089 [TestNG-tests-1] INFO  com.yenpractice.reservationflight.BaseTest -- ---------- QUIT BROWSER SUCCESS ----------
9090 [TestNG-tests-1] INFO  c.yenpractice.utilities.DataLoader -- Reading data from location: .//src/test/java/com/yenpractice/config/dev.properties
9091 [TestNG-tests-1] INFO  c.yenpractice.utilities.DataLoader -- Reading data from location: .//src/test/java/com/yenpractice/config/qa.properties
9091 [TestNG-tests-1] INFO  com.yenpractice.reservationflight.BaseTest -- Navigate to the reservation flight
9091 [TestNG-tests-1] INFO  c.yenpractice.utilities.ConfigUtil -- This is the defect need to be fixed false
9091 [TestNG-tests-1] INFO  com.yenpractice.reservationflight.BaseTest -- This is local
9440 [TestNG-tests-2] INFO  com.yenpractice.reservationflight.BaseTest -- Choose departure and arrival
10151 [TestNG-tests-2] INFO  com.yenpractice.reservationflight.BaseTest -- Verify at flight confirmation
10811 [TestNG-tests-1] INFO  c.yenpractice.utilities.DataLoader -- Reading data from location: .//src/test/java/com/yenpractice/datamodel/data/customer_A.json
10812 [TestNG-tests-1] INFO  c.yenpractice.utilities.DataLoader -- Reading data from location: .//src/test/java/com/yenpractice/datamodel/data/flight_customer_A.json
10812 [TestNG-tests-1] INFO  com.yenpractice.reservationflight.BaseTest -- Verify navigate successfully
10839 [TestNG-tests-1] INFO  com.yenpractice.reservationflight.BaseTest -- Register Lily
11312 [TestNG-tests-1] INFO  com.yenpractice.reservationflight.BaseTest -- Verify register successfully
11845 [TestNG-tests-2] INFO  com.yenpractice.reservationflight.BaseTest -- Verify Tax
11861 [TestNG-tests-2] INFO  com.yenpractice.reservationflight.BaseTest -- Verify Total Price
11884 [TestNG-tests-2] INFO  com.yenpractice.reservationflight.BaseTest -- OS name = mac os x
12327 [TestNG-tests-2] INFO  com.yenpractice.reservationflight.BaseTest -- ---------- QUIT BROWSER SUCCESS ----------
12328 [TestNG-tests-2] INFO  c.yenpractice.utilities.DataLoader -- Reading data from location: .//src/test/java/com/yenpractice/config/dev.properties
12329 [TestNG-tests-2] INFO  c.yenpractice.utilities.DataLoader -- Reading data from location: .//src/test/java/com/yenpractice/config/qa.properties
12329 [TestNG-tests-2] INFO  com.yenpractice.reservationflight.BaseTest -- Navigate to the reservation flight
12329 [TestNG-tests-2] INFO  c.yenpractice.utilities.ConfigUtil -- This is the defect need to be fixed false
12329 [TestNG-tests-2] INFO  com.yenpractice.reservationflight.BaseTest -- This is local
13406 [TestNG-tests-1] INFO  com.yenpractice.reservationflight.BaseTest -- Click flight search
13479 [TestNG-tests-1] INFO  com.yenpractice.reservationflight.BaseTest -- Verify at select flights
15081 [TestNG-tests-1] INFO  com.yenpractice.reservationflight.BaseTest -- Choose flight criteria and search
15309 [TestNG-tests-1] INFO  com.yenpractice.reservationflight.BaseTest -- Verify at search flights
15733 [TestNG-tests-2] INFO  c.yenpractice.utilities.DataLoader -- Reading data from location: .//src/test/java/com/yenpractice/datamodel/data/customer_A.json
15734 [TestNG-tests-2] INFO  c.yenpractice.utilities.DataLoader -- Reading data from location: .//src/test/java/com/yenpractice/datamodel/data/flight_customer_A.json
15735 [TestNG-tests-2] INFO  com.yenpractice.reservationflight.BaseTest -- Verify navigate successfully
15765 [TestNG-tests-2] INFO  com.yenpractice.reservationflight.BaseTest -- Register Lily
16357 [TestNG-tests-1] INFO  com.yenpractice.reservationflight.BaseTest -- Choose departure and arrival
16467 [TestNG-tests-1] INFO  com.yenpractice.reservationflight.BaseTest -- Verify at flight confirmation
16482 [TestNG-tests-2] INFO  com.yenpractice.reservationflight.BaseTest -- Verify register successfully
17020 [TestNG-tests-1] INFO  com.yenpractice.reservationflight.BaseTest -- Verify Tax
17032 [TestNG-tests-2] INFO  com.yenpractice.reservationflight.BaseTest -- Click flight search
17046 [TestNG-tests-1] INFO  com.yenpractice.reservationflight.BaseTest -- Verify Total Price
17049 [TestNG-tests-2] INFO  com.yenpractice.reservationflight.BaseTest -- Verify at select flights
17068 [TestNG-tests-1] INFO  com.yenpractice.reservationflight.BaseTest -- OS name = mac os x
17164 [TestNG-tests-1] INFO  com.yenpractice.reservationflight.BaseTest -- ---------- QUIT BROWSER SUCCESS ----------
19148 [TestNG-tests-2] INFO  com.yenpractice.reservationflight.BaseTest -- Choose flight criteria and search
20101 [TestNG-tests-2] INFO  com.yenpractice.reservationflight.BaseTest -- Verify at search flights
21159 [TestNG-tests-2] INFO  com.yenpractice.reservationflight.BaseTest -- Choose departure and arrival
22053 [TestNG-tests-2] INFO  com.yenpractice.reservationflight.BaseTest -- Verify at flight confirmation
23139 [TestNG-tests-2] INFO  com.yenpractice.reservationflight.BaseTest -- Verify Tax
23162 [TestNG-tests-2] INFO  com.yenpractice.reservationflight.BaseTest -- Verify Total Price
23196 [TestNG-tests-2] INFO  com.yenpractice.reservationflight.BaseTest -- OS name = mac os x
23716 [TestNG-tests-2] INFO  com.yenpractice.reservationflight.BaseTest -- ---------- QUIT BROWSER SUCCESS ----------
268  [main] INFO  org.testng.internal.Utils -- [TestNG] Running:
  /Users/nguyenhaiyen/Desktop/selenium-docker/selenium-docker/src/test/resources/flight-reservation.xml

295  [TestNG-tests-2] INFO  c.yenpractice.utilities.DataLoader -- Reading data from location: .//src/test/java/com/yenpractice/config/dev.properties
295  [TestNG-tests-1] INFO  c.yenpractice.utilities.DataLoader -- Reading data from location: .//src/test/java/com/yenpractice/config/dev.properties
296  [TestNG-tests-1] ERROR c.yenpractice.utilities.ConfigUtil -- Unable to load the config file
296  [TestNG-tests-2] ERROR c.yenpractice.utilities.ConfigUtil -- Unable to load the config file
296  [TestNG-tests-1] INFO  c.y.reservationflight.BaseTest -- Navigate to the reservation flight
296  [TestNG-tests-1] INFO  c.yenpractice.utilities.ConfigUtil -- This is the defect need to be fixed true
296  [TestNG-tests-2] INFO  c.y.reservationflight.BaseTest -- Navigate to the reservation flight
296  [TestNG-tests-2] INFO  c.yenpractice.utilities.ConfigUtil -- This is the defect need to be fixed true
299  [TestNG-tests-2] INFO  c.y.reservationflight.BaseTest -- This is remote
299  [TestNG-tests-1] INFO  c.y.reservationflight.BaseTest -- This is remote
276  [main] INFO  org.testng.internal.Utils -- [TestNG] Running:
  /Users/nguyenhaiyen/Desktop/selenium-docker/selenium-docker/src/test/resources/flight-reservation.xml

306  [TestNG-tests-1] INFO  c.yenpractice.utilities.DataLoader -- Reading data from location: .//src/test/java/com/yenpractice/config/dev.properties
306  [TestNG-tests-2] INFO  c.yenpractice.utilities.DataLoader -- Reading data from location: .//src/test/java/com/yenpractice/config/dev.properties
307  [TestNG-tests-1] ERROR c.yenpractice.utilities.ConfigUtil -- Unable to load the config file
307  [TestNG-tests-2] ERROR c.yenpractice.utilities.ConfigUtil -- Unable to load the config file
307  [TestNG-tests-1] INFO  c.y.reservationflight.BaseTest -- Navigate to the reservation flight
307  [TestNG-tests-1] INFO  c.yenpractice.utilities.ConfigUtil -- This is the defect need to be fixed true
307  [TestNG-tests-2] INFO  c.y.reservationflight.BaseTest -- Navigate to the reservation flight
307  [TestNG-tests-2] INFO  c.yenpractice.utilities.ConfigUtil -- This is the defect need to be fixed true
310  [TestNG-tests-1] INFO  c.y.reservationflight.BaseTest -- This is remote
310  [TestNG-tests-2] INFO  c.y.reservationflight.BaseTest -- This is remote
3627 [TestNG-tests-1] INFO  c.yenpractice.utilities.DataLoader -- Reading data from location: .//src/test/java/com/yenpractice/datamodel/data/customer_A.json
3671 [TestNG-tests-1] INFO  c.yenpractice.utilities.DataLoader -- Reading data from location: .//src/test/java/com/yenpractice/datamodel/data/flight_customer_A.json
3676 [TestNG-tests-1] INFO  c.y.reservationflight.BaseTest -- Verify navigate successfully
3878 [TestNG-tests-1] INFO  c.y.reservationflight.BaseTest -- Register Lily
4823 [TestNG-tests-2] INFO  c.yenpractice.utilities.DataLoader -- Reading data from location: .//src/test/java/com/yenpractice/datamodel/data/customer_A.json
4826 [TestNG-tests-2] INFO  c.yenpractice.utilities.DataLoader -- Reading data from location: .//src/test/java/com/yenpractice/datamodel/data/flight_customer_A.json
4826 [TestNG-tests-2] INFO  c.y.reservationflight.BaseTest -- Verify navigate successfully
4969 [TestNG-tests-2] INFO  c.y.reservationflight.BaseTest -- Register Lily
5574 [TestNG-tests-1] INFO  c.y.reservationflight.BaseTest -- Verify register successfully
6323 [TestNG-tests-2] INFO  c.y.reservationflight.BaseTest -- Verify register successfully
7364 [TestNG-tests-1] INFO  c.y.reservationflight.BaseTest -- Click flight search
7465 [TestNG-tests-1] INFO  c.y.reservationflight.BaseTest -- Verify at select flights
7525 [TestNG-tests-2] INFO  c.y.reservationflight.BaseTest -- Click flight search
7591 [TestNG-tests-2] INFO  c.y.reservationflight.BaseTest -- Verify at select flights
8100 [TestNG-tests-1] INFO  c.y.reservationflight.BaseTest -- Choose flight criteria and search
8771 [TestNG-tests-2] INFO  c.y.reservationflight.BaseTest -- Choose flight criteria and search
8819 [TestNG-tests-1] INFO  c.y.reservationflight.BaseTest -- Verify at search flights
9447 [TestNG-tests-1] INFO  c.y.reservationflight.BaseTest -- Choose departure and arrival
9762 [TestNG-tests-1] INFO  c.y.reservationflight.BaseTest -- Verify at flight confirmation
10092 [TestNG-tests-2] INFO  c.y.reservationflight.BaseTest -- Verify at search flights
10961 [TestNG-tests-1] INFO  c.y.reservationflight.BaseTest -- Verify Tax
11018 [TestNG-tests-1] INFO  c.y.reservationflight.BaseTest -- Verify Total Price
11069 [TestNG-tests-1] INFO  c.y.reservationflight.BaseTest --  -------------------------- PASSED -------------------------- 
11082 [TestNG-tests-1] INFO  c.y.reservationflight.BaseTest -- OS name = mac os x
11215 [TestNG-tests-1] INFO  c.y.reservationflight.BaseTest -- ---------- QUIT BROWSER SUCCESS ----------
11216 [TestNG-tests-1] INFO  c.yenpractice.utilities.DataLoader -- Reading data from location: .//src/test/java/com/yenpractice/config/dev.properties
11217 [TestNG-tests-1] ERROR c.yenpractice.utilities.ConfigUtil -- Unable to load the config file
11217 [TestNG-tests-1] INFO  c.y.reservationflight.BaseTest -- Navigate to the reservation flight
11217 [TestNG-tests-1] INFO  c.yenpractice.utilities.ConfigUtil -- This is the defect need to be fixed true
11217 [TestNG-tests-1] INFO  c.y.reservationflight.BaseTest -- This is remote
11820 [TestNG-tests-2] INFO  c.y.reservationflight.BaseTest -- Choose departure and arrival
12444 [TestNG-tests-1] INFO  c.yenpractice.utilities.DataLoader -- Reading data from location: .//src/test/java/com/yenpractice/datamodel/data/customer_A.json
12446 [TestNG-tests-1] INFO  c.yenpractice.utilities.DataLoader -- Reading data from location: .//src/test/java/com/yenpractice/datamodel/data/flight_customer_A.json
12447 [TestNG-tests-1] INFO  c.y.reservationflight.BaseTest -- Verify navigate successfully
12543 [TestNG-tests-1] INFO  c.y.reservationflight.BaseTest -- Register Lily
12719 [TestNG-tests-2] INFO  c.y.reservationflight.BaseTest -- Verify at flight confirmation
12771 [TestNG-tests-2] INFO  c.y.reservationflight.BaseTest -- Verify Tax
12821 [TestNG-tests-2] INFO  c.y.reservationflight.BaseTest -- Verify Total Price
12861 [TestNG-tests-2] INFO  c.y.reservationflight.BaseTest --  -------------------------- PASSED -------------------------- 
12862 [TestNG-tests-2] INFO  c.y.reservationflight.BaseTest -- OS name = mac os x
13552 [TestNG-tests-2] INFO  c.y.reservationflight.BaseTest -- ---------- QUIT BROWSER SUCCESS ----------
13554 [TestNG-tests-2] INFO  c.yenpractice.utilities.DataLoader -- Reading data from location: .//src/test/java/com/yenpractice/config/dev.properties
13559 [TestNG-tests-2] ERROR c.yenpractice.utilities.ConfigUtil -- Unable to load the config file
13559 [TestNG-tests-2] INFO  c.y.reservationflight.BaseTest -- Navigate to the reservation flight
13559 [TestNG-tests-2] INFO  c.yenpractice.utilities.ConfigUtil -- This is the defect need to be fixed true
13560 [TestNG-tests-2] INFO  c.y.reservationflight.BaseTest -- This is remote
14179 [TestNG-tests-1] INFO  c.y.reservationflight.BaseTest -- Verify register successfully
15614 [TestNG-tests-1] INFO  c.y.reservationflight.BaseTest -- Click flight search
15746 [TestNG-tests-1] INFO  c.y.reservationflight.BaseTest -- Verify at select flights
16951 [TestNG-tests-1] INFO  c.y.reservationflight.BaseTest -- Choose flight criteria and search
17317 [TestNG-tests-2] INFO  c.yenpractice.utilities.DataLoader -- Reading data from location: .//src/test/java/com/yenpractice/datamodel/data/customer_A.json
17319 [TestNG-tests-2] INFO  c.yenpractice.utilities.DataLoader -- Reading data from location: .//src/test/java/com/yenpractice/datamodel/data/flight_customer_A.json
17319 [TestNG-tests-2] INFO  c.y.reservationflight.BaseTest -- Verify navigate successfully
17474 [TestNG-tests-2] INFO  c.y.reservationflight.BaseTest -- Register Lily
18111 [TestNG-tests-1] INFO  c.y.reservationflight.BaseTest -- Verify at search flights
18809 [TestNG-tests-1] INFO  c.y.reservationflight.BaseTest -- Choose departure and arrival
19012 [TestNG-tests-2] INFO  c.y.reservationflight.BaseTest -- Verify register successfully
19105 [TestNG-tests-1] INFO  c.y.reservationflight.BaseTest -- Verify at flight confirmation
19679 [TestNG-tests-1] INFO  c.y.reservationflight.BaseTest -- Verify Tax
19726 [TestNG-tests-1] INFO  c.y.reservationflight.BaseTest -- Verify Total Price
19779 [TestNG-tests-1] INFO  c.y.reservationflight.BaseTest -- OS name = mac os x
19892 [TestNG-tests-1] INFO  c.y.reservationflight.BaseTest -- ---------- QUIT BROWSER SUCCESS ----------
21350 [TestNG-tests-2] INFO  c.y.reservationflight.BaseTest -- Click flight search
21414 [TestNG-tests-2] INFO  c.y.reservationflight.BaseTest -- Verify at select flights
22636 [TestNG-tests-2] INFO  c.y.reservationflight.BaseTest -- Choose flight criteria and search
24034 [TestNG-tests-2] INFO  c.y.reservationflight.BaseTest -- Verify at search flights
25225 [TestNG-tests-2] INFO  c.y.reservationflight.BaseTest -- Choose departure and arrival
26269 [TestNG-tests-2] INFO  c.y.reservationflight.BaseTest -- Verify at flight confirmation
28015 [TestNG-tests-2] INFO  c.y.reservationflight.BaseTest -- Verify Tax
28063 [TestNG-tests-2] INFO  c.y.reservationflight.BaseTest -- Verify Total Price
28099 [TestNG-tests-2] INFO  c.y.reservationflight.BaseTest -- OS name = mac os x
28807 [TestNG-tests-2] INFO  c.y.reservationflight.BaseTest -- ---------- QUIT BROWSER SUCCESS ----------
283  [main] INFO  org.testng.internal.Utils -- [TestNG] Running:
  /Users/nguyenhaiyen/Desktop/selenium-docker/selenium-docker/src/test/resources/flight-reservation.xml

304  [TestNG-tests-2] INFO  c.yenpractice.utilities.DataLoader -- Reading data from location: .//src/test/java/com/yenpractice/config/dev.properties
304  [TestNG-tests-1] INFO  c.yenpractice.utilities.DataLoader -- Reading data from location: .//src/test/java/com/yenpractice/config/dev.properties
305  [TestNG-tests-1] ERROR c.yenpractice.utilities.ConfigUtil -- Unable to load the config file
305  [TestNG-tests-2] ERROR c.yenpractice.utilities.ConfigUtil -- Unable to load the config file
317  [TestNG-tests-2] INFO  c.y.reservationflight.BaseTest -- Navigate to the reservation flight
318  [TestNG-tests-1] INFO  c.y.reservationflight.BaseTest -- Navigate to the reservation flight
318  [TestNG-tests-1] INFO  c.yenpractice.utilities.ConfigUtil -- This is the defect need to be fixed true
318  [TestNG-tests-2] INFO  c.yenpractice.utilities.ConfigUtil -- This is the defect need to be fixed true
321  [TestNG-tests-2] INFO  c.y.reservationflight.BaseTest -- This is remote
321  [TestNG-tests-1] INFO  c.y.reservationflight.BaseTest -- This is remote
3088 [TestNG-tests-1] INFO  c.yenpractice.utilities.DataLoader -- Reading data from location: .//src/test/java/com/yenpractice/datamodel/data/customer_A.json
3117 [TestNG-tests-1] INFO  c.yenpractice.utilities.DataLoader -- Reading data from location: .//src/test/java/com/yenpractice/datamodel/data/flight_customer_A.json
3123 [TestNG-tests-1] INFO  c.y.reservationflight.BaseTest -- Verify navigate successfully
3368 [TestNG-tests-1] INFO  c.y.reservationflight.BaseTest -- Register Lily
4686 [TestNG-tests-1] INFO  c.y.reservationflight.BaseTest -- Verify register successfully
5135 [TestNG-tests-2] INFO  c.yenpractice.utilities.DataLoader -- Reading data from location: .//src/test/java/com/yenpractice/datamodel/data/customer_A.json
5136 [TestNG-tests-2] INFO  c.yenpractice.utilities.DataLoader -- Reading data from location: .//src/test/java/com/yenpractice/datamodel/data/flight_customer_A.json
5137 [TestNG-tests-2] INFO  c.y.reservationflight.BaseTest -- Verify navigate successfully
5269 [TestNG-tests-2] INFO  c.y.reservationflight.BaseTest -- Register Lily
5422 [TestNG-tests-1] INFO  c.y.reservationflight.BaseTest -- Click flight search
5596 [TestNG-tests-1] INFO  c.y.reservationflight.BaseTest -- Verify at select flights
6457 [TestNG-tests-2] INFO  c.y.reservationflight.BaseTest -- Verify register successfully
7678 [TestNG-tests-2] INFO  c.y.reservationflight.BaseTest -- Click flight search
7751 [TestNG-tests-2] INFO  c.y.reservationflight.BaseTest -- Verify at select flights
7844 [TestNG-tests-1] INFO  c.y.reservationflight.BaseTest -- Choose flight criteria and search
8335 [TestNG-tests-2] INFO  c.y.reservationflight.BaseTest -- Choose flight criteria and search
8387 [TestNG-tests-1] INFO  c.y.reservationflight.BaseTest -- Verify at search flights
9581 [TestNG-tests-2] INFO  c.y.reservationflight.BaseTest -- Verify at search flights
10093 [TestNG-tests-1] INFO  c.y.reservationflight.BaseTest -- Choose departure and arrival
10433 [TestNG-tests-1] INFO  c.y.reservationflight.BaseTest -- Verify at flight confirmation
10754 [TestNG-tests-2] INFO  c.y.reservationflight.BaseTest -- Choose departure and arrival
11560 [TestNG-tests-2] INFO  c.y.reservationflight.BaseTest -- Verify at flight confirmation
12162 [TestNG-tests-1] INFO  c.y.reservationflight.BaseTest -- Verify Tax
12163 [TestNG-tests-2] INFO  c.y.reservationflight.BaseTest -- Verify Tax
12210 [TestNG-tests-2] INFO  c.y.reservationflight.BaseTest -- Verify Total Price
12241 [TestNG-tests-1] INFO  c.y.reservationflight.BaseTest -- Verify Total Price
12249 [TestNG-tests-2] INFO  c.y.reservationflight.BaseTest --  -------------------------- PASSED -------------------------- 
12257 [TestNG-tests-2] INFO  c.y.reservationflight.BaseTest -- OS name = mac os x
12293 [TestNG-tests-1] INFO  c.y.reservationflight.BaseTest --  -------------------------- PASSED -------------------------- 
12294 [TestNG-tests-1] INFO  c.y.reservationflight.BaseTest -- OS name = mac os x
12416 [TestNG-tests-1] INFO  c.y.reservationflight.BaseTest -- ---------- QUIT BROWSER SUCCESS ----------
12417 [TestNG-tests-1] INFO  c.y.reservationflight.BaseTest -- Navigate to the reservation flight
12417 [TestNG-tests-1] INFO  c.yenpractice.utilities.ConfigUtil -- This is the defect need to be fixed true
12417 [TestNG-tests-1] INFO  c.y.reservationflight.BaseTest -- This is remote
13079 [TestNG-tests-2] INFO  c.y.reservationflight.BaseTest -- ---------- QUIT BROWSER SUCCESS ----------
13081 [TestNG-tests-2] INFO  c.y.reservationflight.BaseTest -- Navigate to the reservation flight
13081 [TestNG-tests-2] INFO  c.yenpractice.utilities.ConfigUtil -- This is the defect need to be fixed true
13081 [TestNG-tests-2] INFO  c.y.reservationflight.BaseTest -- This is remote
13964 [TestNG-tests-1] INFO  c.yenpractice.utilities.DataLoader -- Reading data from location: .//src/test/java/com/yenpractice/datamodel/data/customer_B.json
13967 [TestNG-tests-1] INFO  c.yenpractice.utilities.DataLoader -- Reading data from location: .//src/test/java/com/yenpractice/datamodel/data/flight_customer_B.json
13968 [TestNG-tests-1] INFO  c.y.reservationflight.BaseTest -- Verify navigate successfully
14152 [TestNG-tests-1] INFO  c.y.reservationflight.BaseTest -- Register LilyB
15570 [TestNG-tests-1] INFO  c.y.reservationflight.BaseTest -- Verify register successfully
16218 [TestNG-tests-1] INFO  c.y.reservationflight.BaseTest -- Click flight search
16330 [TestNG-tests-1] INFO  c.y.reservationflight.BaseTest -- Verify at select flights
16406 [TestNG-tests-2] INFO  c.yenpractice.utilities.DataLoader -- Reading data from location: .//src/test/java/com/yenpractice/datamodel/data/customer_A.json
16408 [TestNG-tests-2] INFO  c.yenpractice.utilities.DataLoader -- Reading data from location: .//src/test/java/com/yenpractice/datamodel/data/flight_customer_A.json
16409 [TestNG-tests-2] INFO  c.y.reservationflight.BaseTest -- Verify navigate successfully
16524 [TestNG-tests-2] INFO  c.y.reservationflight.BaseTest -- Register Lily
17472 [TestNG-tests-1] INFO  c.y.reservationflight.BaseTest -- Choose flight criteria and search
17596 [TestNG-tests-2] INFO  c.y.reservationflight.BaseTest -- Verify register successfully
17999 [TestNG-tests-1] INFO  c.y.reservationflight.BaseTest -- Verify at search flights
18630 [TestNG-tests-1] INFO  c.y.reservationflight.BaseTest -- Choose departure and arrival
18733 [TestNG-tests-2] INFO  c.y.reservationflight.BaseTest -- Click flight search
18858 [TestNG-tests-2] INFO  c.y.reservationflight.BaseTest -- Verify at select flights
18986 [TestNG-tests-1] INFO  c.y.reservationflight.BaseTest -- Verify at flight confirmation
20572 [TestNG-tests-2] INFO  c.y.reservationflight.BaseTest -- Choose flight criteria and search
20693 [TestNG-tests-1] INFO  c.y.reservationflight.BaseTest -- Verify Tax
20762 [TestNG-tests-1] INFO  c.y.reservationflight.BaseTest -- Verify Total Price
20818 [TestNG-tests-1] INFO  c.y.reservationflight.BaseTest -- OS name = mac os x
20979 [TestNG-tests-1] INFO  c.y.reservationflight.BaseTest -- ---------- QUIT BROWSER SUCCESS ----------
21880 [TestNG-tests-2] INFO  c.y.reservationflight.BaseTest -- Verify at search flights
22512 [TestNG-tests-2] INFO  c.y.reservationflight.BaseTest -- Choose departure and arrival
23379 [TestNG-tests-2] INFO  c.y.reservationflight.BaseTest -- Verify at flight confirmation
23983 [TestNG-tests-2] INFO  c.y.reservationflight.BaseTest -- Verify Tax
24028 [TestNG-tests-2] INFO  c.y.reservationflight.BaseTest -- Verify Total Price
24063 [TestNG-tests-2] INFO  c.y.reservationflight.BaseTest -- OS name = mac os x
24699 [TestNG-tests-2] INFO  c.y.reservationflight.BaseTest -- ---------- QUIT BROWSER SUCCESS ----------
354  [main] INFO  org.testng.internal.Utils -- [TestNG] Running:
  /Users/nguyenhaiyen/Desktop/selenium-docker/selenium-docker/src/test/resources/flight-reservation.xml

374  [TestNG-tests-1] INFO  c.yenpractice.utilities.DataLoader -- Reading data from location: .//src/test/java/com/yenpractice/config/dev.properties
374  [TestNG-tests-2] INFO  c.yenpractice.utilities.DataLoader -- Reading data from location: .//src/test/java/com/yenpractice/config/dev.properties
375  [TestNG-tests-1] ERROR c.yenpractice.utilities.ConfigUtil -- Unable to load the config file
375  [TestNG-tests-2] ERROR c.yenpractice.utilities.ConfigUtil -- Unable to load the config file
386  [TestNG-tests-2] INFO  c.y.reservationflight.BaseTest -- Navigate to the reservation flight
386  [TestNG-tests-1] INFO  c.y.reservationflight.BaseTest -- Navigate to the reservation flight
386  [TestNG-tests-2] INFO  c.yenpractice.utilities.ConfigUtil -- This is the defect need to be fixed false
386  [TestNG-tests-1] INFO  c.yenpractice.utilities.ConfigUtil -- This is the defect need to be fixed false
386  [TestNG-tests-2] INFO  c.y.reservationflight.BaseTest -- This is local
386  [TestNG-tests-1] INFO  c.y.reservationflight.BaseTest -- This is local
4141 [TestNG-tests-1] INFO  c.yenpractice.utilities.DataLoader -- Reading data from location: .//src/test/java/com/yenpractice/datamodel/data/customer_A.json
4166 [TestNG-tests-1] INFO  c.yenpractice.utilities.DataLoader -- Reading data from location: .//src/test/java/com/yenpractice/datamodel/data/flight_customer_A.json
4170 [TestNG-tests-1] INFO  c.y.reservationflight.BaseTest -- Verify navigate successfully
4213 [TestNG-tests-1] INFO  c.y.reservationflight.BaseTest -- Register Lily
4777 [TestNG-tests-1] INFO  c.y.reservationflight.BaseTest -- Verify register successfully
5464 [TestNG-tests-2] INFO  c.yenpractice.utilities.DataLoader -- Reading data from location: .//src/test/java/com/yenpractice/datamodel/data/customer_A.json
5466 [TestNG-tests-2] INFO  c.yenpractice.utilities.DataLoader -- Reading data from location: .//src/test/java/com/yenpractice/datamodel/data/flight_customer_A.json
5484 [TestNG-tests-2] INFO  c.y.reservationflight.BaseTest -- Verify navigate successfully
5519 [TestNG-tests-2] INFO  c.y.reservationflight.BaseTest -- Register Lily
5854 [TestNG-tests-1] INFO  c.y.reservationflight.BaseTest -- Click flight search
5920 [TestNG-tests-1] INFO  c.y.reservationflight.BaseTest -- Verify at select flights
6147 [TestNG-tests-2] INFO  c.y.reservationflight.BaseTest -- Verify register successfully
7010 [TestNG-tests-1] INFO  c.y.reservationflight.BaseTest -- Choose flight criteria and search
7212 [TestNG-tests-2] INFO  c.y.reservationflight.BaseTest -- Click flight search
7226 [TestNG-tests-1] INFO  c.y.reservationflight.BaseTest -- Verify at search flights
7232 [TestNG-tests-2] INFO  c.y.reservationflight.BaseTest -- Verify at select flights
7770 [TestNG-tests-2] INFO  c.y.reservationflight.BaseTest -- Choose flight criteria and search
7777 [TestNG-tests-1] INFO  c.y.reservationflight.BaseTest -- Choose departure and arrival
7905 [TestNG-tests-1] INFO  c.y.reservationflight.BaseTest -- Verify at flight confirmation
8715 [TestNG-tests-2] INFO  c.y.reservationflight.BaseTest -- Verify at search flights
9262 [TestNG-tests-2] INFO  c.y.reservationflight.BaseTest -- Choose departure and arrival
9504 [TestNG-tests-1] INFO  c.y.reservationflight.BaseTest -- Verify Tax
9535 [TestNG-tests-1] INFO  c.y.reservationflight.BaseTest -- Verify Total Price
9555 [TestNG-tests-1] INFO  c.y.reservationflight.BaseTest --  -------------------------- PASSED -------------------------- 
9558 [TestNG-tests-1] INFO  c.y.reservationflight.BaseTest -- OS name = mac os x
9657 [TestNG-tests-1] INFO  c.y.reservationflight.BaseTest -- ---------- QUIT BROWSER SUCCESS ----------
9658 [TestNG-tests-1] INFO  c.y.reservationflight.BaseTest -- Navigate to the reservation flight
9658 [TestNG-tests-1] INFO  c.yenpractice.utilities.ConfigUtil -- This is the defect need to be fixed false
9658 [TestNG-tests-1] INFO  c.y.reservationflight.BaseTest -- This is local
9925 [TestNG-tests-2] INFO  c.y.reservationflight.BaseTest -- Verify at flight confirmation
11400 [TestNG-tests-2] INFO  c.y.reservationflight.BaseTest -- Verify Tax
11471 [TestNG-tests-2] INFO  c.y.reservationflight.BaseTest -- Verify Total Price
11485 [TestNG-tests-2] INFO  c.y.reservationflight.BaseTest --  -------------------------- PASSED -------------------------- 
11498 [TestNG-tests-2] INFO  c.y.reservationflight.BaseTest -- OS name = mac os x
11944 [TestNG-tests-1] INFO  c.yenpractice.utilities.DataLoader -- Reading data from location: .//src/test/java/com/yenpractice/datamodel/data/customer_B.json
11945 [TestNG-tests-1] INFO  c.yenpractice.utilities.DataLoader -- Reading data from location: .//src/test/java/com/yenpractice/datamodel/data/flight_customer_B.json
11945 [TestNG-tests-1] INFO  c.y.reservationflight.BaseTest -- Verify navigate successfully
11969 [TestNG-tests-1] INFO  c.y.reservationflight.BaseTest -- Register LilyB
12053 [TestNG-tests-2] INFO  c.y.reservationflight.BaseTest -- ---------- QUIT BROWSER SUCCESS ----------
12054 [TestNG-tests-2] INFO  c.y.reservationflight.BaseTest -- Navigate to the reservation flight
12054 [TestNG-tests-2] INFO  c.yenpractice.utilities.ConfigUtil -- This is the defect need to be fixed false
12054 [TestNG-tests-2] INFO  c.y.reservationflight.BaseTest -- This is local
12432 [TestNG-tests-1] INFO  c.y.reservationflight.BaseTest -- Verify register successfully
13023 [TestNG-tests-1] INFO  c.y.reservationflight.BaseTest -- Click flight search
13086 [TestNG-tests-1] INFO  c.y.reservationflight.BaseTest -- Verify at select flights
15186 [TestNG-tests-1] INFO  c.y.reservationflight.BaseTest -- Choose flight criteria and search
15362 [TestNG-tests-2] INFO  c.yenpractice.utilities.DataLoader -- Reading data from location: .//src/test/java/com/yenpractice/datamodel/data/customer_A.json
15365 [TestNG-tests-2] INFO  c.yenpractice.utilities.DataLoader -- Reading data from location: .//src/test/java/com/yenpractice/datamodel/data/flight_customer_A.json
15365 [TestNG-tests-2] INFO  c.y.reservationflight.BaseTest -- Verify navigate successfully
15388 [TestNG-tests-2] INFO  c.y.reservationflight.BaseTest -- Register Lily
15409 [TestNG-tests-1] INFO  c.y.reservationflight.BaseTest -- Verify at search flights
15950 [TestNG-tests-1] INFO  c.y.reservationflight.BaseTest -- Choose departure and arrival
16049 [TestNG-tests-1] INFO  c.y.reservationflight.BaseTest -- Verify at flight confirmation
16112 [TestNG-tests-2] INFO  c.y.reservationflight.BaseTest -- Verify register successfully
16606 [TestNG-tests-1] INFO  c.y.reservationflight.BaseTest -- Verify Tax
16636 [TestNG-tests-1] INFO  c.y.reservationflight.BaseTest -- Verify Total Price
16651 [TestNG-tests-2] INFO  c.y.reservationflight.BaseTest -- Click flight search
16669 [TestNG-tests-2] INFO  c.y.reservationflight.BaseTest -- Verify at select flights
16672 [TestNG-tests-1] INFO  c.y.reservationflight.BaseTest -- OS name = mac os x
16764 [TestNG-tests-1] INFO  c.y.reservationflight.BaseTest -- ---------- QUIT BROWSER SUCCESS ----------
17747 [TestNG-tests-2] INFO  c.y.reservationflight.BaseTest -- Choose flight criteria and search
18716 [TestNG-tests-2] INFO  c.y.reservationflight.BaseTest -- Verify at search flights
19785 [TestNG-tests-2] INFO  c.y.reservationflight.BaseTest -- Choose departure and arrival
20469 [TestNG-tests-2] INFO  c.y.reservationflight.BaseTest -- Verify at flight confirmation
21518 [TestNG-tests-2] INFO  c.y.reservationflight.BaseTest -- Verify Tax
21535 [TestNG-tests-2] INFO  c.y.reservationflight.BaseTest -- Verify Total Price
21550 [TestNG-tests-2] INFO  c.y.reservationflight.BaseTest -- OS name = mac os x
21970 [TestNG-tests-2] INFO  c.y.reservationflight.BaseTest -- ---------- QUIT BROWSER SUCCESS ----------
222  [TestNG-tests-1] INFO  c.yenpractice.utilities.DataLoader -- Reading data from location: .//src/test/java/com/yenpractice/config/dev.properties
222  [TestNG-tests-2] INFO  c.yenpractice.utilities.DataLoader -- Reading data from location: .//src/test/java/com/yenpractice/config/dev.properties
235  [TestNG-tests-2] INFO  c.y.reservationflight.BaseTest -- Navigate to the reservation flight
235  [TestNG-tests-1] INFO  c.y.reservationflight.BaseTest -- Navigate to the reservation flight
235  [TestNG-tests-2] INFO  c.yenpractice.utilities.ConfigUtil -- This is the defect need to be fixed false
235  [TestNG-tests-1] INFO  c.yenpractice.utilities.ConfigUtil -- This is the defect need to be fixed false
235  [TestNG-tests-2] INFO  c.y.reservationflight.BaseTest -- This is local
235  [TestNG-tests-1] INFO  c.y.reservationflight.BaseTest -- This is local
3178 [TestNG-tests-1] INFO  c.yenpractice.utilities.DataLoader -- Reading data from location: .//src/test/java/com/yenpractice/datamodel/data/customer_A.json
3203 [TestNG-tests-1] INFO  c.yenpractice.utilities.DataLoader -- Reading data from location: .//src/test/java/com/yenpractice/datamodel/data/flight_customer_A.json
3206 [TestNG-tests-1] INFO  c.y.reservationflight.BaseTest -- Verify navigate successfully
3247 [TestNG-tests-1] INFO  c.y.reservationflight.BaseTest -- Register Lily
3771 [TestNG-tests-1] INFO  c.y.reservationflight.BaseTest -- Verify register successfully
4349 [TestNG-tests-2] INFO  c.yenpractice.utilities.DataLoader -- Reading data from location: .//src/test/java/com/yenpractice/datamodel/data/customer_A.json
4358 [TestNG-tests-2] INFO  c.yenpractice.utilities.DataLoader -- Reading data from location: .//src/test/java/com/yenpractice/datamodel/data/flight_customer_A.json
4358 [TestNG-tests-2] INFO  c.y.reservationflight.BaseTest -- Verify navigate successfully
4408 [TestNG-tests-2] INFO  c.y.reservationflight.BaseTest -- Register Lily
5025 [TestNG-tests-2] INFO  c.y.reservationflight.BaseTest -- Verify register successfully
5613 [TestNG-tests-2] INFO  c.y.reservationflight.BaseTest -- Click flight search
5639 [TestNG-tests-2] INFO  c.y.reservationflight.BaseTest -- Verify at select flights
5896 [TestNG-tests-1] INFO  c.y.reservationflight.BaseTest -- Click flight search
5958 [TestNG-tests-1] INFO  c.y.reservationflight.BaseTest -- Verify at select flights
6516 [TestNG-tests-1] INFO  c.y.reservationflight.BaseTest -- Choose flight criteria and search
6732 [TestNG-tests-1] INFO  c.y.reservationflight.BaseTest -- Verify at search flights
7208 [TestNG-tests-2] INFO  c.y.reservationflight.BaseTest -- Choose flight criteria and search
7266 [TestNG-tests-1] INFO  c.y.reservationflight.BaseTest -- Choose departure and arrival
7378 [TestNG-tests-1] INFO  c.y.reservationflight.BaseTest -- Verify at flight confirmation
8151 [TestNG-tests-2] INFO  c.y.reservationflight.BaseTest -- Verify at search flights
8461 [TestNG-tests-1] INFO  c.y.reservationflight.BaseTest -- Verify Tax
8492 [TestNG-tests-1] INFO  c.y.reservationflight.BaseTest -- Verify Total Price
8516 [TestNG-tests-1] INFO  c.y.reservationflight.BaseTest --  -------------------------- PASSED -------------------------- 
8520 [TestNG-tests-1] INFO  c.y.reservationflight.BaseTest -- OS name = mac os x
8625 [TestNG-tests-1] INFO  c.y.reservationflight.BaseTest -- ---------- QUIT BROWSER SUCCESS ----------
8626 [TestNG-tests-1] INFO  c.y.reservationflight.BaseTest -- Navigate to the reservation flight
8626 [TestNG-tests-1] INFO  c.yenpractice.utilities.ConfigUtil -- This is the defect need to be fixed false
8627 [TestNG-tests-1] INFO  c.y.reservationflight.BaseTest -- This is local
10216 [TestNG-tests-2] INFO  c.y.reservationflight.BaseTest -- Choose departure and arrival
10616 [TestNG-tests-1] INFO  c.yenpractice.utilities.DataLoader -- Reading data from location: .//src/test/java/com/yenpractice/datamodel/data/customer_B.json
10617 [TestNG-tests-1] INFO  c.yenpractice.utilities.DataLoader -- Reading data from location: .//src/test/java/com/yenpractice/datamodel/data/flight_customer_B.json
10618 [TestNG-tests-1] INFO  c.y.reservationflight.BaseTest -- Verify navigate successfully
10651 [TestNG-tests-1] INFO  c.y.reservationflight.BaseTest -- Register LilyB
10933 [TestNG-tests-2] INFO  c.y.reservationflight.BaseTest -- Verify at flight confirmation
11139 [TestNG-tests-1] INFO  c.y.reservationflight.BaseTest -- Verify register successfully
11484 [TestNG-tests-2] INFO  c.y.reservationflight.BaseTest -- Verify Tax
11505 [TestNG-tests-2] INFO  c.y.reservationflight.BaseTest -- Verify Total Price
11521 [TestNG-tests-2] INFO  c.y.reservationflight.BaseTest --  -------------------------- PASSED -------------------------- 
11522 [TestNG-tests-2] INFO  c.y.reservationflight.BaseTest -- OS name = mac os x
12231 [TestNG-tests-1] INFO  c.y.reservationflight.BaseTest -- Click flight search
12313 [TestNG-tests-1] INFO  c.y.reservationflight.BaseTest -- Verify at select flights
12559 [TestNG-tests-2] INFO  c.y.reservationflight.BaseTest -- ---------- QUIT BROWSER SUCCESS ----------
12560 [TestNG-tests-2] INFO  c.y.reservationflight.BaseTest -- Navigate to the reservation flight
12560 [TestNG-tests-2] INFO  c.yenpractice.utilities.ConfigUtil -- This is the defect need to be fixed false
12560 [TestNG-tests-2] INFO  c.y.reservationflight.BaseTest -- This is local
13418 [TestNG-tests-1] INFO  c.y.reservationflight.BaseTest -- Choose flight criteria and search
13649 [TestNG-tests-1] INFO  c.y.reservationflight.BaseTest -- Verify at search flights
15177 [TestNG-tests-2] INFO  c.yenpractice.utilities.DataLoader -- Reading data from location: .//src/test/java/com/yenpractice/datamodel/data/customer_A.json
15179 [TestNG-tests-2] INFO  c.yenpractice.utilities.DataLoader -- Reading data from location: .//src/test/java/com/yenpractice/datamodel/data/flight_customer_A.json
15179 [TestNG-tests-2] INFO  c.y.reservationflight.BaseTest -- Verify navigate successfully
15212 [TestNG-tests-2] INFO  c.y.reservationflight.BaseTest -- Register Lily
15733 [TestNG-tests-1] INFO  c.y.reservationflight.BaseTest -- Choose departure and arrival
15839 [TestNG-tests-1] INFO  c.y.reservationflight.BaseTest -- Verify at flight confirmation
15921 [TestNG-tests-2] INFO  c.y.reservationflight.BaseTest -- Verify register successfully
17002 [TestNG-tests-2] INFO  c.y.reservationflight.BaseTest -- Click flight search
17019 [TestNG-tests-2] INFO  c.y.reservationflight.BaseTest -- Verify at select flights
17424 [TestNG-tests-1] INFO  c.y.reservationflight.BaseTest -- Verify Tax
17459 [TestNG-tests-1] INFO  c.y.reservationflight.BaseTest -- Verify Total Price
17484 [TestNG-tests-1] INFO  c.y.reservationflight.BaseTest -- OS name = mac os x
17547 [TestNG-tests-2] INFO  c.y.reservationflight.BaseTest -- Choose flight criteria and search
17580 [TestNG-tests-1] INFO  c.y.reservationflight.BaseTest -- ---------- QUIT BROWSER SUCCESS ----------
18514 [TestNG-tests-2] INFO  c.y.reservationflight.BaseTest -- Verify at search flights
20630 [TestNG-tests-2] INFO  c.y.reservationflight.BaseTest -- Choose departure and arrival
21317 [TestNG-tests-2] INFO  c.y.reservationflight.BaseTest -- Verify at flight confirmation
22363 [TestNG-tests-2] INFO  c.y.reservationflight.BaseTest -- Verify Tax
22378 [TestNG-tests-2] INFO  c.y.reservationflight.BaseTest -- Verify Total Price
22395 [TestNG-tests-2] INFO  c.y.reservationflight.BaseTest -- OS name = mac os x
22847 [TestNG-tests-2] INFO  c.y.reservationflight.BaseTest -- ---------- QUIT BROWSER SUCCESS ----------
236  [TestNG-tests-1] INFO  c.yenpractice.utilities.DataLoader -- Reading data from location: .//src/test/java/com/yenpractice/config/dev.properties
236  [TestNG-tests-2] INFO  c.yenpractice.utilities.DataLoader -- Reading data from location: .//src/test/java/com/yenpractice/config/dev.properties
249  [TestNG-tests-2] INFO  c.y.reservationflight.BaseTest -- Navigate to the reservation flight
249  [TestNG-tests-1] INFO  c.y.reservationflight.BaseTest -- Navigate to the reservation flight
250  [TestNG-tests-2] INFO  c.yenpractice.utilities.ConfigUtil -- This is the defect need to be fixed false
250  [TestNG-tests-1] INFO  c.yenpractice.utilities.ConfigUtil -- This is the defect need to be fixed false
250  [TestNG-tests-2] INFO  c.y.reservationflight.BaseTest -- This is local
250  [TestNG-tests-1] INFO  c.y.reservationflight.BaseTest -- This is local
4391 [TestNG-tests-1] INFO  c.yenpractice.utilities.DataLoader -- Reading data from location: .//src/test/java/com/yenpractice/datamodel/data/customer_A.json
4416 [TestNG-tests-1] INFO  c.yenpractice.utilities.DataLoader -- Reading data from location: .//src/test/java/com/yenpractice/datamodel/data/flight_customer_A.json
4420 [TestNG-tests-1] INFO  c.y.reservationflight.BaseTest -- Verify navigate successfully
4468 [TestNG-tests-1] INFO  c.y.reservationflight.BaseTest -- Register Lily
5009 [TestNG-tests-1] INFO  c.y.reservationflight.BaseTest -- Verify register successfully
5243 [TestNG-tests-2] INFO  c.yenpractice.utilities.DataLoader -- Reading data from location: .//src/test/java/com/yenpractice/datamodel/data/customer_A.json
5246 [TestNG-tests-2] INFO  c.yenpractice.utilities.DataLoader -- Reading data from location: .//src/test/java/com/yenpractice/datamodel/data/flight_customer_A.json
5264 [TestNG-tests-2] INFO  c.y.reservationflight.BaseTest -- Verify navigate successfully
5307 [TestNG-tests-2] INFO  c.y.reservationflight.BaseTest -- Register Lily
5939 [TestNG-tests-2] INFO  c.y.reservationflight.BaseTest -- Verify register successfully
6511 [TestNG-tests-2] INFO  c.y.reservationflight.BaseTest -- Click flight search
6532 [TestNG-tests-2] INFO  c.y.reservationflight.BaseTest -- Verify at select flights
7130 [TestNG-tests-1] INFO  c.y.reservationflight.BaseTest -- Click flight search
7191 [TestNG-tests-1] INFO  c.y.reservationflight.BaseTest -- Verify at select flights
8630 [TestNG-tests-2] INFO  c.y.reservationflight.BaseTest -- Choose flight criteria and search
9324 [TestNG-tests-1] INFO  c.y.reservationflight.BaseTest -- Choose flight criteria and search
9527 [TestNG-tests-1] INFO  c.y.reservationflight.BaseTest -- Verify at search flights
9575 [TestNG-tests-2] INFO  c.y.reservationflight.BaseTest -- Verify at search flights
10586 [TestNG-tests-1] INFO  c.y.reservationflight.BaseTest -- Choose departure and arrival
10692 [TestNG-tests-1] INFO  c.y.reservationflight.BaseTest -- Verify at flight confirmation
11141 [TestNG-tests-2] INFO  c.y.reservationflight.BaseTest -- Choose departure and arrival
11233 [TestNG-tests-1] INFO  c.y.reservationflight.BaseTest -- Verify Tax
11256 [TestNG-tests-1] INFO  c.y.reservationflight.BaseTest -- Verify Total Price
11277 [TestNG-tests-1] INFO  c.y.reservationflight.BaseTest --  -------------------------- PASSED -------------------------- 
11279 [TestNG-tests-1] INFO  c.y.reservationflight.BaseTest -- OS name = mac os x
11385 [TestNG-tests-1] INFO  c.y.reservationflight.BaseTest -- ---------- QUIT BROWSER SUCCESS ----------
11386 [TestNG-tests-1] INFO  c.y.reservationflight.BaseTest -- Navigate to the reservation flight
11386 [TestNG-tests-1] INFO  c.yenpractice.utilities.ConfigUtil -- This is the defect need to be fixed false
11386 [TestNG-tests-1] INFO  c.y.reservationflight.BaseTest -- This is local
11800 [TestNG-tests-2] INFO  c.y.reservationflight.BaseTest -- Verify at flight confirmation
13460 [TestNG-tests-1] INFO  c.yenpractice.utilities.DataLoader -- Reading data from location: .//src/test/java/com/yenpractice/datamodel/data/customer_B.json
13462 [TestNG-tests-1] INFO  c.yenpractice.utilities.DataLoader -- Reading data from location: .//src/test/java/com/yenpractice/datamodel/data/flight_customer_B.json
13462 [TestNG-tests-1] INFO  c.y.reservationflight.BaseTest -- Verify navigate successfully
13489 [TestNG-tests-1] INFO  c.y.reservationflight.BaseTest -- Register LilyB
13879 [TestNG-tests-2] INFO  c.y.reservationflight.BaseTest -- Verify Tax
13894 [TestNG-tests-2] INFO  c.y.reservationflight.BaseTest -- Verify Total Price
13908 [TestNG-tests-2] INFO  c.y.reservationflight.BaseTest --  -------------------------- PASSED -------------------------- 
13909 [TestNG-tests-2] INFO  c.y.reservationflight.BaseTest -- OS name = mac os x
13970 [TestNG-tests-1] INFO  c.y.reservationflight.BaseTest -- Verify register successfully
14304 [TestNG-tests-2] INFO  c.y.reservationflight.BaseTest -- ---------- QUIT BROWSER SUCCESS ----------
14305 [TestNG-tests-2] INFO  c.y.reservationflight.BaseTest -- Navigate to the reservation flight
14305 [TestNG-tests-2] INFO  c.yenpractice.utilities.ConfigUtil -- This is the defect need to be fixed false
14305 [TestNG-tests-2] INFO  c.y.reservationflight.BaseTest -- This is local
14523 [TestNG-tests-1] INFO  c.y.reservationflight.BaseTest -- Click flight search
14586 [TestNG-tests-1] INFO  c.y.reservationflight.BaseTest -- Verify at select flights
15657 [TestNG-tests-1] INFO  c.y.reservationflight.BaseTest -- Choose flight criteria and search
15845 [TestNG-tests-1] INFO  c.y.reservationflight.BaseTest -- Verify at search flights
16905 [TestNG-tests-1] INFO  c.y.reservationflight.BaseTest -- Choose departure and arrival
16981 [TestNG-tests-2] INFO  c.yenpractice.utilities.DataLoader -- Reading data from location: .//src/test/java/com/yenpractice/datamodel/data/customer_A.json
16982 [TestNG-tests-2] INFO  c.yenpractice.utilities.DataLoader -- Reading data from location: .//src/test/java/com/yenpractice/datamodel/data/flight_customer_A.json
16982 [TestNG-tests-2] INFO  c.y.reservationflight.BaseTest -- Verify navigate successfully
17011 [TestNG-tests-2] INFO  c.y.reservationflight.BaseTest -- Register Lily
17024 [TestNG-tests-1] INFO  c.y.reservationflight.BaseTest -- Verify at flight confirmation
17725 [TestNG-tests-2] INFO  c.y.reservationflight.BaseTest -- Verify register successfully
18091 [TestNG-tests-1] INFO  c.y.reservationflight.BaseTest -- Verify Tax
18121 [TestNG-tests-1] INFO  c.y.reservationflight.BaseTest -- Verify Total Price
18431 [TestNG-tests-1] INFO  c.y.reservationflight.BaseTest -- OS name = mac os x
18520 [TestNG-tests-1] INFO  c.y.reservationflight.BaseTest -- ---------- QUIT BROWSER SUCCESS ----------
19304 [TestNG-tests-2] INFO  c.y.reservationflight.BaseTest -- Click flight search
19319 [TestNG-tests-2] INFO  c.y.reservationflight.BaseTest -- Verify at select flights
19862 [TestNG-tests-2] INFO  c.y.reservationflight.BaseTest -- Choose flight criteria and search
20839 [TestNG-tests-2] INFO  c.y.reservationflight.BaseTest -- Verify at search flights
20867 [TestNG-tests-2] INFO  c.y.reservationflight.BaseTest -- Choose departure and arrival
21556 [TestNG-tests-2] INFO  c.y.reservationflight.BaseTest -- Verify at flight confirmation
22107 [TestNG-tests-2] INFO  c.y.reservationflight.BaseTest -- Verify Tax
22126 [TestNG-tests-2] INFO  c.y.reservationflight.BaseTest -- Verify Total Price
22142 [TestNG-tests-2] INFO  c.y.reservationflight.BaseTest -- OS name = mac os x
22552 [TestNG-tests-2] INFO  c.y.reservationflight.BaseTest -- ---------- QUIT BROWSER SUCCESS ----------
222  [TestNG-tests-1] INFO  c.yenpractice.utilities.DataLoader -- Reading data from location: .//src/test/java/com/yenpractice/config/dev.properties
222  [TestNG-tests-2] INFO  c.yenpractice.utilities.DataLoader -- Reading data from location: .//src/test/java/com/yenpractice/config/dev.properties
233  [TestNG-tests-1] INFO  c.y.reservationflight.BaseTest -- Navigate to the reservation flight
233  [TestNG-tests-2] INFO  c.y.reservationflight.BaseTest -- Navigate to the reservation flight
233  [TestNG-tests-1] INFO  c.yenpractice.utilities.ConfigUtil -- This is the defect need to be fixed false
233  [TestNG-tests-2] INFO  c.yenpractice.utilities.ConfigUtil -- This is the defect need to be fixed false
233  [TestNG-tests-1] INFO  c.y.reservationflight.BaseTest -- This is local
233  [TestNG-tests-2] INFO  c.y.reservationflight.BaseTest -- This is local
3603 [TestNG-tests-1] INFO  c.yenpractice.utilities.DataLoader -- Reading data from location: .//src/test/java/com/yenpractice/datamodel/data/customer_A.json
3634 [TestNG-tests-1] INFO  c.yenpractice.utilities.DataLoader -- Reading data from location: .//src/test/java/com/yenpractice/datamodel/data/flight_customer_A.json
3640 [TestNG-tests-1] INFO  c.y.reservationflight.BaseTest -- Verify navigate successfully
3681 [TestNG-tests-1] INFO  c.y.reservationflight.BaseTest -- Register Lily
4221 [TestNG-tests-1] INFO  c.y.reservationflight.BaseTest -- Verify register successfully
4534 [TestNG-tests-2] INFO  c.yenpractice.utilities.DataLoader -- Reading data from location: .//src/test/java/com/yenpractice/datamodel/data/customer_A.json
4535 [TestNG-tests-2] INFO  c.yenpractice.utilities.DataLoader -- Reading data from location: .//src/test/java/com/yenpractice/datamodel/data/flight_customer_A.json
4536 [TestNG-tests-2] INFO  c.y.reservationflight.BaseTest -- Verify navigate successfully
4577 [TestNG-tests-2] INFO  c.y.reservationflight.BaseTest -- Register Lily
5231 [TestNG-tests-2] INFO  c.y.reservationflight.BaseTest -- Verify register successfully
5853 [TestNG-tests-1] INFO  c.y.reservationflight.BaseTest -- Click flight search
5913 [TestNG-tests-1] INFO  c.y.reservationflight.BaseTest -- Verify at select flights
6325 [TestNG-tests-2] INFO  c.y.reservationflight.BaseTest -- Click flight search
6351 [TestNG-tests-2] INFO  c.y.reservationflight.BaseTest -- Verify at select flights
6989 [TestNG-tests-1] INFO  c.y.reservationflight.BaseTest -- Choose flight criteria and search
7194 [TestNG-tests-1] INFO  c.y.reservationflight.BaseTest -- Verify at search flights
7411 [TestNG-tests-2] INFO  c.y.reservationflight.BaseTest -- Choose flight criteria and search
7734 [TestNG-tests-1] INFO  c.y.reservationflight.BaseTest -- Choose departure and arrival
7840 [TestNG-tests-1] INFO  c.y.reservationflight.BaseTest -- Verify at flight confirmation
8359 [TestNG-tests-2] INFO  c.y.reservationflight.BaseTest -- Verify at search flights
8920 [TestNG-tests-1] INFO  c.y.reservationflight.BaseTest -- Verify Tax
8953 [TestNG-tests-1] INFO  c.y.reservationflight.BaseTest -- Verify Total Price
8974 [TestNG-tests-1] INFO  c.y.reservationflight.BaseTest --  -------------------------- PASSED -------------------------- 
8977 [TestNG-tests-1] INFO  c.y.reservationflight.BaseTest -- OS name = mac os x
9074 [TestNG-tests-1] INFO  c.y.reservationflight.BaseTest -- ---------- QUIT BROWSER SUCCESS ----------
9075 [TestNG-tests-1] INFO  c.y.reservationflight.BaseTest -- Navigate to the reservation flight
9075 [TestNG-tests-1] INFO  c.yenpractice.utilities.ConfigUtil -- This is the defect need to be fixed false
9075 [TestNG-tests-1] INFO  c.y.reservationflight.BaseTest -- This is local
9934 [TestNG-tests-2] INFO  c.y.reservationflight.BaseTest -- Choose departure and arrival
10614 [TestNG-tests-2] INFO  c.y.reservationflight.BaseTest -- Verify at flight confirmation
10628 [TestNG-tests-2] INFO  c.y.reservationflight.BaseTest -- Verify Tax
10641 [TestNG-tests-2] INFO  c.y.reservationflight.BaseTest -- Verify Total Price
10652 [TestNG-tests-2] INFO  c.y.reservationflight.BaseTest --  -------------------------- PASSED -------------------------- 
10652 [TestNG-tests-2] INFO  c.y.reservationflight.BaseTest -- OS name = mac os x
11129 [TestNG-tests-1] INFO  c.yenpractice.utilities.DataLoader -- Reading data from location: .//src/test/java/com/yenpractice/datamodel/data/customer_B.json
11130 [TestNG-tests-1] INFO  c.yenpractice.utilities.DataLoader -- Reading data from location: .//src/test/java/com/yenpractice/datamodel/data/flight_customer_B.json
11130 [TestNG-tests-1] INFO  c.y.reservationflight.BaseTest -- Verify navigate successfully
11139 [TestNG-tests-2] INFO  c.y.reservationflight.BaseTest -- ---------- QUIT BROWSER SUCCESS ----------
11140 [TestNG-tests-2] INFO  c.y.reservationflight.BaseTest -- Navigate to the reservation flight
11140 [TestNG-tests-2] INFO  c.yenpractice.utilities.ConfigUtil -- This is the defect need to be fixed false
11140 [TestNG-tests-2] INFO  c.y.reservationflight.BaseTest -- This is local
11157 [TestNG-tests-1] INFO  c.y.reservationflight.BaseTest -- Register LilyB
11647 [TestNG-tests-1] INFO  c.y.reservationflight.BaseTest -- Verify register successfully
13790 [TestNG-tests-1] INFO  c.y.reservationflight.BaseTest -- Click flight search
13862 [TestNG-tests-1] INFO  c.y.reservationflight.BaseTest -- Verify at select flights
14577 [TestNG-tests-2] INFO  c.yenpractice.utilities.DataLoader -- Reading data from location: .//src/test/java/com/yenpractice/datamodel/data/customer_A.json
14579 [TestNG-tests-2] INFO  c.yenpractice.utilities.DataLoader -- Reading data from location: .//src/test/java/com/yenpractice/datamodel/data/flight_customer_A.json
14580 [TestNG-tests-2] INFO  c.y.reservationflight.BaseTest -- Verify navigate successfully
14613 [TestNG-tests-2] INFO  c.y.reservationflight.BaseTest -- Register Lily
15325 [TestNG-tests-2] INFO  c.y.reservationflight.BaseTest -- Verify register successfully
15894 [TestNG-tests-2] INFO  c.y.reservationflight.BaseTest -- Click flight search
15913 [TestNG-tests-2] INFO  c.y.reservationflight.BaseTest -- Verify at select flights
15974 [TestNG-tests-1] INFO  c.y.reservationflight.BaseTest -- Choose flight criteria and search
16180 [TestNG-tests-1] INFO  c.y.reservationflight.BaseTest -- Verify at search flights
16969 [TestNG-tests-2] INFO  c.y.reservationflight.BaseTest -- Choose flight criteria and search
17262 [TestNG-tests-1] INFO  c.y.reservationflight.BaseTest -- Choose departure and arrival
17367 [TestNG-tests-1] INFO  c.y.reservationflight.BaseTest -- Verify at flight confirmation
17918 [TestNG-tests-2] INFO  c.y.reservationflight.BaseTest -- Verify at search flights
18455 [TestNG-tests-2] INFO  c.y.reservationflight.BaseTest -- Choose departure and arrival
18960 [TestNG-tests-1] INFO  c.y.reservationflight.BaseTest -- Verify Tax
18985 [TestNG-tests-1] INFO  c.y.reservationflight.BaseTest -- Verify Total Price
19006 [TestNG-tests-1] INFO  c.y.reservationflight.BaseTest --  -------------------------- FAILED -------------------------- 
19007 [TestNG-tests-1] INFO  c.y.reservationflight.BaseTest -- OS name = mac os x
19104 [TestNG-tests-1] INFO  c.y.reservationflight.BaseTest -- ---------- QUIT BROWSER SUCCESS ----------
19129 [TestNG-tests-2] INFO  c.y.reservationflight.BaseTest -- Verify at flight confirmation
19669 [TestNG-tests-2] INFO  c.y.reservationflight.BaseTest -- Verify Tax
19688 [TestNG-tests-2] INFO  c.y.reservationflight.BaseTest -- Verify Total Price
19704 [TestNG-tests-2] INFO  c.y.reservationflight.BaseTest --  -------------------------- PASSED -------------------------- 
19705 [TestNG-tests-2] INFO  c.y.reservationflight.BaseTest -- OS name = mac os x
20109 [TestNG-tests-2] INFO  c.y.reservationflight.BaseTest -- ---------- QUIT BROWSER SUCCESS ----------
225  [TestNG-tests-2] INFO  c.yenpractice.utilities.DataLoader -- Reading data from location: .//src/test/java/com/yenpractice/config/dev.properties
225  [TestNG-tests-1] INFO  c.yenpractice.utilities.DataLoader -- Reading data from location: .//src/test/java/com/yenpractice/config/dev.properties
236  [TestNG-tests-2] INFO  c.y.reservationflight.BaseTest -- Navigate to the reservation flight
236  [TestNG-tests-1] INFO  c.y.reservationflight.BaseTest -- Navigate to the reservation flight
237  [TestNG-tests-2] INFO  c.yenpractice.utilities.ConfigUtil -- This is the defect need to be fixed false
237  [TestNG-tests-1] INFO  c.yenpractice.utilities.ConfigUtil -- This is the defect need to be fixed false
237  [TestNG-tests-2] INFO  c.y.reservationflight.BaseTest -- This is local
237  [TestNG-tests-1] INFO  c.y.reservationflight.BaseTest -- This is local
4194 [TestNG-tests-1] INFO  c.yenpractice.utilities.DataLoader -- Reading data from location: .//src/test/java/com/yenpractice/datamodel/data/customer_A.json
4242 [TestNG-tests-1] INFO  c.yenpractice.utilities.DataLoader -- Reading data from location: .//src/test/java/com/yenpractice/datamodel/data/flight_customer_A.json
4246 [TestNG-tests-1] INFO  c.y.reservationflight.BaseTest -- Verify navigate successfully
4304 [TestNG-tests-1] INFO  c.y.reservationflight.BaseTest -- Register Lily
4844 [TestNG-tests-1] INFO  c.y.reservationflight.BaseTest -- Verify register successfully
5160 [TestNG-tests-2] INFO  c.yenpractice.utilities.DataLoader -- Reading data from location: .//src/test/java/com/yenpractice/datamodel/data/customer_A.json
5175 [TestNG-tests-2] INFO  c.yenpractice.utilities.DataLoader -- Reading data from location: .//src/test/java/com/yenpractice/datamodel/data/flight_customer_A.json
5193 [TestNG-tests-2] INFO  c.y.reservationflight.BaseTest -- Verify navigate successfully
5256 [TestNG-tests-2] INFO  c.y.reservationflight.BaseTest -- Register Lily
5913 [TestNG-tests-2] INFO  c.y.reservationflight.BaseTest -- Verify register successfully
6477 [TestNG-tests-2] INFO  c.y.reservationflight.BaseTest -- Click flight search
6499 [TestNG-tests-2] INFO  c.y.reservationflight.BaseTest -- Verify at select flights
6995 [TestNG-tests-1] INFO  c.y.reservationflight.BaseTest -- Click flight search
7059 [TestNG-tests-1] INFO  c.y.reservationflight.BaseTest -- Verify at select flights
7554 [TestNG-tests-2] INFO  c.y.reservationflight.BaseTest -- Choose flight criteria and search
8534 [TestNG-tests-2] INFO  c.y.reservationflight.BaseTest -- Verify at search flights
9079 [TestNG-tests-2] INFO  c.y.reservationflight.BaseTest -- Choose departure and arrival
9147 [TestNG-tests-1] INFO  c.y.reservationflight.BaseTest -- Choose flight criteria and search
9347 [TestNG-tests-1] INFO  c.y.reservationflight.BaseTest -- Verify at search flights
9879 [TestNG-tests-1] INFO  c.y.reservationflight.BaseTest -- Choose departure and arrival
9912 [TestNG-tests-2] INFO  c.y.reservationflight.BaseTest -- Verify at flight confirmation
9991 [TestNG-tests-1] INFO  c.y.reservationflight.BaseTest -- Verify at flight confirmation
10542 [TestNG-tests-1] INFO  c.y.reservationflight.BaseTest -- Verify Tax
10572 [TestNG-tests-1] INFO  c.y.reservationflight.BaseTest -- Verify Total Price
10591 [TestNG-tests-1] INFO  c.y.reservationflight.BaseTest --  -------------------------- PASSED -------------------------- 
10593 [TestNG-tests-1] INFO  c.y.reservationflight.BaseTest -- OS name = mac os x
10690 [TestNG-tests-1] INFO  c.y.reservationflight.BaseTest -- ---------- QUIT BROWSER SUCCESS ----------
10691 [TestNG-tests-1] INFO  c.y.reservationflight.BaseTest -- Navigate to the reservation flight
10691 [TestNG-tests-1] INFO  c.yenpractice.utilities.ConfigUtil -- This is the defect need to be fixed false
10691 [TestNG-tests-1] INFO  c.y.reservationflight.BaseTest -- This is local
10955 [TestNG-tests-2] INFO  c.y.reservationflight.BaseTest -- Verify Tax
10967 [TestNG-tests-2] INFO  c.y.reservationflight.BaseTest -- Verify Total Price
10980 [TestNG-tests-2] INFO  c.y.reservationflight.BaseTest --  -------------------------- PASSED -------------------------- 
10980 [TestNG-tests-2] INFO  c.y.reservationflight.BaseTest -- OS name = mac os x
12567 [TestNG-tests-2] INFO  c.y.reservationflight.BaseTest -- ---------- QUIT BROWSER SUCCESS ----------
12568 [TestNG-tests-2] INFO  c.y.reservationflight.BaseTest -- Navigate to the reservation flight
12568 [TestNG-tests-2] INFO  c.yenpractice.utilities.ConfigUtil -- This is the defect need to be fixed false
12568 [TestNG-tests-2] INFO  c.y.reservationflight.BaseTest -- This is local
12833 [TestNG-tests-1] INFO  c.yenpractice.utilities.DataLoader -- Reading data from location: .//src/test/java/com/yenpractice/datamodel/data/customer_B.json
12834 [TestNG-tests-1] INFO  c.yenpractice.utilities.DataLoader -- Reading data from location: .//src/test/java/com/yenpractice/datamodel/data/flight_customer_B.json
12834 [TestNG-tests-1] INFO  c.y.reservationflight.BaseTest -- Verify navigate successfully
12857 [TestNG-tests-1] INFO  c.y.reservationflight.BaseTest -- Register LilyB
13404 [TestNG-tests-1] INFO  c.y.reservationflight.BaseTest -- Verify register successfully
14470 [TestNG-tests-1] INFO  c.y.reservationflight.BaseTest -- Click flight search
14518 [TestNG-tests-1] INFO  c.y.reservationflight.BaseTest -- Verify at select flights
14570 [TestNG-tests-1] INFO  c.y.reservationflight.BaseTest -- Choose flight criteria and search
14765 [TestNG-tests-1] INFO  c.y.reservationflight.BaseTest -- Verify at search flights
15937 [TestNG-tests-2] INFO  c.yenpractice.utilities.DataLoader -- Reading data from location: .//src/test/java/com/yenpractice/datamodel/data/customer_A.json
15938 [TestNG-tests-2] INFO  c.yenpractice.utilities.DataLoader -- Reading data from location: .//src/test/java/com/yenpractice/datamodel/data/flight_customer_A.json
15938 [TestNG-tests-2] INFO  c.y.reservationflight.BaseTest -- Verify navigate successfully
15973 [TestNG-tests-2] INFO  c.y.reservationflight.BaseTest -- Register Lily
16325 [TestNG-tests-1] INFO  c.y.reservationflight.BaseTest -- Choose departure and arrival
16434 [TestNG-tests-1] INFO  c.y.reservationflight.BaseTest -- Verify at flight confirmation
16706 [TestNG-tests-2] INFO  c.y.reservationflight.BaseTest -- Verify register successfully
17272 [TestNG-tests-2] INFO  c.y.reservationflight.BaseTest -- Click flight search
17291 [TestNG-tests-2] INFO  c.y.reservationflight.BaseTest -- Verify at select flights
17831 [TestNG-tests-2] INFO  c.y.reservationflight.BaseTest -- Choose flight criteria and search
18547 [TestNG-tests-1] INFO  c.y.reservationflight.BaseTest -- Verify Tax
18579 [TestNG-tests-1] INFO  c.y.reservationflight.BaseTest -- Verify Total Price
18604 [TestNG-tests-1] INFO  c.y.reservationflight.BaseTest --  -------------------------- FAILED -------------------------- 
18606 [TestNG-tests-1] INFO  c.y.reservationflight.BaseTest -- OS name = mac os x
18698 [TestNG-tests-1] INFO  c.y.reservationflight.BaseTest -- ---------- QUIT BROWSER SUCCESS ----------
18786 [TestNG-tests-2] INFO  c.y.reservationflight.BaseTest -- Verify at search flights
18801 [TestNG-tests-2] INFO  c.y.reservationflight.BaseTest -- Choose departure and arrival
19466 [TestNG-tests-2] INFO  c.y.reservationflight.BaseTest -- Verify at flight confirmation
21063 [TestNG-tests-2] INFO  c.y.reservationflight.BaseTest -- Verify Tax
21082 [TestNG-tests-2] INFO  c.y.reservationflight.BaseTest -- Verify Total Price
21098 [TestNG-tests-2] INFO  c.y.reservationflight.BaseTest --  -------------------------- PASSED -------------------------- 
21099 [TestNG-tests-2] INFO  c.y.reservationflight.BaseTest -- OS name = mac os x
21507 [TestNG-tests-2] INFO  c.y.reservationflight.BaseTest -- ---------- QUIT BROWSER SUCCESS ----------
210  [TestNG-tests-1] INFO  c.yenpractice.utilities.DataLoader -- Reading data from location: .//src/test/java/com/yenpractice/config/dev.properties
210  [TestNG-tests-2] INFO  c.yenpractice.utilities.DataLoader -- Reading data from location: .//src/test/java/com/yenpractice/config/dev.properties
217  [TestNG-tests-1] INFO  c.yenpractice.utilities.DataLoader -- Reading data from location: .//src/test/java/com/yenpractice/config/dev.properties
217  [TestNG-tests-2] INFO  c.yenpractice.utilities.DataLoader -- Reading data from location: .//src/test/java/com/yenpractice/config/dev.properties
218  [TestNG-tests-2] INFO  c.yenpractice.utilities.DataLoader -- Reading data from location: .//src/test/java/com/yenpractice/config/dev.properties
218  [TestNG-tests-1] INFO  c.yenpractice.utilities.DataLoader -- Reading data from location: .//src/test/java/com/yenpractice/config/dev.properties
217  [TestNG-tests-1] INFO  c.yenpractice.utilities.DataLoader -- Reading data from location: .//src/test/java/com/yenpractice/config/dev.properties
217  [TestNG-tests-2] INFO  c.yenpractice.utilities.DataLoader -- Reading data from location: .//src/test/java/com/yenpractice/config/dev.properties
213  [TestNG-tests-1] INFO  c.yenpractice.utilities.DataLoader -- Reading data from location: .//src/test/java/com/yenpractice/config/dev.properties
213  [TestNG-tests-2] INFO  c.yenpractice.utilities.DataLoader -- Reading data from location: .//src/test/java/com/yenpractice/config/dev.properties
224  [TestNG-tests-2] INFO  c.y.reservationflight.BaseTest -- Navigate to the reservation flight
224  [TestNG-tests-1] INFO  c.y.reservationflight.BaseTest -- Navigate to the reservation flight
224  [TestNG-tests-2] INFO  c.yenpractice.utilities.ConfigUtil -- This is the defect need to be fixed false
224  [TestNG-tests-1] INFO  c.yenpractice.utilities.ConfigUtil -- This is the defect need to be fixed false
224  [TestNG-tests-2] INFO  c.y.reservationflight.BaseTest -- This is local
224  [TestNG-tests-1] INFO  c.y.reservationflight.BaseTest -- This is local
3791 [TestNG-tests-1] INFO  c.yenpractice.utilities.DataLoader -- Reading data from location: .//src/test/java/com/yenpractice/datamodel/data/customer_A.json
3819 [TestNG-tests-1] INFO  c.yenpractice.utilities.DataLoader -- Reading data from location: .//src/test/java/com/yenpractice/datamodel/data/flight_customer_A.json
3822 [TestNG-tests-1] INFO  c.y.reservationflight.BaseTest -- Verify navigate successfully
3871 [TestNG-tests-1] INFO  c.y.reservationflight.BaseTest -- Register Lily
4410 [TestNG-tests-1] INFO  c.y.reservationflight.BaseTest -- Verify register successfully
5110 [TestNG-tests-2] INFO  c.yenpractice.utilities.DataLoader -- Reading data from location: .//src/test/java/com/yenpractice/datamodel/data/customer_A.json
5137 [TestNG-tests-2] INFO  c.yenpractice.utilities.DataLoader -- Reading data from location: .//src/test/java/com/yenpractice/datamodel/data/flight_customer_A.json
5155 [TestNG-tests-2] INFO  c.y.reservationflight.BaseTest -- Verify navigate successfully
5211 [TestNG-tests-2] INFO  c.y.reservationflight.BaseTest -- Register Lily
5841 [TestNG-tests-2] INFO  c.y.reservationflight.BaseTest -- Verify register successfully
6022 [TestNG-tests-1] INFO  c.y.reservationflight.BaseTest -- Click flight search
6091 [TestNG-tests-1] INFO  c.y.reservationflight.BaseTest -- Verify at select flights
6388 [TestNG-tests-2] INFO  c.y.reservationflight.BaseTest -- Click flight search
6407 [TestNG-tests-2] INFO  c.y.reservationflight.BaseTest -- Verify at select flights
7201 [TestNG-tests-1] INFO  c.y.reservationflight.BaseTest -- Choose flight criteria and search
7404 [TestNG-tests-1] INFO  c.y.reservationflight.BaseTest -- Verify at search flights
7448 [TestNG-tests-2] INFO  c.y.reservationflight.BaseTest -- Choose flight criteria and search
7967 [TestNG-tests-1] INFO  c.y.reservationflight.BaseTest -- Choose departure and arrival
8084 [TestNG-tests-1] INFO  c.y.reservationflight.BaseTest -- Verify at flight confirmation
8409 [TestNG-tests-2] INFO  c.y.reservationflight.BaseTest -- Verify at search flights
9167 [TestNG-tests-1] INFO  c.y.reservationflight.BaseTest -- Verify Tax
9199 [TestNG-tests-1] INFO  c.y.reservationflight.BaseTest -- Verify Total Price
9223 [TestNG-tests-1] INFO  c.y.reservationflight.BaseTest --  -------------------------- PASSED -------------------------- 
9225 [TestNG-tests-1] INFO  c.y.reservationflight.BaseTest -- OS name = mac os x
9328 [TestNG-tests-1] INFO  c.y.reservationflight.BaseTest -- ---------- QUIT BROWSER SUCCESS ----------
9329 [TestNG-tests-1] INFO  c.y.reservationflight.BaseTest -- Navigate to the reservation flight
9329 [TestNG-tests-1] INFO  c.yenpractice.utilities.ConfigUtil -- This is the defect need to be fixed false
9329 [TestNG-tests-1] INFO  c.y.reservationflight.BaseTest -- This is local
9466 [TestNG-tests-2] INFO  c.y.reservationflight.BaseTest -- Choose departure and arrival
10136 [TestNG-tests-2] INFO  c.y.reservationflight.BaseTest -- Verify at flight confirmation
11447 [TestNG-tests-1] INFO  c.yenpractice.utilities.DataLoader -- Reading data from location: .//src/test/java/com/yenpractice/datamodel/data/customer_B.json
11456 [TestNG-tests-1] INFO  c.yenpractice.utilities.DataLoader -- Reading data from location: .//src/test/java/com/yenpractice/datamodel/data/flight_customer_B.json
11457 [TestNG-tests-1] INFO  c.y.reservationflight.BaseTest -- Verify navigate successfully
11484 [TestNG-tests-1] INFO  c.y.reservationflight.BaseTest -- Register LilyB
11758 [TestNG-tests-2] INFO  c.y.reservationflight.BaseTest -- Verify Tax
11777 [TestNG-tests-2] INFO  c.y.reservationflight.BaseTest -- Verify Total Price
11794 [TestNG-tests-2] INFO  c.y.reservationflight.BaseTest --  -------------------------- PASSED -------------------------- 
11795 [TestNG-tests-2] INFO  c.y.reservationflight.BaseTest -- OS name = mac os x
12011 [TestNG-tests-1] INFO  c.y.reservationflight.BaseTest -- Verify register successfully
12208 [TestNG-tests-2] INFO  c.y.reservationflight.BaseTest -- ---------- QUIT BROWSER SUCCESS ----------
12209 [TestNG-tests-2] INFO  c.y.reservationflight.BaseTest -- Navigate to the reservation flight
12209 [TestNG-tests-2] INFO  c.yenpractice.utilities.ConfigUtil -- This is the defect need to be fixed false
12209 [TestNG-tests-2] INFO  c.y.reservationflight.BaseTest -- This is local
13084 [TestNG-tests-1] INFO  c.y.reservationflight.BaseTest -- Click flight search
13169 [TestNG-tests-1] INFO  c.y.reservationflight.BaseTest -- Verify at select flights
14776 [TestNG-tests-1] INFO  c.y.reservationflight.BaseTest -- Choose flight criteria and search
14993 [TestNG-tests-1] INFO  c.y.reservationflight.BaseTest -- Verify at search flights
15312 [TestNG-tests-2] INFO  c.yenpractice.utilities.DataLoader -- Reading data from location: .//src/test/java/com/yenpractice/datamodel/data/customer_A.json
15314 [TestNG-tests-2] INFO  c.yenpractice.utilities.DataLoader -- Reading data from location: .//src/test/java/com/yenpractice/datamodel/data/flight_customer_A.json
15315 [TestNG-tests-2] INFO  c.y.reservationflight.BaseTest -- Verify navigate successfully
15353 [TestNG-tests-2] INFO  c.y.reservationflight.BaseTest -- Register Lily
16046 [TestNG-tests-1] INFO  c.y.reservationflight.BaseTest -- Choose departure and arrival
16049 [TestNG-tests-2] INFO  c.y.reservationflight.BaseTest -- Verify register successfully
16153 [TestNG-tests-1] INFO  c.y.reservationflight.BaseTest -- Verify at flight confirmation
18160 [TestNG-tests-2] INFO  c.y.reservationflight.BaseTest -- Click flight search
18178 [TestNG-tests-2] INFO  c.y.reservationflight.BaseTest -- Verify at select flights
18254 [TestNG-tests-1] INFO  c.y.reservationflight.BaseTest -- Verify Tax
18276 [TestNG-tests-1] INFO  c.y.reservationflight.BaseTest -- Verify Total Price
18298 [TestNG-tests-1] INFO  c.y.reservationflight.BaseTest --  -------------------------- FAILED -------------------------- 
18413 [TestNG-tests-1] INFO  c.y.reservationflight.BaseTest -- OS name = mac os x
18506 [TestNG-tests-1] INFO  c.y.reservationflight.BaseTest -- ---------- QUIT BROWSER SUCCESS ----------
19236 [TestNG-tests-2] INFO  c.y.reservationflight.BaseTest -- Choose flight criteria and search
20208 [TestNG-tests-2] INFO  c.y.reservationflight.BaseTest -- Verify at search flights
21854 [TestNG-tests-2] INFO  c.y.reservationflight.BaseTest -- Choose departure and arrival
22541 [TestNG-tests-2] INFO  c.y.reservationflight.BaseTest -- Verify at flight confirmation
23092 [TestNG-tests-2] INFO  c.y.reservationflight.BaseTest -- Verify Tax
23111 [TestNG-tests-2] INFO  c.y.reservationflight.BaseTest -- Verify Total Price
23126 [TestNG-tests-2] INFO  c.y.reservationflight.BaseTest --  -------------------------- PASSED -------------------------- 
23127 [TestNG-tests-2] INFO  c.y.reservationflight.BaseTest -- OS name = mac os x
23516 [TestNG-tests-2] INFO  c.y.reservationflight.BaseTest -- ---------- QUIT BROWSER SUCCESS ----------
214  [TestNG-tests-1] INFO  c.yenpractice.utilities.DataLoader -- Reading data from location: .//src/test/java/com/yenpractice/config/dev.properties
214  [TestNG-tests-2] INFO  c.yenpractice.utilities.DataLoader -- Reading data from location: .//src/test/java/com/yenpractice/config/dev.properties
217  [TestNG-tests-1] ERROR c.yenpractice.utilities.ConfigUtil -- Unable to read the config properties file in location .//src/test/java/com/yenpractice/config/dev.properties
217  [TestNG-tests-2] ERROR c.yenpractice.utilities.ConfigUtil -- Unable to read the config properties file in location .//src/test/java/com/yenpractice/config/dev.properties
217  [TestNG-tests-1] ERROR c.yenpractice.utilities.ConfigUtil -- Unable to load the config file
217  [TestNG-tests-2] ERROR c.yenpractice.utilities.ConfigUtil -- Unable to load the config file
226  [TestNG-tests-1] INFO  c.y.reservationflight.BaseTest -- Navigate to the reservation flight
226  [TestNG-tests-2] INFO  c.y.reservationflight.BaseTest -- Navigate to the reservation flight
226  [TestNG-tests-1] INFO  c.yenpractice.utilities.ConfigUtil -- This is the defect need to be fixed null
226  [TestNG-tests-2] INFO  c.yenpractice.utilities.ConfigUtil -- This is the defect need to be fixed null
226  [TestNG-tests-1] INFO  c.y.reservationflight.BaseTest -- This is local
226  [TestNG-tests-2] INFO  c.y.reservationflight.BaseTest -- This is local
6387 [TestNG-tests-2] INFO  c.yenpractice.utilities.DataLoader -- Reading data from location: .//src/test/java/com/yenpractice/datamodel/data/customer_A.json
6388 [TestNG-tests-2] ERROR com.yenpractice.utilities.JsonUtil -- unable to get data from location.//src/test/java/com/yenpractice/datamodel/data/customer_A.json
6388 [TestNG-tests-2] INFO  c.yenpractice.utilities.DataLoader -- Reading data from location: .//src/test/java/com/yenpractice/datamodel/data/flight_customer_A.json
6388 [TestNG-tests-2] ERROR com.yenpractice.utilities.JsonUtil -- unable to get data from location.//src/test/java/com/yenpractice/datamodel/data/flight_customer_A.json
6390 [TestNG-tests-2] INFO  c.y.reservationflight.BaseTest -- Verify navigate successfully
6464 [TestNG-tests-2] INFO  c.y.reservationflight.BaseTest -- OS name = mac os x
7007 [TestNG-tests-2] INFO  c.y.reservationflight.BaseTest -- ---------- QUIT BROWSER SUCCESS ----------
7008 [TestNG-tests-2] INFO  c.y.reservationflight.BaseTest -- Navigate to the reservation flight
7008 [TestNG-tests-2] INFO  c.yenpractice.utilities.ConfigUtil -- This is the defect need to be fixed null
7008 [TestNG-tests-2] INFO  c.y.reservationflight.BaseTest -- This is local
10298 [TestNG-tests-2] INFO  c.yenpractice.utilities.DataLoader -- Reading data from location: .//src/test/java/com/yenpractice/datamodel/data/customer_A.json
10299 [TestNG-tests-2] ERROR com.yenpractice.utilities.JsonUtil -- unable to get data from location.//src/test/java/com/yenpractice/datamodel/data/customer_A.json
10299 [TestNG-tests-2] INFO  c.yenpractice.utilities.DataLoader -- Reading data from location: .//src/test/java/com/yenpractice/datamodel/data/flight_customer_A.json
10299 [TestNG-tests-2] ERROR com.yenpractice.utilities.JsonUtil -- unable to get data from location.//src/test/java/com/yenpractice/datamodel/data/flight_customer_A.json
10300 [TestNG-tests-2] INFO  c.y.reservationflight.BaseTest -- Verify navigate successfully
10373 [TestNG-tests-2] INFO  c.y.reservationflight.BaseTest -- OS name = mac os x
10768 [TestNG-tests-2] INFO  c.y.reservationflight.BaseTest -- ---------- QUIT BROWSER SUCCESS ----------
15929 [TestNG-tests-1] INFO  c.yenpractice.utilities.DataLoader -- Reading data from location: .//src/test/java/com/yenpractice/datamodel/data/customer_A.json
15930 [TestNG-tests-1] ERROR com.yenpractice.utilities.JsonUtil -- unable to get data from location.//src/test/java/com/yenpractice/datamodel/data/customer_A.json
15930 [TestNG-tests-1] INFO  c.yenpractice.utilities.DataLoader -- Reading data from location: .//src/test/java/com/yenpractice/datamodel/data/flight_customer_A.json
15930 [TestNG-tests-1] ERROR com.yenpractice.utilities.JsonUtil -- unable to get data from location.//src/test/java/com/yenpractice/datamodel/data/flight_customer_A.json
15930 [TestNG-tests-1] INFO  c.y.reservationflight.BaseTest -- Verify navigate successfully
16041 [TestNG-tests-1] INFO  c.y.reservationflight.BaseTest -- OS name = mac os x
16135 [TestNG-tests-1] INFO  c.y.reservationflight.BaseTest -- ---------- QUIT BROWSER SUCCESS ----------
16136 [TestNG-tests-1] INFO  c.y.reservationflight.BaseTest -- Navigate to the reservation flight
16136 [TestNG-tests-1] INFO  c.yenpractice.utilities.ConfigUtil -- This is the defect need to be fixed null
16136 [TestNG-tests-1] INFO  c.y.reservationflight.BaseTest -- This is local
18470 [TestNG-tests-1] INFO  c.yenpractice.utilities.DataLoader -- Reading data from location: .//src/test/java/com/yenpractice/datamodel/data/customer_B.json
18471 [TestNG-tests-1] ERROR com.yenpractice.utilities.JsonUtil -- unable to get data from location.//src/test/java/com/yenpractice/datamodel/data/customer_B.json
18471 [TestNG-tests-1] INFO  c.yenpractice.utilities.DataLoader -- Reading data from location: .//src/test/java/com/yenpractice/datamodel/data/flight_customer_B.json
18471 [TestNG-tests-1] ERROR com.yenpractice.utilities.JsonUtil -- unable to get data from location.//src/test/java/com/yenpractice/datamodel/data/flight_customer_B.json
18471 [TestNG-tests-1] INFO  c.y.reservationflight.BaseTest -- Verify navigate successfully
18576 [TestNG-tests-1] INFO  c.y.reservationflight.BaseTest -- OS name = mac os x
18663 [TestNG-tests-1] INFO  c.y.reservationflight.BaseTest -- ---------- QUIT BROWSER SUCCESS ----------
223  [TestNG-tests-2] INFO  c.yenpractice.utilities.DataLoader -- Reading data from location: .//src/test/java/com/yenpractice/config/dev.properties
223  [TestNG-tests-1] INFO  c.yenpractice.utilities.DataLoader -- Reading data from location: .//src/test/java/com/yenpractice/config/dev.properties
226  [TestNG-tests-1] ERROR c.yenpractice.utilities.ConfigUtil -- Unable to read the config properties file in location .//src/test/java/com/yenpractice/config/dev.properties
226  [TestNG-tests-1] ERROR c.yenpractice.utilities.ConfigUtil -- Unable to load the config file
227  [TestNG-tests-2] ERROR c.yenpractice.utilities.ConfigUtil -- Unable to read the config properties file in location .//src/test/java/com/yenpractice/config/dev.properties
227  [TestNG-tests-2] ERROR c.yenpractice.utilities.ConfigUtil -- Unable to load the config file
234  [TestNG-tests-1] INFO  c.y.reservationflight.BaseTest -- Navigate to the reservation flight
234  [TestNG-tests-2] INFO  c.y.reservationflight.BaseTest -- Navigate to the reservation flight
235  [TestNG-tests-1] INFO  c.yenpractice.utilities.ConfigUtil -- This is the defect need to be fixed null
235  [TestNG-tests-2] INFO  c.yenpractice.utilities.ConfigUtil -- This is the defect need to be fixed null
235  [TestNG-tests-1] INFO  c.y.reservationflight.BaseTest -- This is local
235  [TestNG-tests-2] INFO  c.y.reservationflight.BaseTest -- This is local
3103 [TestNG-tests-1] INFO  c.yenpractice.utilities.DataLoader -- Reading data from location: .//src/test/java/com/resources/data/customer_A.json
3104 [TestNG-tests-1] ERROR com.yenpractice.utilities.JsonUtil -- unable to get data from location.//src/test/java/com/resources/data/customer_A.json
3105 [TestNG-tests-1] INFO  c.yenpractice.utilities.DataLoader -- Reading data from location: .//src/test/java/com/resources/data/flight_customer_A.json
3105 [TestNG-tests-1] ERROR com.yenpractice.utilities.JsonUtil -- unable to get data from location.//src/test/java/com/resources/data/flight_customer_A.json
3106 [TestNG-tests-1] INFO  c.y.reservationflight.BaseTest -- Verify navigate successfully
3493 [TestNG-tests-1] INFO  c.y.reservationflight.BaseTest -- OS name = mac os x
3601 [TestNG-tests-1] INFO  c.y.reservationflight.BaseTest -- ---------- QUIT BROWSER SUCCESS ----------
3602 [TestNG-tests-1] INFO  c.y.reservationflight.BaseTest -- Navigate to the reservation flight
3602 [TestNG-tests-1] INFO  c.yenpractice.utilities.ConfigUtil -- This is the defect need to be fixed null
3602 [TestNG-tests-1] INFO  c.y.reservationflight.BaseTest -- This is local
3714 [TestNG-tests-2] INFO  c.yenpractice.utilities.DataLoader -- Reading data from location: .//src/test/java/com/yenpractice/datamodel/data/customer_A.json
3715 [TestNG-tests-2] ERROR com.yenpractice.utilities.JsonUtil -- unable to get data from location.//src/test/java/com/yenpractice/datamodel/data/customer_A.json
3715 [TestNG-tests-2] INFO  c.yenpractice.utilities.DataLoader -- Reading data from location: .//src/test/java/com/yenpractice/datamodel/data/flight_customer_A.json
3715 [TestNG-tests-2] ERROR com.yenpractice.utilities.JsonUtil -- unable to get data from location.//src/test/java/com/yenpractice/datamodel/data/flight_customer_A.json
3715 [TestNG-tests-2] INFO  c.y.reservationflight.BaseTest -- Verify navigate successfully
3772 [TestNG-tests-2] INFO  c.y.reservationflight.BaseTest -- OS name = mac os x
5154 [TestNG-tests-2] INFO  c.y.reservationflight.BaseTest -- ---------- QUIT BROWSER SUCCESS ----------
5155 [TestNG-tests-2] INFO  c.y.reservationflight.BaseTest -- Navigate to the reservation flight
5155 [TestNG-tests-2] INFO  c.yenpractice.utilities.ConfigUtil -- This is the defect need to be fixed null
5155 [TestNG-tests-2] INFO  c.y.reservationflight.BaseTest -- This is local
5750 [TestNG-tests-1] INFO  c.yenpractice.utilities.DataLoader -- Reading data from location: .//src/test/java/com/resources/data/customer_B.json
5750 [TestNG-tests-1] ERROR com.yenpractice.utilities.JsonUtil -- unable to get data from location.//src/test/java/com/resources/data/customer_B.json
5750 [TestNG-tests-1] INFO  c.yenpractice.utilities.DataLoader -- Reading data from location: .//src/test/java/com/resources/data/flight_customer_B.json
5751 [TestNG-tests-1] ERROR com.yenpractice.utilities.JsonUtil -- unable to get data from location.//src/test/java/com/resources/data/flight_customer_B.json
5751 [TestNG-tests-1] INFO  c.y.reservationflight.BaseTest -- Verify navigate successfully
5879 [TestNG-tests-1] INFO  c.y.reservationflight.BaseTest -- OS name = mac os x
5975 [TestNG-tests-1] INFO  c.y.reservationflight.BaseTest -- ---------- QUIT BROWSER SUCCESS ----------
8686 [TestNG-tests-2] INFO  c.yenpractice.utilities.DataLoader -- Reading data from location: .//src/test/java/com/yenpractice/datamodel/data/customer_A.json
8688 [TestNG-tests-2] ERROR com.yenpractice.utilities.JsonUtil -- unable to get data from location.//src/test/java/com/yenpractice/datamodel/data/customer_A.json
8688 [TestNG-tests-2] INFO  c.yenpractice.utilities.DataLoader -- Reading data from location: .//src/test/java/com/yenpractice/datamodel/data/flight_customer_A.json
8689 [TestNG-tests-2] ERROR com.yenpractice.utilities.JsonUtil -- unable to get data from location.//src/test/java/com/yenpractice/datamodel/data/flight_customer_A.json
8689 [TestNG-tests-2] INFO  c.y.reservationflight.BaseTest -- Verify navigate successfully
8764 [TestNG-tests-2] INFO  c.y.reservationflight.BaseTest -- OS name = mac os x
9138 [TestNG-tests-2] INFO  c.y.reservationflight.BaseTest -- ---------- QUIT BROWSER SUCCESS ----------
203  [TestNG-tests-1] INFO  c.yenpractice.utilities.DataLoader -- Reading data from location: .//src/test/java/com/yenpractice/config/dev.properties
203  [TestNG-tests-2] INFO  c.yenpractice.utilities.DataLoader -- Reading data from location: .//src/test/java/com/yenpractice/config/dev.properties
205  [TestNG-tests-1] ERROR c.yenpractice.utilities.ConfigUtil -- Unable to read the config properties file in location .//src/test/java/com/yenpractice/config/dev.properties
205  [TestNG-tests-2] ERROR c.yenpractice.utilities.ConfigUtil -- Unable to read the config properties file in location .//src/test/java/com/yenpractice/config/dev.properties
205  [TestNG-tests-1] ERROR c.yenpractice.utilities.ConfigUtil -- Unable to load the config file
205  [TestNG-tests-2] ERROR c.yenpractice.utilities.ConfigUtil -- Unable to load the config file
214  [TestNG-tests-2] INFO  c.y.reservationflight.BaseTest -- Navigate to the reservation flight
214  [TestNG-tests-1] INFO  c.y.reservationflight.BaseTest -- Navigate to the reservation flight
214  [TestNG-tests-2] INFO  c.yenpractice.utilities.ConfigUtil -- This is the defect need to be fixed null
214  [TestNG-tests-1] INFO  c.yenpractice.utilities.ConfigUtil -- This is the defect need to be fixed null
214  [TestNG-tests-2] INFO  c.y.reservationflight.BaseTest -- This is local
214  [TestNG-tests-1] INFO  c.y.reservationflight.BaseTest -- This is local
2841 [TestNG-tests-1] INFO  c.yenpractice.utilities.DataLoader -- Reading data from location: .//src/test/java/resources/data/customer_A.json
2842 [TestNG-tests-1] ERROR com.yenpractice.utilities.JsonUtil -- unable to get data from location.//src/test/java/resources/data/customer_A.json
2843 [TestNG-tests-1] INFO  c.yenpractice.utilities.DataLoader -- Reading data from location: .//src/test/java/resources/data/flight_customer_A.json
2843 [TestNG-tests-1] ERROR com.yenpractice.utilities.JsonUtil -- unable to get data from location.//src/test/java/resources/data/flight_customer_A.json
2844 [TestNG-tests-1] INFO  c.y.reservationflight.BaseTest -- Verify navigate successfully
3048 [TestNG-tests-1] INFO  c.y.reservationflight.BaseTest -- OS name = mac os x
3142 [TestNG-tests-1] INFO  c.y.reservationflight.BaseTest -- ---------- QUIT BROWSER SUCCESS ----------
3143 [TestNG-tests-1] INFO  c.y.reservationflight.BaseTest -- Navigate to the reservation flight
3143 [TestNG-tests-1] INFO  c.yenpractice.utilities.ConfigUtil -- This is the defect need to be fixed null
3143 [TestNG-tests-1] INFO  c.y.reservationflight.BaseTest -- This is local
3793 [TestNG-tests-2] INFO  c.yenpractice.utilities.DataLoader -- Reading data from location: .//src/test/java/resources/data/customer_A.json
3816 [TestNG-tests-2] ERROR com.yenpractice.utilities.JsonUtil -- unable to get data from location.//src/test/java/resources/data/customer_A.json
3837 [TestNG-tests-2] INFO  c.yenpractice.utilities.DataLoader -- Reading data from location: .//src/test/java/resources/data/flight_customer_A.json
3856 [TestNG-tests-2] ERROR com.yenpractice.utilities.JsonUtil -- unable to get data from location.//src/test/java/resources/data/flight_customer_A.json
3897 [TestNG-tests-2] INFO  c.y.reservationflight.BaseTest -- Verify navigate successfully
3987 [TestNG-tests-2] INFO  c.y.reservationflight.BaseTest -- OS name = mac os x
4948 [TestNG-tests-2] INFO  c.y.reservationflight.BaseTest -- ---------- QUIT BROWSER SUCCESS ----------
4949 [TestNG-tests-2] INFO  c.y.reservationflight.BaseTest -- Navigate to the reservation flight
4949 [TestNG-tests-2] INFO  c.yenpractice.utilities.ConfigUtil -- This is the defect need to be fixed null
4949 [TestNG-tests-2] INFO  c.y.reservationflight.BaseTest -- This is local
5171 [TestNG-tests-1] INFO  c.yenpractice.utilities.DataLoader -- Reading data from location: .//src/test/java/resources/data/customer_B.json
5172 [TestNG-tests-1] ERROR com.yenpractice.utilities.JsonUtil -- unable to get data from location.//src/test/java/resources/data/customer_B.json
5172 [TestNG-tests-1] INFO  c.yenpractice.utilities.DataLoader -- Reading data from location: .//src/test/java/resources/data/flight_customer_B.json
5172 [TestNG-tests-1] ERROR com.yenpractice.utilities.JsonUtil -- unable to get data from location.//src/test/java/resources/data/flight_customer_B.json
5172 [TestNG-tests-1] INFO  c.y.reservationflight.BaseTest -- Verify navigate successfully
5302 [TestNG-tests-1] INFO  c.y.reservationflight.BaseTest -- OS name = mac os x
5395 [TestNG-tests-1] INFO  c.y.reservationflight.BaseTest -- ---------- QUIT BROWSER SUCCESS ----------
7582 [TestNG-tests-2] INFO  c.yenpractice.utilities.DataLoader -- Reading data from location: .//src/test/java/resources/data/customer_A.json
7583 [TestNG-tests-2] ERROR com.yenpractice.utilities.JsonUtil -- unable to get data from location.//src/test/java/resources/data/customer_A.json
7583 [TestNG-tests-2] INFO  c.yenpractice.utilities.DataLoader -- Reading data from location: .//src/test/java/resources/data/flight_customer_A.json
7584 [TestNG-tests-2] ERROR com.yenpractice.utilities.JsonUtil -- unable to get data from location.//src/test/java/resources/data/flight_customer_A.json
7584 [TestNG-tests-2] INFO  c.y.reservationflight.BaseTest -- Verify navigate successfully
7653 [TestNG-tests-2] INFO  c.y.reservationflight.BaseTest -- OS name = mac os x
8646 [TestNG-tests-2] INFO  c.y.reservationflight.BaseTest -- ---------- QUIT BROWSER SUCCESS ----------
210  [TestNG-tests-1] INFO  c.yenpractice.utilities.DataLoader -- Reading data from location: .//src/test/java/com/yenpractice/config/dev.properties
210  [TestNG-tests-2] INFO  c.yenpractice.utilities.DataLoader -- Reading data from location: .//src/test/java/com/yenpractice/config/dev.properties
212  [TestNG-tests-2] ERROR c.yenpractice.utilities.ConfigUtil -- Unable to read the config properties file in location .//src/test/java/com/yenpractice/config/dev.properties
212  [TestNG-tests-1] ERROR c.yenpractice.utilities.ConfigUtil -- Unable to read the config properties file in location .//src/test/java/com/yenpractice/config/dev.properties
212  [TestNG-tests-2] ERROR c.yenpractice.utilities.ConfigUtil -- Unable to load the config file
212  [TestNG-tests-1] ERROR c.yenpractice.utilities.ConfigUtil -- Unable to load the config file
221  [TestNG-tests-1] INFO  c.y.reservationflight.BaseTest -- Navigate to the reservation flight
221  [TestNG-tests-2] INFO  c.y.reservationflight.BaseTest -- Navigate to the reservation flight
221  [TestNG-tests-1] INFO  c.yenpractice.utilities.ConfigUtil -- This is the defect need to be fixed null
221  [TestNG-tests-2] INFO  c.yenpractice.utilities.ConfigUtil -- This is the defect need to be fixed null
221  [TestNG-tests-1] INFO  c.y.reservationflight.BaseTest -- This is local
221  [TestNG-tests-2] INFO  c.y.reservationflight.BaseTest -- This is local
2793 [TestNG-tests-1] INFO  c.yenpractice.utilities.DataLoader -- Reading data from location: .//src/java/resources/data/customer_A.json
2793 [TestNG-tests-1] ERROR com.yenpractice.utilities.JsonUtil -- unable to get data from location.//src/java/resources/data/customer_A.json
2794 [TestNG-tests-1] INFO  c.yenpractice.utilities.DataLoader -- Reading data from location: .//src/java/resources/data/flight_customer_A.json
2794 [TestNG-tests-1] ERROR com.yenpractice.utilities.JsonUtil -- unable to get data from location.//src/java/resources/data/flight_customer_A.json
2795 [TestNG-tests-1] INFO  c.y.reservationflight.BaseTest -- Verify navigate successfully
3011 [TestNG-tests-1] INFO  c.y.reservationflight.BaseTest -- OS name = mac os x
3116 [TestNG-tests-1] INFO  c.y.reservationflight.BaseTest -- ---------- QUIT BROWSER SUCCESS ----------
3117 [TestNG-tests-1] INFO  c.y.reservationflight.BaseTest -- Navigate to the reservation flight
3117 [TestNG-tests-1] INFO  c.yenpractice.utilities.ConfigUtil -- This is the defect need to be fixed null
3117 [TestNG-tests-1] INFO  c.y.reservationflight.BaseTest -- This is local
3588 [TestNG-tests-2] INFO  c.yenpractice.utilities.DataLoader -- Reading data from location: .//src/test/resources/data/customer_A.json
3634 [TestNG-tests-2] INFO  c.yenpractice.utilities.DataLoader -- Reading data from location: .//src/test/resources/data/flight_customer_A.json
3644 [TestNG-tests-2] INFO  c.y.reservationflight.BaseTest -- Verify navigate successfully
3707 [TestNG-tests-2] INFO  c.y.reservationflight.BaseTest -- Register Lily
4538 [TestNG-tests-2] INFO  c.y.reservationflight.BaseTest -- Verify register successfully
5043 [TestNG-tests-1] INFO  c.yenpractice.utilities.DataLoader -- Reading data from location: .//src/java/resources/data/customer_B.json
5044 [TestNG-tests-1] ERROR com.yenpractice.utilities.JsonUtil -- unable to get data from location.//src/java/resources/data/customer_B.json
5044 [TestNG-tests-1] INFO  c.yenpractice.utilities.DataLoader -- Reading data from location: .//src/java/resources/data/flight_customer_B.json
5044 [TestNG-tests-1] ERROR com.yenpractice.utilities.JsonUtil -- unable to get data from location.//src/java/resources/data/flight_customer_B.json
5044 [TestNG-tests-1] INFO  c.y.reservationflight.BaseTest -- Verify navigate successfully
5163 [TestNG-tests-1] INFO  c.y.reservationflight.BaseTest -- OS name = mac os x
5251 [TestNG-tests-1] INFO  c.y.reservationflight.BaseTest -- ---------- QUIT BROWSER SUCCESS ----------
6145 [TestNG-tests-2] INFO  c.y.reservationflight.BaseTest -- Click flight search
6169 [TestNG-tests-2] INFO  c.y.reservationflight.BaseTest -- Verify at select flights
6718 [TestNG-tests-2] INFO  c.y.reservationflight.BaseTest -- Choose flight criteria and search
7709 [TestNG-tests-2] INFO  c.y.reservationflight.BaseTest -- Verify at search flights
8784 [TestNG-tests-2] INFO  c.y.reservationflight.BaseTest -- Choose departure and arrival
9638 [TestNG-tests-2] INFO  c.y.reservationflight.BaseTest -- Verify at flight confirmation
10786 [TestNG-tests-2] INFO  c.y.reservationflight.BaseTest -- Verify Tax
10808 [TestNG-tests-2] INFO  c.y.reservationflight.BaseTest -- Verify Total Price
10824 [TestNG-tests-2] INFO  c.y.reservationflight.BaseTest --  -------------------------- PASSED -------------------------- 
10825 [TestNG-tests-2] INFO  c.y.reservationflight.BaseTest -- OS name = mac os x
11215 [TestNG-tests-2] INFO  c.y.reservationflight.BaseTest -- ---------- QUIT BROWSER SUCCESS ----------
11216 [TestNG-tests-2] INFO  c.y.reservationflight.BaseTest -- Navigate to the reservation flight
11216 [TestNG-tests-2] INFO  c.yenpractice.utilities.ConfigUtil -- This is the defect need to be fixed null
11216 [TestNG-tests-2] INFO  c.y.reservationflight.BaseTest -- This is local
13730 [TestNG-tests-2] INFO  c.yenpractice.utilities.DataLoader -- Reading data from location: .//src/test/resources/data/customer_A.json
13732 [TestNG-tests-2] INFO  c.yenpractice.utilities.DataLoader -- Reading data from location: .//src/test/resources/data/flight_customer_A.json
13733 [TestNG-tests-2] INFO  c.y.reservationflight.BaseTest -- Verify navigate successfully
13769 [TestNG-tests-2] INFO  c.y.reservationflight.BaseTest -- Register Lily
14477 [TestNG-tests-2] INFO  c.y.reservationflight.BaseTest -- Verify register successfully
16084 [TestNG-tests-2] INFO  c.y.reservationflight.BaseTest -- Click flight search
16102 [TestNG-tests-2] INFO  c.y.reservationflight.BaseTest -- Verify at select flights
17170 [TestNG-tests-2] INFO  c.y.reservationflight.BaseTest -- Choose flight criteria and search
18153 [TestNG-tests-2] INFO  c.y.reservationflight.BaseTest -- Verify at search flights
19230 [TestNG-tests-2] INFO  c.y.reservationflight.BaseTest -- Choose departure and arrival
19915 [TestNG-tests-2] INFO  c.y.reservationflight.BaseTest -- Verify at flight confirmation
20462 [TestNG-tests-2] INFO  c.y.reservationflight.BaseTest -- Verify Tax
20481 [TestNG-tests-2] INFO  c.y.reservationflight.BaseTest -- Verify Total Price
20499 [TestNG-tests-2] INFO  c.y.reservationflight.BaseTest --  -------------------------- PASSED -------------------------- 
20500 [TestNG-tests-2] INFO  c.y.reservationflight.BaseTest -- OS name = mac os x
20896 [TestNG-tests-2] INFO  c.y.reservationflight.BaseTest -- ---------- QUIT BROWSER SUCCESS ----------
203  [TestNG-tests-1] INFO  c.yenpractice.utilities.DataLoader -- Reading data from location: .//src/test/java/com/yenpractice/config/dev.properties
203  [TestNG-tests-2] INFO  c.yenpractice.utilities.DataLoader -- Reading data from location: .//src/test/java/com/yenpractice/config/dev.properties
205  [TestNG-tests-1] ERROR c.yenpractice.utilities.ConfigUtil -- Unable to read the config properties file in location .//src/test/java/com/yenpractice/config/dev.properties
205  [TestNG-tests-2] ERROR c.yenpractice.utilities.ConfigUtil -- Unable to read the config properties file in location .//src/test/java/com/yenpractice/config/dev.properties
205  [TestNG-tests-1] ERROR c.yenpractice.utilities.ConfigUtil -- Unable to load the config file
205  [TestNG-tests-2] ERROR c.yenpractice.utilities.ConfigUtil -- Unable to load the config file
214  [TestNG-tests-1] INFO  c.y.reservationflight.BaseTest -- Navigate to the reservation flight
214  [TestNG-tests-2] INFO  c.y.reservationflight.BaseTest -- Navigate to the reservation flight
214  [TestNG-tests-1] INFO  c.yenpractice.utilities.ConfigUtil -- This is the defect need to be fixed null
214  [TestNG-tests-2] INFO  c.yenpractice.utilities.ConfigUtil -- This is the defect need to be fixed null
214  [TestNG-tests-1] INFO  c.y.reservationflight.BaseTest -- This is local
214  [TestNG-tests-2] INFO  c.y.reservationflight.BaseTest -- This is local
2951 [TestNG-tests-1] INFO  c.yenpractice.utilities.DataLoader -- Reading data from location: .//src/test/resources/data/customer_A.json
2979 [TestNG-tests-1] INFO  c.yenpractice.utilities.DataLoader -- Reading data from location: .//src/test/resources/data/flight_customer_A.json
2982 [TestNG-tests-1] INFO  c.y.reservationflight.BaseTest -- Verify navigate successfully
3047 [TestNG-tests-1] INFO  c.y.reservationflight.BaseTest -- Register Lily
3461 [TestNG-tests-2] INFO  c.yenpractice.utilities.DataLoader -- Reading data from location: .//src/test/resources/data/customer_A.json
3462 [TestNG-tests-2] INFO  c.yenpractice.utilities.DataLoader -- Reading data from location: .//src/test/resources/data/flight_customer_A.json
3462 [TestNG-tests-2] INFO  c.y.reservationflight.BaseTest -- Verify navigate successfully
3488 [TestNG-tests-2] INFO  c.y.reservationflight.BaseTest -- Register Lily
3569 [TestNG-tests-1] INFO  c.y.reservationflight.BaseTest -- Verify register successfully
4138 [TestNG-tests-2] INFO  c.y.reservationflight.BaseTest -- Verify register successfully
4167 [TestNG-tests-2] INFO  c.y.reservationflight.BaseTest -- Click flight search
4184 [TestNG-tests-2] INFO  c.y.reservationflight.BaseTest -- Verify at select flights
5726 [TestNG-tests-1] INFO  c.y.reservationflight.BaseTest -- Click flight search
5799 [TestNG-tests-1] INFO  c.y.reservationflight.BaseTest -- Verify at select flights
6272 [TestNG-tests-2] INFO  c.y.reservationflight.BaseTest -- Choose flight criteria and search
7245 [TestNG-tests-2] INFO  c.y.reservationflight.BaseTest -- Verify at search flights
7393 [TestNG-tests-1] INFO  c.y.reservationflight.BaseTest -- Choose flight criteria and search
7598 [TestNG-tests-1] INFO  c.y.reservationflight.BaseTest -- Verify at search flights
8312 [TestNG-tests-2] INFO  c.y.reservationflight.BaseTest -- Choose departure and arrival
9002 [TestNG-tests-2] INFO  c.y.reservationflight.BaseTest -- Verify at flight confirmation
9701 [TestNG-tests-1] INFO  c.y.reservationflight.BaseTest -- Choose departure and arrival
9812 [TestNG-tests-1] INFO  c.y.reservationflight.BaseTest -- Verify at flight confirmation
10144 [TestNG-tests-2] INFO  c.y.reservationflight.BaseTest -- Verify Tax
10165 [TestNG-tests-2] INFO  c.y.reservationflight.BaseTest -- Verify Total Price
10181 [TestNG-tests-2] INFO  c.y.reservationflight.BaseTest --  -------------------------- PASSED -------------------------- 
10184 [TestNG-tests-2] INFO  c.y.reservationflight.BaseTest -- OS name = mac os x
10565 [TestNG-tests-2] INFO  c.y.reservationflight.BaseTest -- ---------- QUIT BROWSER SUCCESS ----------
10566 [TestNG-tests-2] INFO  c.y.reservationflight.BaseTest -- Navigate to the reservation flight
10566 [TestNG-tests-2] INFO  c.yenpractice.utilities.ConfigUtil -- This is the defect need to be fixed null
10566 [TestNG-tests-2] INFO  c.y.reservationflight.BaseTest -- This is local
11895 [TestNG-tests-1] INFO  c.y.reservationflight.BaseTest -- Verify Tax
11931 [TestNG-tests-1] INFO  c.y.reservationflight.BaseTest -- Verify Total Price
11960 [TestNG-tests-1] INFO  c.y.reservationflight.BaseTest --  -------------------------- PASSED -------------------------- 
11978 [TestNG-tests-1] INFO  c.y.reservationflight.BaseTest -- OS name = mac os x
12085 [TestNG-tests-1] INFO  c.y.reservationflight.BaseTest -- ---------- QUIT BROWSER SUCCESS ----------
12086 [TestNG-tests-1] INFO  c.y.reservationflight.BaseTest -- Navigate to the reservation flight
12086 [TestNG-tests-1] INFO  c.yenpractice.utilities.ConfigUtil -- This is the defect need to be fixed null
12086 [TestNG-tests-1] INFO  c.y.reservationflight.BaseTest -- This is local
13921 [TestNG-tests-2] INFO  c.yenpractice.utilities.DataLoader -- Reading data from location: .//src/test/resources/data/customer_A.json
13923 [TestNG-tests-2] INFO  c.yenpractice.utilities.DataLoader -- Reading data from location: .//src/test/resources/data/flight_customer_A.json
13923 [TestNG-tests-2] INFO  c.y.reservationflight.BaseTest -- Verify navigate successfully
13948 [TestNG-tests-2] INFO  c.y.reservationflight.BaseTest -- Register Lily
14080 [TestNG-tests-1] INFO  c.yenpractice.utilities.DataLoader -- Reading data from location: .//src/test/resources/data/customer_B.json
14081 [TestNG-tests-1] INFO  c.yenpractice.utilities.DataLoader -- Reading data from location: .//src/test/resources/data/flight_customer_B.json
14082 [TestNG-tests-1] INFO  c.y.reservationflight.BaseTest -- Verify navigate successfully
14111 [TestNG-tests-1] INFO  c.y.reservationflight.BaseTest -- Register LilyB
14584 [TestNG-tests-1] INFO  c.y.reservationflight.BaseTest -- Verify register successfully
14646 [TestNG-tests-2] INFO  c.y.reservationflight.BaseTest -- Verify register successfully
15684 [TestNG-tests-1] INFO  c.y.reservationflight.BaseTest -- Click flight search
15699 [TestNG-tests-2] INFO  c.y.reservationflight.BaseTest -- Click flight search
15723 [TestNG-tests-2] INFO  c.y.reservationflight.BaseTest -- Verify at select flights
15746 [TestNG-tests-1] INFO  c.y.reservationflight.BaseTest -- Verify at select flights
16265 [TestNG-tests-2] INFO  c.y.reservationflight.BaseTest -- Choose flight criteria and search
16314 [TestNG-tests-1] INFO  c.y.reservationflight.BaseTest -- Choose flight criteria and search
16504 [TestNG-tests-1] INFO  c.y.reservationflight.BaseTest -- Verify at search flights
17042 [TestNG-tests-1] INFO  c.y.reservationflight.BaseTest -- Choose departure and arrival
17147 [TestNG-tests-1] INFO  c.y.reservationflight.BaseTest -- Verify at flight confirmation
17213 [TestNG-tests-2] INFO  c.y.reservationflight.BaseTest -- Verify at search flights
17701 [TestNG-tests-1] INFO  c.y.reservationflight.BaseTest -- Verify Tax
17730 [TestNG-tests-1] INFO  c.y.reservationflight.BaseTest -- Verify Total Price
17738 [TestNG-tests-2] INFO  c.y.reservationflight.BaseTest -- Choose departure and arrival
17755 [TestNG-tests-1] INFO  c.y.reservationflight.BaseTest --  -------------------------- FAILED -------------------------- 
17851 [TestNG-tests-1] INFO  c.y.reservationflight.BaseTest -- OS name = mac os x
17946 [TestNG-tests-1] INFO  c.y.reservationflight.BaseTest -- ---------- QUIT BROWSER SUCCESS ----------
18397 [TestNG-tests-2] INFO  c.y.reservationflight.BaseTest -- Verify at flight confirmation
19544 [TestNG-tests-2] INFO  c.y.reservationflight.BaseTest -- Verify Tax
19636 [TestNG-tests-2] INFO  c.y.reservationflight.BaseTest -- Verify Total Price
19647 [TestNG-tests-2] INFO  c.y.reservationflight.BaseTest --  -------------------------- PASSED -------------------------- 
19648 [TestNG-tests-2] INFO  c.y.reservationflight.BaseTest -- OS name = mac os x
20030 [TestNG-tests-2] INFO  c.y.reservationflight.BaseTest -- ---------- QUIT BROWSER SUCCESS ----------
280  [main] INFO  org.testng.internal.Utils -- [TestNG] Running:
  /Users/nguyenhaiyen/Desktop/selenium-docker/selenium-docker/src/test/resources/test-suite/flight-reservation.xml

298  [TestNG-tests-1] INFO  c.yenpractice.utilities.DataLoader -- Reading data from location: .//src/test/java/com/yenpractice/config/dev.properties
298  [TestNG-tests-2] INFO  c.yenpractice.utilities.DataLoader -- Reading data from location: .//src/test/java/com/yenpractice/config/dev.properties
299  [TestNG-tests-1] ERROR c.yenpractice.utilities.ConfigUtil -- Unable to read the config properties file in location .//src/test/java/com/yenpractice/config/dev.properties
299  [TestNG-tests-2] ERROR c.yenpractice.utilities.ConfigUtil -- Unable to read the config properties file in location .//src/test/java/com/yenpractice/config/dev.properties
299  [TestNG-tests-1] ERROR c.yenpractice.utilities.ConfigUtil -- Unable to load the config file
299  [TestNG-tests-2] ERROR c.yenpractice.utilities.ConfigUtil -- Unable to load the config file
310  [TestNG-tests-2] INFO  c.y.reservationflight.BaseTest -- Navigate to the reservation flight
310  [TestNG-tests-1] INFO  c.y.reservationflight.BaseTest -- Navigate to the reservation flight
310  [TestNG-tests-1] INFO  c.yenpractice.utilities.ConfigUtil -- This is the defect need to be fixed null
310  [TestNG-tests-2] INFO  c.yenpractice.utilities.ConfigUtil -- This is the defect need to be fixed null
310  [TestNG-tests-2] INFO  c.y.reservationflight.BaseTest -- This is local
310  [TestNG-tests-1] INFO  c.y.reservationflight.BaseTest -- This is local
3380 [TestNG-tests-1] INFO  c.yenpractice.utilities.DataLoader -- Reading data from location: /data/customer_A.json
3381 [TestNG-tests-1] ERROR com.yenpractice.utilities.JsonUtil -- unable to get data from location/data/customer_A.json
3381 [TestNG-tests-1] INFO  c.yenpractice.utilities.DataLoader -- Reading data from location: /data/flight_customer_A.json
3381 [TestNG-tests-1] ERROR com.yenpractice.utilities.JsonUtil -- unable to get data from location/data/flight_customer_A.json
3383 [TestNG-tests-1] INFO  c.y.reservationflight.BaseTest -- Verify navigate successfully
3609 [TestNG-tests-1] INFO  c.y.reservationflight.BaseTest -- OS name = mac os x
3709 [TestNG-tests-1] INFO  c.y.reservationflight.BaseTest -- ---------- QUIT BROWSER SUCCESS ----------
3711 [TestNG-tests-1] INFO  c.y.reservationflight.BaseTest -- Navigate to the reservation flight
3711 [TestNG-tests-1] INFO  c.yenpractice.utilities.ConfigUtil -- This is the defect need to be fixed null
3711 [TestNG-tests-1] INFO  c.y.reservationflight.BaseTest -- This is local
3779 [TestNG-tests-2] INFO  c.yenpractice.utilities.DataLoader -- Reading data from location: /data/customer_A.json
3779 [TestNG-tests-2] ERROR com.yenpractice.utilities.JsonUtil -- unable to get data from location/data/customer_A.json
3779 [TestNG-tests-2] INFO  c.yenpractice.utilities.DataLoader -- Reading data from location: data/flight_customer_A.json
3805 [TestNG-tests-2] INFO  c.y.reservationflight.BaseTest -- Verify navigate successfully
3863 [TestNG-tests-2] INFO  c.y.reservationflight.BaseTest -- OS name = mac os x
5385 [TestNG-tests-2] INFO  c.y.reservationflight.BaseTest -- ---------- QUIT BROWSER SUCCESS ----------
5386 [TestNG-tests-2] INFO  c.y.reservationflight.BaseTest -- Navigate to the reservation flight
5386 [TestNG-tests-2] INFO  c.yenpractice.utilities.ConfigUtil -- This is the defect need to be fixed null
5386 [TestNG-tests-2] INFO  c.y.reservationflight.BaseTest -- This is local
5724 [TestNG-tests-1] INFO  c.yenpractice.utilities.DataLoader -- Reading data from location: /data/customer_B.json
5724 [TestNG-tests-1] ERROR com.yenpractice.utilities.JsonUtil -- unable to get data from location/data/customer_B.json
5724 [TestNG-tests-1] INFO  c.yenpractice.utilities.DataLoader -- Reading data from location: /data/flight_customer_B.json
5724 [TestNG-tests-1] ERROR com.yenpractice.utilities.JsonUtil -- unable to get data from location/data/flight_customer_B.json
5724 [TestNG-tests-1] INFO  c.y.reservationflight.BaseTest -- Verify navigate successfully
5863 [TestNG-tests-1] INFO  c.y.reservationflight.BaseTest -- OS name = mac os x
5965 [TestNG-tests-1] INFO  c.y.reservationflight.BaseTest -- ---------- QUIT BROWSER SUCCESS ----------
8028 [TestNG-tests-2] INFO  c.yenpractice.utilities.DataLoader -- Reading data from location: /data/customer_A.json
8030 [TestNG-tests-2] ERROR com.yenpractice.utilities.JsonUtil -- unable to get data from location/data/customer_A.json
8030 [TestNG-tests-2] INFO  c.yenpractice.utilities.DataLoader -- Reading data from location: /data/flight_customer_A.json
8030 [TestNG-tests-2] ERROR com.yenpractice.utilities.JsonUtil -- unable to get data from location/data/flight_customer_A.json
8030 [TestNG-tests-2] INFO  c.y.reservationflight.BaseTest -- Verify navigate successfully
8114 [TestNG-tests-2] INFO  c.y.reservationflight.BaseTest -- OS name = mac os x
8978 [TestNG-tests-2] INFO  c.y.reservationflight.BaseTest -- ---------- QUIT BROWSER SUCCESS ----------
256  [main] INFO  org.testng.internal.Utils -- [TestNG] Running:
  /Users/nguyenhaiyen/Desktop/selenium-docker/selenium-docker/src/test/resources/test-suite/flight-reservation.xml

271  [TestNG-tests-1] INFO  c.yenpractice.utilities.DataLoader -- Reading data from location: .//*/config/dev.properties
271  [TestNG-tests-2] INFO  c.yenpractice.utilities.DataLoader -- Reading data from location: .//*/config/dev.properties
272  [TestNG-tests-1] ERROR c.yenpractice.utilities.ConfigUtil -- Unable to read the config properties file in location .//*/config/dev.properties
272  [TestNG-tests-1] ERROR c.yenpractice.utilities.ConfigUtil -- Unable to load the config file
272  [TestNG-tests-2] ERROR c.yenpractice.utilities.ConfigUtil -- Unable to read the config properties file in location .//*/config/dev.properties
273  [TestNG-tests-2] ERROR c.yenpractice.utilities.ConfigUtil -- Unable to load the config file
282  [TestNG-tests-1] INFO  c.y.reservationflight.BaseTest -- Navigate to the reservation flight
283  [TestNG-tests-1] INFO  c.yenpractice.utilities.ConfigUtil -- This is the defect need to be fixed null
283  [TestNG-tests-2] INFO  c.y.reservationflight.BaseTest -- Navigate to the reservation flight
283  [TestNG-tests-2] INFO  c.yenpractice.utilities.ConfigUtil -- This is the defect need to be fixed null
283  [TestNG-tests-2] INFO  c.y.reservationflight.BaseTest -- This is local
283  [TestNG-tests-1] INFO  c.y.reservationflight.BaseTest -- This is local
2930 [TestNG-tests-1] INFO  c.yenpractice.utilities.DataLoader -- Reading data from location: /data/customer_A.json
2930 [TestNG-tests-1] ERROR com.yenpractice.utilities.JsonUtil -- unable to get data from location/data/customer_A.json
2930 [TestNG-tests-1] INFO  c.yenpractice.utilities.DataLoader -- Reading data from location: /data/flight_customer_A.json
2931 [TestNG-tests-1] ERROR com.yenpractice.utilities.JsonUtil -- unable to get data from location/data/flight_customer_A.json
2935 [TestNG-tests-1] INFO  c.y.reservationflight.BaseTest -- Verify navigate successfully
3161 [TestNG-tests-1] INFO  c.y.reservationflight.BaseTest -- OS name = mac os x
3260 [TestNG-tests-1] INFO  c.y.reservationflight.BaseTest -- ---------- QUIT BROWSER SUCCESS ----------
3262 [TestNG-tests-1] INFO  c.y.reservationflight.BaseTest -- Navigate to the reservation flight
3262 [TestNG-tests-1] INFO  c.yenpractice.utilities.ConfigUtil -- This is the defect need to be fixed null
3262 [TestNG-tests-1] INFO  c.y.reservationflight.BaseTest -- This is local
3738 [TestNG-tests-2] INFO  c.yenpractice.utilities.DataLoader -- Reading data from location: /data/customer_A.json
3770 [TestNG-tests-2] ERROR com.yenpractice.utilities.JsonUtil -- unable to get data from location/data/customer_A.json
3789 [TestNG-tests-2] INFO  c.yenpractice.utilities.DataLoader -- Reading data from location: data/flight_customer_A.json
3819 [TestNG-tests-2] INFO  c.y.reservationflight.BaseTest -- Verify navigate successfully
3900 [TestNG-tests-2] INFO  c.y.reservationflight.BaseTest -- OS name = mac os x
5044 [TestNG-tests-2] INFO  c.y.reservationflight.BaseTest -- ---------- QUIT BROWSER SUCCESS ----------
5046 [TestNG-tests-2] INFO  c.y.reservationflight.BaseTest -- Navigate to the reservation flight
5046 [TestNG-tests-2] INFO  c.yenpractice.utilities.ConfigUtil -- This is the defect need to be fixed null
5046 [TestNG-tests-2] INFO  c.y.reservationflight.BaseTest -- This is local
5245 [TestNG-tests-1] INFO  c.yenpractice.utilities.DataLoader -- Reading data from location: /data/customer_B.json
5246 [TestNG-tests-1] ERROR com.yenpractice.utilities.JsonUtil -- unable to get data from location/data/customer_B.json
5246 [TestNG-tests-1] INFO  c.yenpractice.utilities.DataLoader -- Reading data from location: /data/flight_customer_B.json
5246 [TestNG-tests-1] ERROR com.yenpractice.utilities.JsonUtil -- unable to get data from location/data/flight_customer_B.json
5246 [TestNG-tests-1] INFO  c.y.reservationflight.BaseTest -- Verify navigate successfully
5373 [TestNG-tests-1] INFO  c.y.reservationflight.BaseTest -- OS name = mac os x
5468 [TestNG-tests-1] INFO  c.y.reservationflight.BaseTest -- ---------- QUIT BROWSER SUCCESS ----------
7616 [TestNG-tests-2] INFO  c.yenpractice.utilities.DataLoader -- Reading data from location: /data/customer_A.json
7616 [TestNG-tests-2] ERROR com.yenpractice.utilities.JsonUtil -- unable to get data from location/data/customer_A.json
7617 [TestNG-tests-2] INFO  c.yenpractice.utilities.DataLoader -- Reading data from location: /data/flight_customer_A.json
7617 [TestNG-tests-2] ERROR com.yenpractice.utilities.JsonUtil -- unable to get data from location/data/flight_customer_A.json
7617 [TestNG-tests-2] INFO  c.y.reservationflight.BaseTest -- Verify navigate successfully
7696 [TestNG-tests-2] INFO  c.y.reservationflight.BaseTest -- OS name = mac os x
8895 [TestNG-tests-2] INFO  c.y.reservationflight.BaseTest -- ---------- QUIT BROWSER SUCCESS ----------
262  [main] INFO  org.testng.internal.Utils -- [TestNG] Running:
  /Users/nguyenhaiyen/Desktop/selenium-docker/selenium-docker/src/test/resources/test-suite/flight-reservation.xml

279  [TestNG-tests-1] INFO  c.yenpractice.utilities.DataLoader -- Reading data from location: .//*/config/dev.properties
279  [TestNG-tests-2] INFO  c.yenpractice.utilities.DataLoader -- Reading data from location: .//*/config/dev.properties
280  [TestNG-tests-2] ERROR c.yenpractice.utilities.ConfigUtil -- Unable to read the config properties file in location .//*/config/dev.properties
280  [TestNG-tests-1] ERROR c.yenpractice.utilities.ConfigUtil -- Unable to read the config properties file in location .//*/config/dev.properties
280  [TestNG-tests-2] ERROR c.yenpractice.utilities.ConfigUtil -- Unable to load the config file
280  [TestNG-tests-1] ERROR c.yenpractice.utilities.ConfigUtil -- Unable to load the config file
291  [TestNG-tests-1] INFO  c.y.reservationflight.BaseTest -- Navigate to the reservation flight
291  [TestNG-tests-2] INFO  c.y.reservationflight.BaseTest -- Navigate to the reservation flight
291  [TestNG-tests-1] INFO  c.yenpractice.utilities.ConfigUtil -- This is the defect need to be fixed null
291  [TestNG-tests-2] INFO  c.yenpractice.utilities.ConfigUtil -- This is the defect need to be fixed null
291  [TestNG-tests-1] INFO  c.y.reservationflight.BaseTest -- This is local
291  [TestNG-tests-2] INFO  c.y.reservationflight.BaseTest -- This is local
1792 [TestNG-tests-1] INFO  c.yenpractice.utilities.ConfigUtil -- This is the defect need to be fixed null
2487 [TestNG-tests-2] INFO  c.yenpractice.utilities.ConfigUtil -- This is the defect need to be fixed null
258  [main] INFO  org.testng.internal.Utils -- [TestNG] Running:
  /Users/nguyenhaiyen/Desktop/selenium-docker/selenium-docker/src/test/resources/test-suite/flight-reservation.xml

273  [TestNG-tests-2] INFO  c.yenpractice.utilities.DataLoader -- Reading data from location: /config/dev.properties
273  [TestNG-tests-1] INFO  c.yenpractice.utilities.DataLoader -- Reading data from location: /config/dev.properties
274  [TestNG-tests-2] ERROR c.yenpractice.utilities.ConfigUtil -- Unable to read the config properties file in location /config/dev.properties
274  [TestNG-tests-2] ERROR c.yenpractice.utilities.ConfigUtil -- Unable to load the config file
274  [TestNG-tests-1] ERROR c.yenpractice.utilities.ConfigUtil -- Unable to read the config properties file in location /config/dev.properties
274  [TestNG-tests-1] ERROR c.yenpractice.utilities.ConfigUtil -- Unable to load the config file
284  [TestNG-tests-2] INFO  c.y.reservationflight.BaseTest -- Navigate to the reservation flight
285  [TestNG-tests-2] INFO  c.yenpractice.utilities.ConfigUtil -- This is the defect need to be fixed null
285  [TestNG-tests-2] INFO  c.y.reservationflight.BaseTest -- This is local
285  [TestNG-tests-1] INFO  c.y.reservationflight.BaseTest -- Navigate to the reservation flight
285  [TestNG-tests-1] INFO  c.yenpractice.utilities.ConfigUtil -- This is the defect need to be fixed null
285  [TestNG-tests-1] INFO  c.y.reservationflight.BaseTest -- This is local
1521 [TestNG-tests-1] INFO  c.yenpractice.utilities.ConfigUtil -- This is the defect need to be fixed null
2170 [TestNG-tests-2] INFO  c.yenpractice.utilities.ConfigUtil -- This is the defect need to be fixed null
258  [main] INFO  org.testng.internal.Utils -- [TestNG] Running:
  /Users/nguyenhaiyen/Desktop/selenium-docker/selenium-docker/src/test/resources/test-suite/flight-reservation.xml

276  [TestNG-tests-2] INFO  c.yenpractice.utilities.DataLoader -- Reading data from location: /config/dev.properties
276  [TestNG-tests-1] INFO  c.yenpractice.utilities.DataLoader -- Reading data from location: /config/dev.properties
277  [TestNG-tests-1] ERROR c.yenpractice.utilities.ConfigUtil -- Unable to read the config properties file in location /config/dev.properties
277  [TestNG-tests-2] ERROR c.yenpractice.utilities.ConfigUtil -- Unable to read the config properties file in location /config/dev.properties
277  [TestNG-tests-1] ERROR c.yenpractice.utilities.ConfigUtil -- Unable to load the config file
277  [TestNG-tests-2] ERROR c.yenpractice.utilities.ConfigUtil -- Unable to load the config file
290  [TestNG-tests-2] INFO  c.y.reservationflight.BaseTest -- Navigate to the reservation flight
290  [TestNG-tests-2] INFO  c.yenpractice.utilities.ConfigUtil -- This is the defect need to be fixed null
290  [TestNG-tests-2] INFO  c.y.reservationflight.BaseTest -- This is local
291  [TestNG-tests-1] INFO  c.y.reservationflight.BaseTest -- Navigate to the reservation flight
291  [TestNG-tests-1] INFO  c.yenpractice.utilities.ConfigUtil -- This is the defect need to be fixed null
291  [TestNG-tests-1] INFO  c.y.reservationflight.BaseTest -- This is local
1797 [TestNG-tests-1] INFO  c.yenpractice.utilities.ConfigUtil -- This is the defect need to be fixed null
2378 [TestNG-tests-2] INFO  c.yenpractice.utilities.ConfigUtil -- This is the defect need to be fixed null
263  [main] INFO  org.testng.internal.Utils -- [TestNG] Running:
  /Users/nguyenhaiyen/Desktop/selenium-docker/selenium-docker/src/test/resources/test-suite/flight-reservation.xml

278  [TestNG-tests-1] INFO  c.yenpractice.utilities.DataLoader -- Reading data from location: /config/dev.properties
278  [TestNG-tests-2] INFO  c.yenpractice.utilities.DataLoader -- Reading data from location: /config/dev.properties
278  [TestNG-tests-2] ERROR c.yenpractice.utilities.ConfigUtil -- Unable to read the config properties file in location /config/dev.properties{}
java.nio.file.NoSuchFileException: /config/dev.properties
	at java.base/sun.nio.fs.UnixException.translateToIOException(UnixException.java:92)
	at java.base/sun.nio.fs.UnixException.rethrowAsIOException(UnixException.java:106)
	at java.base/sun.nio.fs.UnixException.rethrowAsIOException(UnixException.java:111)
	at java.base/sun.nio.fs.UnixFileSystemProvider.newByteChannel(UnixFileSystemProvider.java:218)
	at java.base/java.nio.file.Files.newByteChannel(Files.java:380)
	at java.base/java.nio.file.Files.newByteChannel(Files.java:432)
	at java.base/java.nio.file.spi.FileSystemProvider.newInputStream(FileSystemProvider.java:422)
	at java.base/java.nio.file.Files.newInputStream(Files.java:160)
	at com.yenpractice.utilities.DataLoader.getData(DataLoader.java:20)
	at com.yenpractice.utilities.ConfigUtil.loadFile(ConfigUtil.java:30)
	at com.yenpractice.utilities.ConfigUtil.loadConfig(ConfigUtil.java:42)
	at com.yenpractice.utilities.ConfigUtil.init(ConfigUtil.java:19)
	at com.yenpractice.reservationflight.AbstractTest.initConfig(AbstractTest.java:22)
	at java.base/jdk.internal.reflect.NativeMethodAccessorImpl.invoke0(Native Method)
	at java.base/jdk.internal.reflect.NativeMethodAccessorImpl.invoke(NativeMethodAccessorImpl.java:77)
	at java.base/jdk.internal.reflect.DelegatingMethodAccessorImpl.invoke(DelegatingMethodAccessorImpl.java:43)
	at java.base/java.lang.reflect.Method.invoke(Method.java:568)
	at org.testng.internal.invokers.MethodInvocationHelper.invokeMethod(MethodInvocationHelper.java:139)
	at org.testng.internal.invokers.MethodInvocationHelper.invokeMethodConsideringTimeout(MethodInvocationHelper.java:69)
	at org.testng.internal.invokers.ConfigInvoker.invokeConfigurationMethod(ConfigInvoker.java:393)
	at org.testng.internal.invokers.ConfigInvoker.invokeConfigurations(ConfigInvoker.java:326)
	at org.testng.TestRunner.invokeTestConfigurations(TestRunner.java:661)
	at org.testng.TestRunner.beforeRun(TestRunner.java:650)
	at org.testng.TestRunner.run(TestRunner.java:612)
	at org.testng.SuiteRunner.runTest(SuiteRunner.java:443)
	at org.testng.SuiteRunner$SuiteWorker.run(SuiteRunner.java:481)
	at org.testng.internal.thread.ThreadUtil.lambda$execute$0(ThreadUtil.java:58)
	at java.base/java.util.concurrent.FutureTask.run(FutureTask.java:264)
	at java.base/java.util.concurrent.ThreadPoolExecutor.runWorker(ThreadPoolExecutor.java:1136)
	at java.base/java.util.concurrent.ThreadPoolExecutor$Worker.run(ThreadPoolExecutor.java:635)
	at java.base/java.lang.Thread.run(Thread.java:833)
278  [TestNG-tests-1] ERROR c.yenpractice.utilities.ConfigUtil -- Unable to read the config properties file in location /config/dev.properties{}
java.nio.file.NoSuchFileException: /config/dev.properties
	at java.base/sun.nio.fs.UnixException.translateToIOException(UnixException.java:92)
	at java.base/sun.nio.fs.UnixException.rethrowAsIOException(UnixException.java:106)
	at java.base/sun.nio.fs.UnixException.rethrowAsIOException(UnixException.java:111)
	at java.base/sun.nio.fs.UnixFileSystemProvider.newByteChannel(UnixFileSystemProvider.java:218)
	at java.base/java.nio.file.Files.newByteChannel(Files.java:380)
	at java.base/java.nio.file.Files.newByteChannel(Files.java:432)
	at java.base/java.nio.file.spi.FileSystemProvider.newInputStream(FileSystemProvider.java:422)
	at java.base/java.nio.file.Files.newInputStream(Files.java:160)
	at com.yenpractice.utilities.DataLoader.getData(DataLoader.java:20)
	at com.yenpractice.utilities.ConfigUtil.loadFile(ConfigUtil.java:30)
	at com.yenpractice.utilities.ConfigUtil.loadConfig(ConfigUtil.java:42)
	at com.yenpractice.utilities.ConfigUtil.init(ConfigUtil.java:19)
	at com.yenpractice.reservationflight.AbstractTest.initConfig(AbstractTest.java:22)
	at java.base/jdk.internal.reflect.NativeMethodAccessorImpl.invoke0(Native Method)
	at java.base/jdk.internal.reflect.NativeMethodAccessorImpl.invoke(NativeMethodAccessorImpl.java:77)
	at java.base/jdk.internal.reflect.DelegatingMethodAccessorImpl.invoke(DelegatingMethodAccessorImpl.java:43)
	at java.base/java.lang.reflect.Method.invoke(Method.java:568)
	at org.testng.internal.invokers.MethodInvocationHelper.invokeMethod(MethodInvocationHelper.java:139)
	at org.testng.internal.invokers.MethodInvocationHelper.invokeMethodConsideringTimeout(MethodInvocationHelper.java:69)
	at org.testng.internal.invokers.ConfigInvoker.invokeConfigurationMethod(ConfigInvoker.java:393)
	at org.testng.internal.invokers.ConfigInvoker.invokeConfigurations(ConfigInvoker.java:326)
	at org.testng.TestRunner.invokeTestConfigurations(TestRunner.java:661)
	at org.testng.TestRunner.beforeRun(TestRunner.java:650)
	at org.testng.TestRunner.run(TestRunner.java:612)
	at org.testng.SuiteRunner.runTest(SuiteRunner.java:443)
	at org.testng.SuiteRunner$SuiteWorker.run(SuiteRunner.java:481)
	at org.testng.internal.thread.ThreadUtil.lambda$execute$0(ThreadUtil.java:58)
	at java.base/java.util.concurrent.FutureTask.run(FutureTask.java:264)
	at java.base/java.util.concurrent.ThreadPoolExecutor.runWorker(ThreadPoolExecutor.java:1136)
	at java.base/java.util.concurrent.ThreadPoolExecutor$Worker.run(ThreadPoolExecutor.java:635)
	at java.base/java.lang.Thread.run(Thread.java:833)
279  [TestNG-tests-2] ERROR c.yenpractice.utilities.ConfigUtil -- Unable to load the config file
279  [TestNG-tests-1] ERROR c.yenpractice.utilities.ConfigUtil -- Unable to load the config file
295  [TestNG-tests-1] INFO  c.y.reservationflight.BaseTest -- Navigate to the reservation flight
295  [TestNG-tests-2] INFO  c.y.reservationflight.BaseTest -- Navigate to the reservation flight
295  [TestNG-tests-1] INFO  c.yenpractice.utilities.ConfigUtil -- This is the defect need to be fixed null
295  [TestNG-tests-1] INFO  c.y.reservationflight.BaseTest -- This is local
295  [TestNG-tests-2] INFO  c.yenpractice.utilities.ConfigUtil -- This is the defect need to be fixed null
295  [TestNG-tests-2] INFO  c.y.reservationflight.BaseTest -- This is local
1484 [TestNG-tests-1] INFO  c.yenpractice.utilities.ConfigUtil -- This is the defect need to be fixed null
2319 [TestNG-tests-2] INFO  c.yenpractice.utilities.ConfigUtil -- This is the defect need to be fixed null
133  [main] INFO  c.yenpractice.utilities.DataLoader -- Reading data from location: dummy.txt
126  [main] INFO  c.yenpractice.utilities.DataLoader -- Reading data from location: dummy.txt
125  [main] INFO  c.yenpractice.utilities.DataLoader -- Reading data from location: config/dummy.txt
123  [main] INFO  c.yenpractice.utilities.DataLoader -- Reading data from location: config/dummy.txt
301  [main] INFO  org.testng.internal.Utils -- [TestNG] Running:
  /Users/nguyenhaiyen/Desktop/selenium-docker/selenium-docker/src/test/resources/test-suite/flight-reservation.xml

316  [TestNG-tests-2] INFO  c.yenpractice.utilities.DataLoader -- Reading data from location: config/dev.properties
316  [TestNG-tests-1] INFO  c.yenpractice.utilities.DataLoader -- Reading data from location: config/dev.properties
319  [TestNG-tests-2] ERROR c.yenpractice.utilities.ConfigUtil -- Unable to load the config file
319  [TestNG-tests-1] ERROR c.yenpractice.utilities.ConfigUtil -- Unable to load the config file
331  [TestNG-tests-1] INFO  c.y.reservationflight.BaseTest -- Navigate to the reservation flight
331  [TestNG-tests-1] INFO  c.yenpractice.utilities.ConfigUtil -- This is the defect need to be fixed false
331  [TestNG-tests-1] INFO  c.y.reservationflight.BaseTest -- This is local
331  [TestNG-tests-2] INFO  c.y.reservationflight.BaseTest -- Navigate to the reservation flight
331  [TestNG-tests-2] INFO  c.yenpractice.utilities.ConfigUtil -- This is the defect need to be fixed false
331  [TestNG-tests-2] INFO  c.y.reservationflight.BaseTest -- This is local
1960 [TestNG-tests-1] INFO  c.yenpractice.utilities.ConfigUtil -- This is the defect need to be fixed https://d1uh9e7cu07ukd.cloudfront.net/selenium-docker/reservation-app/index.html
3243 [TestNG-tests-2] INFO  c.yenpractice.utilities.ConfigUtil -- This is the defect need to be fixed https://d1uh9e7cu07ukd.cloudfront.net/selenium-docker/reservation-app/index.html
3551 [TestNG-tests-1] INFO  c.yenpractice.utilities.DataLoader -- Reading data from location: /data/customer_A.json
3553 [TestNG-tests-1] ERROR com.yenpractice.utilities.JsonUtil -- unable to get data from location/data/customer_A.json
3553 [TestNG-tests-1] INFO  c.yenpractice.utilities.DataLoader -- Reading data from location: /data/flight_customer_A.json
3553 [TestNG-tests-1] ERROR com.yenpractice.utilities.JsonUtil -- unable to get data from location/data/flight_customer_A.json
3555 [TestNG-tests-1] INFO  c.y.reservationflight.BaseTest -- Verify navigate successfully
3740 [TestNG-tests-1] INFO  c.y.reservationflight.BaseTest -- OS name = mac os x
3857 [TestNG-tests-1] INFO  c.y.reservationflight.BaseTest -- ---------- QUIT BROWSER SUCCESS ----------
3860 [TestNG-tests-1] INFO  c.y.reservationflight.BaseTest -- Navigate to the reservation flight
3860 [TestNG-tests-1] INFO  c.yenpractice.utilities.ConfigUtil -- This is the defect need to be fixed false
3860 [TestNG-tests-1] INFO  c.y.reservationflight.BaseTest -- This is local
4711 [TestNG-tests-1] INFO  c.yenpractice.utilities.ConfigUtil -- This is the defect need to be fixed https://d1uh9e7cu07ukd.cloudfront.net/selenium-docker/reservation-app/index.html
5139 [TestNG-tests-2] INFO  c.yenpractice.utilities.DataLoader -- Reading data from location: /data/customer_A.json
5152 [TestNG-tests-2] ERROR com.yenpractice.utilities.JsonUtil -- unable to get data from location/data/customer_A.json
5153 [TestNG-tests-2] INFO  c.yenpractice.utilities.DataLoader -- Reading data from location: data/flight_customer_A.json
5186 [TestNG-tests-2] INFO  c.y.reservationflight.BaseTest -- Verify navigate successfully
5254 [TestNG-tests-2] INFO  c.y.reservationflight.BaseTest -- OS name = mac os x
5749 [TestNG-tests-2] INFO  c.y.reservationflight.BaseTest -- ---------- QUIT BROWSER SUCCESS ----------
5751 [TestNG-tests-2] INFO  c.y.reservationflight.BaseTest -- Navigate to the reservation flight
5751 [TestNG-tests-2] INFO  c.yenpractice.utilities.ConfigUtil -- This is the defect need to be fixed false
5751 [TestNG-tests-2] INFO  c.y.reservationflight.BaseTest -- This is local
6269 [TestNG-tests-1] INFO  c.yenpractice.utilities.DataLoader -- Reading data from location: /data/customer_B.json
6270 [TestNG-tests-1] ERROR com.yenpractice.utilities.JsonUtil -- unable to get data from location/data/customer_B.json
6270 [TestNG-tests-1] INFO  c.yenpractice.utilities.DataLoader -- Reading data from location: /data/flight_customer_B.json
6270 [TestNG-tests-1] ERROR com.yenpractice.utilities.JsonUtil -- unable to get data from location/data/flight_customer_B.json
6270 [TestNG-tests-1] INFO  c.y.reservationflight.BaseTest -- Verify navigate successfully
6404 [TestNG-tests-1] INFO  c.y.reservationflight.BaseTest -- OS name = mac os x
6515 [TestNG-tests-1] INFO  c.y.reservationflight.BaseTest -- ---------- QUIT BROWSER SUCCESS ----------
7176 [TestNG-tests-2] INFO  c.yenpractice.utilities.ConfigUtil -- This is the defect need to be fixed https://d1uh9e7cu07ukd.cloudfront.net/selenium-docker/reservation-app/index.html
8989 [TestNG-tests-2] INFO  c.yenpractice.utilities.DataLoader -- Reading data from location: /data/customer_A.json
8990 [TestNG-tests-2] ERROR com.yenpractice.utilities.JsonUtil -- unable to get data from location/data/customer_A.json
8990 [TestNG-tests-2] INFO  c.yenpractice.utilities.DataLoader -- Reading data from location: /data/flight_customer_A.json
8990 [TestNG-tests-2] ERROR com.yenpractice.utilities.JsonUtil -- unable to get data from location/data/flight_customer_A.json
8990 [TestNG-tests-2] INFO  c.y.reservationflight.BaseTest -- Verify navigate successfully
9059 [TestNG-tests-2] INFO  c.y.reservationflight.BaseTest -- OS name = mac os x
9557 [TestNG-tests-2] INFO  c.y.reservationflight.BaseTest -- ---------- QUIT BROWSER SUCCESS ----------
298  [main] INFO  org.testng.internal.Utils -- [TestNG] Running:
  /Users/nguyenhaiyen/Desktop/selenium-docker/selenium-docker/src/test/resources/test-suite/flight-reservation.xml

315  [TestNG-tests-1] INFO  c.yenpractice.utilities.DataLoader -- Reading data from location: config/dev.properties
315  [TestNG-tests-2] INFO  c.yenpractice.utilities.DataLoader -- Reading data from location: config/dev.properties
316  [TestNG-tests-1] ERROR c.yenpractice.utilities.ConfigUtil -- Unable to load the config file
316  [TestNG-tests-2] ERROR c.yenpractice.utilities.ConfigUtil -- Unable to load the config file
327  [TestNG-tests-1] INFO  c.y.reservationflight.BaseTest -- Navigate to the reservation flight
327  [TestNG-tests-1] INFO  c.yenpractice.utilities.ConfigUtil -- This is the defect need to be fixed false
327  [TestNG-tests-1] INFO  c.y.reservationflight.BaseTest -- This is local
328  [TestNG-tests-2] INFO  c.y.reservationflight.BaseTest -- Navigate to the reservation flight
328  [TestNG-tests-2] INFO  c.yenpractice.utilities.ConfigUtil -- This is the defect need to be fixed false
328  [TestNG-tests-2] INFO  c.y.reservationflight.BaseTest -- This is local
1618 [TestNG-tests-1] INFO  c.yenpractice.utilities.ConfigUtil -- This is the defect need to be fixed https://d1uh9e7cu07ukd.cloudfront.net/selenium-docker/reservation-app/index.html
2317 [TestNG-tests-2] INFO  c.yenpractice.utilities.ConfigUtil -- This is the defect need to be fixed https://d1uh9e7cu07ukd.cloudfront.net/selenium-docker/reservation-app/index.html
2947 [TestNG-tests-1] INFO  c.yenpractice.utilities.DataLoader -- Reading data from location: data/customer_A.json
2970 [TestNG-tests-1] INFO  c.yenpractice.utilities.DataLoader -- Reading data from location: data/flight_customer_A.json
2981 [TestNG-tests-1] INFO  c.y.reservationflight.BaseTest -- Verify navigate successfully
3025 [TestNG-tests-1] INFO  c.y.reservationflight.BaseTest -- Register Lily
3582 [TestNG-tests-1] INFO  c.y.reservationflight.BaseTest -- Verify register successfully
3664 [TestNG-tests-2] INFO  c.yenpractice.utilities.DataLoader -- Reading data from location: data/customer_A.json
3664 [TestNG-tests-2] INFO  c.yenpractice.utilities.DataLoader -- Reading data from location: data/flight_customer_A.json
3665 [TestNG-tests-2] INFO  c.y.reservationflight.BaseTest -- Verify navigate successfully
3686 [TestNG-tests-2] INFO  c.y.reservationflight.BaseTest -- Register Lily
4301 [TestNG-tests-2] INFO  c.y.reservationflight.BaseTest -- Verify register successfully
5402 [TestNG-tests-2] INFO  c.y.reservationflight.BaseTest -- Click flight search
5429 [TestNG-tests-2] INFO  c.y.reservationflight.BaseTest -- Verify at select flights
5718 [TestNG-tests-1] INFO  c.y.reservationflight.BaseTest -- Click flight search
5792 [TestNG-tests-1] INFO  c.y.reservationflight.BaseTest -- Verify at select flights
6332 [TestNG-tests-1] INFO  c.y.reservationflight.BaseTest -- Choose flight criteria and search
6530 [TestNG-tests-1] INFO  c.y.reservationflight.BaseTest -- Verify at search flights
7003 [TestNG-tests-2] INFO  c.y.reservationflight.BaseTest -- Choose flight criteria and search
7064 [TestNG-tests-1] INFO  c.y.reservationflight.BaseTest -- Choose departure and arrival
7173 [TestNG-tests-1] INFO  c.y.reservationflight.BaseTest -- Verify at flight confirmation
7940 [TestNG-tests-2] INFO  c.y.reservationflight.BaseTest -- Verify at search flights
8246 [TestNG-tests-1] INFO  c.y.reservationflight.BaseTest -- Verify Tax
8278 [TestNG-tests-1] INFO  c.y.reservationflight.BaseTest -- Verify Total Price
8301 [TestNG-tests-1] INFO  c.y.reservationflight.BaseTest --  -------------------------- PASSED -------------------------- 
8303 [TestNG-tests-1] INFO  c.y.reservationflight.BaseTest -- OS name = mac os x
8400 [TestNG-tests-1] INFO  c.y.reservationflight.BaseTest -- ---------- QUIT BROWSER SUCCESS ----------
8401 [TestNG-tests-1] INFO  c.y.reservationflight.BaseTest -- Navigate to the reservation flight
8401 [TestNG-tests-1] INFO  c.yenpractice.utilities.ConfigUtil -- This is the defect need to be fixed false
8401 [TestNG-tests-1] INFO  c.y.reservationflight.BaseTest -- This is local
8984 [TestNG-tests-2] INFO  c.y.reservationflight.BaseTest -- Choose departure and arrival
9103 [TestNG-tests-1] INFO  c.yenpractice.utilities.ConfigUtil -- This is the defect need to be fixed https://d1uh9e7cu07ukd.cloudfront.net/selenium-docker/reservation-app/index.html
9712 [TestNG-tests-2] INFO  c.y.reservationflight.BaseTest -- Verify at flight confirmation
10391 [TestNG-tests-1] INFO  c.yenpractice.utilities.DataLoader -- Reading data from location: data/customer_B.json
10392 [TestNG-tests-1] INFO  c.yenpractice.utilities.DataLoader -- Reading data from location: data/flight_customer_B.json
10393 [TestNG-tests-1] INFO  c.y.reservationflight.BaseTest -- Verify navigate successfully
10427 [TestNG-tests-1] INFO  c.y.reservationflight.BaseTest -- Register LilyB
10753 [TestNG-tests-2] INFO  c.y.reservationflight.BaseTest -- Verify Tax
10768 [TestNG-tests-2] INFO  c.y.reservationflight.BaseTest -- Verify Total Price
10787 [TestNG-tests-2] INFO  c.y.reservationflight.BaseTest --  -------------------------- PASSED -------------------------- 
10788 [TestNG-tests-2] INFO  c.y.reservationflight.BaseTest -- OS name = mac os x
10927 [TestNG-tests-1] INFO  c.y.reservationflight.BaseTest -- Verify register successfully
11315 [TestNG-tests-2] INFO  c.y.reservationflight.BaseTest -- ---------- QUIT BROWSER SUCCESS ----------
11316 [TestNG-tests-2] INFO  c.y.reservationflight.BaseTest -- Navigate to the reservation flight
11316 [TestNG-tests-2] INFO  c.yenpractice.utilities.ConfigUtil -- This is the defect need to be fixed false
11316 [TestNG-tests-2] INFO  c.y.reservationflight.BaseTest -- This is local
12515 [TestNG-tests-1] INFO  c.y.reservationflight.BaseTest -- Click flight search
12578 [TestNG-tests-1] INFO  c.y.reservationflight.BaseTest -- Verify at select flights
12737 [TestNG-tests-2] INFO  c.yenpractice.utilities.ConfigUtil -- This is the defect need to be fixed https://d1uh9e7cu07ukd.cloudfront.net/selenium-docker/reservation-app/index.html
13643 [TestNG-tests-1] INFO  c.y.reservationflight.BaseTest -- Choose flight criteria and search
13855 [TestNG-tests-1] INFO  c.y.reservationflight.BaseTest -- Verify at search flights
14225 [TestNG-tests-2] INFO  c.yenpractice.utilities.DataLoader -- Reading data from location: data/customer_A.json
14226 [TestNG-tests-2] INFO  c.yenpractice.utilities.DataLoader -- Reading data from location: data/flight_customer_A.json
14227 [TestNG-tests-2] INFO  c.y.reservationflight.BaseTest -- Verify navigate successfully
14263 [TestNG-tests-2] INFO  c.y.reservationflight.BaseTest -- Register Lily
14965 [TestNG-tests-2] INFO  c.y.reservationflight.BaseTest -- Verify register successfully
15440 [TestNG-tests-1] INFO  c.y.reservationflight.BaseTest -- Choose departure and arrival
15508 [TestNG-tests-2] INFO  c.y.reservationflight.BaseTest -- Click flight search
15525 [TestNG-tests-2] INFO  c.y.reservationflight.BaseTest -- Verify at select flights
15561 [TestNG-tests-1] INFO  c.y.reservationflight.BaseTest -- Verify at flight confirmation
16581 [TestNG-tests-2] INFO  c.y.reservationflight.BaseTest -- Choose flight criteria and search
17545 [TestNG-tests-2] INFO  c.y.reservationflight.BaseTest -- Verify at search flights
17675 [TestNG-tests-1] INFO  c.y.reservationflight.BaseTest -- Verify Tax
17706 [TestNG-tests-1] INFO  c.y.reservationflight.BaseTest -- Verify Total Price
17729 [TestNG-tests-1] INFO  c.y.reservationflight.BaseTest --  -------------------------- FAILED -------------------------- 
17861 [TestNG-tests-1] INFO  c.y.reservationflight.BaseTest -- OS name = mac os x
17957 [TestNG-tests-1] INFO  c.y.reservationflight.BaseTest -- ---------- QUIT BROWSER SUCCESS ----------
18607 [TestNG-tests-2] INFO  c.y.reservationflight.BaseTest -- Choose departure and arrival
19295 [TestNG-tests-2] INFO  c.y.reservationflight.BaseTest -- Verify at flight confirmation
20499 [TestNG-tests-2] INFO  c.y.reservationflight.BaseTest -- Verify Tax
20532 [TestNG-tests-2] INFO  c.y.reservationflight.BaseTest -- Verify Total Price
20543 [TestNG-tests-2] INFO  c.y.reservationflight.BaseTest --  -------------------------- PASSED -------------------------- 
20543 [TestNG-tests-2] INFO  c.y.reservationflight.BaseTest -- OS name = mac os x
20934 [TestNG-tests-2] INFO  c.y.reservationflight.BaseTest -- ---------- QUIT BROWSER SUCCESS ----------
258  [main] INFO  org.testng.internal.Utils -- [TestNG] Running:
  /Users/nguyenhaiyen/Desktop/selenium-docker/selenium-docker/src/test/resources/test-suite/flight-reservation.xml

275  [TestNG-tests-1] INFO  c.yenpractice.utilities.DataLoader -- Reading data from location: config/dev.properties
275  [TestNG-tests-2] INFO  c.yenpractice.utilities.DataLoader -- Reading data from location: config/dev.properties
275  [TestNG-tests-1] ERROR c.yenpractice.utilities.ConfigUtil -- Unable to load the config file
275  [TestNG-tests-2] ERROR c.yenpractice.utilities.ConfigUtil -- Unable to load the config file
286  [TestNG-tests-1] INFO  c.y.reservationflight.BaseTest -- Navigate to the reservation flight
287  [TestNG-tests-2] INFO  c.y.reservationflight.BaseTest -- Navigate to the reservation flight
287  [TestNG-tests-2] INFO  c.yenpractice.utilities.ConfigUtil -- This is the defect need to be fixed false
287  [TestNG-tests-2] INFO  c.y.reservationflight.BaseTest -- This is local
287  [TestNG-tests-1] INFO  c.yenpractice.utilities.ConfigUtil -- This is the defect need to be fixed false
287  [TestNG-tests-1] INFO  c.y.reservationflight.BaseTest -- This is local
2221 [TestNG-tests-1] INFO  c.yenpractice.utilities.ConfigUtil -- This is the defect need to be fixed https://d1uh9e7cu07ukd.cloudfront.net/selenium-docker/reservation-app/index.html
2875 [TestNG-tests-2] INFO  c.yenpractice.utilities.ConfigUtil -- This is the defect need to be fixed https://d1uh9e7cu07ukd.cloudfront.net/selenium-docker/reservation-app/index.html
3507 [TestNG-tests-1] INFO  c.yenpractice.utilities.DataLoader -- Reading data from location: data/customer_A.json
3532 [TestNG-tests-1] INFO  c.yenpractice.utilities.DataLoader -- Reading data from location: data/flight_customer_A.json
3535 [TestNG-tests-1] INFO  c.y.reservationflight.BaseTest -- Verify navigate successfully
3582 [TestNG-tests-1] INFO  c.y.reservationflight.BaseTest -- Register Lily
4108 [TestNG-tests-1] INFO  c.y.reservationflight.BaseTest -- Verify register successfully
4126 [TestNG-tests-2] INFO  c.yenpractice.utilities.DataLoader -- Reading data from location: data/customer_A.json
4126 [TestNG-tests-2] INFO  c.yenpractice.utilities.DataLoader -- Reading data from location: data/flight_customer_A.json
4127 [TestNG-tests-2] INFO  c.y.reservationflight.BaseTest -- Verify navigate successfully
4149 [TestNG-tests-2] INFO  c.y.reservationflight.BaseTest -- Register Lily
4762 [TestNG-tests-2] INFO  c.y.reservationflight.BaseTest -- Verify register successfully
4803 [TestNG-tests-2] INFO  c.y.reservationflight.BaseTest -- Click flight search
4821 [TestNG-tests-2] INFO  c.y.reservationflight.BaseTest -- Verify at select flights
5199 [TestNG-tests-1] INFO  c.y.reservationflight.BaseTest -- Click flight search
5271 [TestNG-tests-1] INFO  c.y.reservationflight.BaseTest -- Verify at select flights
5864 [TestNG-tests-2] INFO  c.y.reservationflight.BaseTest -- Choose flight criteria and search
6827 [TestNG-tests-2] INFO  c.y.reservationflight.BaseTest -- Verify at search flights
6872 [TestNG-tests-1] INFO  c.y.reservationflight.BaseTest -- Choose flight criteria and search
7078 [TestNG-tests-1] INFO  c.y.reservationflight.BaseTest -- Verify at search flights
8409 [TestNG-tests-2] INFO  c.y.reservationflight.BaseTest -- Choose departure and arrival
9097 [TestNG-tests-2] INFO  c.y.reservationflight.BaseTest -- Verify at flight confirmation
9200 [TestNG-tests-1] INFO  c.y.reservationflight.BaseTest -- Choose departure and arrival
9313 [TestNG-tests-1] INFO  c.y.reservationflight.BaseTest -- Verify at flight confirmation
9649 [TestNG-tests-2] INFO  c.y.reservationflight.BaseTest -- Verify Tax
9670 [TestNG-tests-2] INFO  c.y.reservationflight.BaseTest -- Verify Total Price
9685 [TestNG-tests-2] INFO  c.y.reservationflight.BaseTest --  -------------------------- PASSED -------------------------- 
9687 [TestNG-tests-2] INFO  c.y.reservationflight.BaseTest -- OS name = mac os x
10072 [TestNG-tests-2] INFO  c.y.reservationflight.BaseTest -- ---------- QUIT BROWSER SUCCESS ----------
10074 [TestNG-tests-2] INFO  c.y.reservationflight.BaseTest -- Navigate to the reservation flight
10074 [TestNG-tests-2] INFO  c.yenpractice.utilities.ConfigUtil -- This is the defect need to be fixed false
10074 [TestNG-tests-2] INFO  c.y.reservationflight.BaseTest -- This is local
11403 [TestNG-tests-1] INFO  c.y.reservationflight.BaseTest -- Verify Tax
11429 [TestNG-tests-2] INFO  c.yenpractice.utilities.ConfigUtil -- This is the defect need to be fixed https://d1uh9e7cu07ukd.cloudfront.net/selenium-docker/reservation-app/index.html
11431 [TestNG-tests-1] INFO  c.y.reservationflight.BaseTest -- Verify Total Price
11454 [TestNG-tests-1] INFO  c.y.reservationflight.BaseTest --  -------------------------- PASSED -------------------------- 
11455 [TestNG-tests-1] INFO  c.y.reservationflight.BaseTest -- OS name = mac os x
11567 [TestNG-tests-1] INFO  c.y.reservationflight.BaseTest -- ---------- QUIT BROWSER SUCCESS ----------
11568 [TestNG-tests-1] INFO  c.y.reservationflight.BaseTest -- Navigate to the reservation flight
11568 [TestNG-tests-1] INFO  c.yenpractice.utilities.ConfigUtil -- This is the defect need to be fixed false
11568 [TestNG-tests-1] INFO  c.y.reservationflight.BaseTest -- This is local
12304 [TestNG-tests-1] INFO  c.yenpractice.utilities.ConfigUtil -- This is the defect need to be fixed https://d1uh9e7cu07ukd.cloudfront.net/selenium-docker/reservation-app/index.html
12862 [TestNG-tests-2] INFO  c.yenpractice.utilities.DataLoader -- Reading data from location: data/customer_A.json
12875 [TestNG-tests-2] INFO  c.yenpractice.utilities.DataLoader -- Reading data from location: data/flight_customer_A.json
12876 [TestNG-tests-2] INFO  c.y.reservationflight.BaseTest -- Verify navigate successfully
12909 [TestNG-tests-2] INFO  c.y.reservationflight.BaseTest -- Register Lily
13520 [TestNG-tests-1] INFO  c.yenpractice.utilities.DataLoader -- Reading data from location: data/customer_B.json
13521 [TestNG-tests-1] INFO  c.yenpractice.utilities.DataLoader -- Reading data from location: data/flight_customer_B.json
13522 [TestNG-tests-1] INFO  c.y.reservationflight.BaseTest -- Verify navigate successfully
13546 [TestNG-tests-1] INFO  c.y.reservationflight.BaseTest -- Register LilyB
13604 [TestNG-tests-2] INFO  c.y.reservationflight.BaseTest -- Verify register successfully
13995 [TestNG-tests-1] INFO  c.y.reservationflight.BaseTest -- Verify register successfully
14148 [TestNG-tests-2] INFO  c.y.reservationflight.BaseTest -- Click flight search
14162 [TestNG-tests-2] INFO  c.y.reservationflight.BaseTest -- Verify at select flights
14703 [TestNG-tests-2] INFO  c.y.reservationflight.BaseTest -- Choose flight criteria and search
15593 [TestNG-tests-1] INFO  c.y.reservationflight.BaseTest -- Click flight search
15642 [TestNG-tests-2] INFO  c.y.reservationflight.BaseTest -- Verify at search flights
15643 [TestNG-tests-1] INFO  c.y.reservationflight.BaseTest -- Verify at select flights
16702 [TestNG-tests-2] INFO  c.y.reservationflight.BaseTest -- Choose departure and arrival
16731 [TestNG-tests-1] INFO  c.y.reservationflight.BaseTest -- Choose flight criteria and search
16920 [TestNG-tests-1] INFO  c.y.reservationflight.BaseTest -- Verify at search flights
17375 [TestNG-tests-2] INFO  c.y.reservationflight.BaseTest -- Verify at flight confirmation
17926 [TestNG-tests-2] INFO  c.y.reservationflight.BaseTest -- Verify Tax
17946 [TestNG-tests-2] INFO  c.y.reservationflight.BaseTest -- Verify Total Price
17964 [TestNG-tests-2] INFO  c.y.reservationflight.BaseTest --  -------------------------- PASSED -------------------------- 
17965 [TestNG-tests-2] INFO  c.y.reservationflight.BaseTest -- OS name = mac os x
18346 [TestNG-tests-2] INFO  c.y.reservationflight.BaseTest -- ---------- QUIT BROWSER SUCCESS ----------
18501 [TestNG-tests-1] INFO  c.y.reservationflight.BaseTest -- Choose departure and arrival
18603 [TestNG-tests-1] INFO  c.y.reservationflight.BaseTest -- Verify at flight confirmation
20737 [TestNG-tests-1] INFO  c.y.reservationflight.BaseTest -- Verify Tax
20767 [TestNG-tests-1] INFO  c.y.reservationflight.BaseTest -- Verify Total Price
20790 [TestNG-tests-1] INFO  c.y.reservationflight.BaseTest --  -------------------------- FAILED -------------------------- 
20871 [TestNG-tests-1] INFO  c.y.reservationflight.BaseTest -- OS name = mac os x
20959 [TestNG-tests-1] INFO  c.y.reservationflight.BaseTest -- ---------- QUIT BROWSER SUCCESS ----------
261  [TestNG-tests-2] INFO  c.yenpractice.utilities.DataLoader -- Reading data from location: config/dev.properties
261  [TestNG-tests-1] INFO  c.yenpractice.utilities.DataLoader -- Reading data from location: config/dev.properties
264  [TestNG-tests-1] INFO  c.yenpractice.utilities.DataLoader -- Reading data from location: config/qa.properties
264  [TestNG-tests-2] INFO  c.yenpractice.utilities.DataLoader -- Reading data from location: config/qa.properties
273  [TestNG-tests-1] INFO  c.y.reservationflight.BaseTest -- Navigate to the reservation flight
273  [TestNG-tests-2] INFO  c.y.reservationflight.BaseTest -- Navigate to the reservation flight
273  [TestNG-tests-1] INFO  c.yenpractice.utilities.ConfigUtil -- This is the defect need to be fixed false
273  [TestNG-tests-2] INFO  c.yenpractice.utilities.ConfigUtil -- This is the defect need to be fixed false
273  [TestNG-tests-1] INFO  c.y.reservationflight.BaseTest -- This is local
273  [TestNG-tests-2] INFO  c.y.reservationflight.BaseTest -- This is local
2401 [TestNG-tests-1] INFO  c.yenpractice.utilities.ConfigUtil -- This is the defect need to be fixed https://d1uh9e7cu07ukd.cloudfront.net/selenium-docker/reservation-app/index.html
3025 [TestNG-tests-2] INFO  c.yenpractice.utilities.ConfigUtil -- This is the defect need to be fixed https://d1uh9e7cu07ukd.cloudfront.net/selenium-docker/reservation-app/index.html
3729 [TestNG-tests-1] INFO  c.yenpractice.utilities.DataLoader -- Reading data from location: data/customer_A.json
3751 [TestNG-tests-1] INFO  c.yenpractice.utilities.DataLoader -- Reading data from location: data/flight_customer_A.json
3753 [TestNG-tests-1] INFO  c.y.reservationflight.BaseTest -- Verify navigate successfully
3797 [TestNG-tests-1] INFO  c.y.reservationflight.BaseTest -- Register Lily
4219 [TestNG-tests-2] INFO  c.yenpractice.utilities.DataLoader -- Reading data from location: data/customer_A.json
4219 [TestNG-tests-2] INFO  c.yenpractice.utilities.DataLoader -- Reading data from location: data/flight_customer_A.json
4220 [TestNG-tests-2] INFO  c.y.reservationflight.BaseTest -- Verify navigate successfully
4245 [TestNG-tests-2] INFO  c.y.reservationflight.BaseTest -- Register Lily
4322 [TestNG-tests-1] INFO  c.y.reservationflight.BaseTest -- Verify register successfully
4872 [TestNG-tests-2] INFO  c.y.reservationflight.BaseTest -- Verify register successfully
5941 [TestNG-tests-2] INFO  c.y.reservationflight.BaseTest -- Click flight search
5950 [TestNG-tests-1] INFO  c.y.reservationflight.BaseTest -- Click flight search
5964 [TestNG-tests-2] INFO  c.y.reservationflight.BaseTest -- Verify at select flights
6021 [TestNG-tests-1] INFO  c.y.reservationflight.BaseTest -- Verify at select flights
6500 [TestNG-tests-2] INFO  c.y.reservationflight.BaseTest -- Choose flight criteria and search
6556 [TestNG-tests-1] INFO  c.y.reservationflight.BaseTest -- Choose flight criteria and search
6757 [TestNG-tests-1] INFO  c.y.reservationflight.BaseTest -- Verify at search flights
7445 [TestNG-tests-2] INFO  c.y.reservationflight.BaseTest -- Verify at search flights
8879 [TestNG-tests-1] INFO  c.y.reservationflight.BaseTest -- Choose departure and arrival
8995 [TestNG-tests-1] INFO  c.y.reservationflight.BaseTest -- Verify at flight confirmation
9001 [TestNG-tests-2] INFO  c.y.reservationflight.BaseTest -- Choose departure and arrival
9537 [TestNG-tests-1] INFO  c.y.reservationflight.BaseTest -- Verify Tax
9565 [TestNG-tests-1] INFO  c.y.reservationflight.BaseTest -- Verify Total Price
9585 [TestNG-tests-1] INFO  c.y.reservationflight.BaseTest --  -------------------------- PASSED -------------------------- 
9588 [TestNG-tests-1] INFO  c.y.reservationflight.BaseTest -- OS name = mac os x
9678 [TestNG-tests-2] INFO  c.y.reservationflight.BaseTest -- Verify at flight confirmation
9687 [TestNG-tests-1] INFO  c.y.reservationflight.BaseTest -- ---------- QUIT BROWSER SUCCESS ----------
9688 [TestNG-tests-1] INFO  c.y.reservationflight.BaseTest -- Navigate to the reservation flight
9689 [TestNG-tests-1] INFO  c.yenpractice.utilities.ConfigUtil -- This is the defect need to be fixed false
9689 [TestNG-tests-1] INFO  c.y.reservationflight.BaseTest -- This is local
9695 [TestNG-tests-2] INFO  c.y.reservationflight.BaseTest -- Verify Tax
9708 [TestNG-tests-2] INFO  c.y.reservationflight.BaseTest -- Verify Total Price
9722 [TestNG-tests-2] INFO  c.y.reservationflight.BaseTest --  -------------------------- PASSED -------------------------- 
9722 [TestNG-tests-2] INFO  c.y.reservationflight.BaseTest -- OS name = mac os x
10472 [TestNG-tests-1] INFO  c.yenpractice.utilities.ConfigUtil -- This is the defect need to be fixed https://d1uh9e7cu07ukd.cloudfront.net/selenium-docker/reservation-app/index.html
11144 [TestNG-tests-2] INFO  c.y.reservationflight.BaseTest -- ---------- QUIT BROWSER SUCCESS ----------
11145 [TestNG-tests-2] INFO  c.y.reservationflight.BaseTest -- Navigate to the reservation flight
11145 [TestNG-tests-2] INFO  c.yenpractice.utilities.ConfigUtil -- This is the defect need to be fixed false
11145 [TestNG-tests-2] INFO  c.y.reservationflight.BaseTest -- This is local
11724 [TestNG-tests-1] INFO  c.yenpractice.utilities.DataLoader -- Reading data from location: data/customer_B.json
11725 [TestNG-tests-1] INFO  c.yenpractice.utilities.DataLoader -- Reading data from location: data/flight_customer_B.json
11725 [TestNG-tests-1] INFO  c.y.reservationflight.BaseTest -- Verify navigate successfully
11768 [TestNG-tests-1] INFO  c.y.reservationflight.BaseTest -- Register LilyB
12373 [TestNG-tests-1] INFO  c.y.reservationflight.BaseTest -- Verify register successfully
12549 [TestNG-tests-2] INFO  c.yenpractice.utilities.ConfigUtil -- This is the defect need to be fixed https://d1uh9e7cu07ukd.cloudfront.net/selenium-docker/reservation-app/index.html
13970 [TestNG-tests-1] INFO  c.y.reservationflight.BaseTest -- Click flight search
14038 [TestNG-tests-1] INFO  c.y.reservationflight.BaseTest -- Verify at select flights
15009 [TestNG-tests-2] INFO  c.yenpractice.utilities.DataLoader -- Reading data from location: data/customer_A.json
15011 [TestNG-tests-2] INFO  c.yenpractice.utilities.DataLoader -- Reading data from location: data/flight_customer_A.json
15012 [TestNG-tests-2] INFO  c.y.reservationflight.BaseTest -- Verify navigate successfully
15050 [TestNG-tests-2] INFO  c.y.reservationflight.BaseTest -- Register Lily
15715 [TestNG-tests-2] INFO  c.y.reservationflight.BaseTest -- Verify register successfully
16162 [TestNG-tests-1] INFO  c.y.reservationflight.BaseTest -- Choose flight criteria and search
16358 [TestNG-tests-1] INFO  c.y.reservationflight.BaseTest -- Verify at search flights
16790 [TestNG-tests-2] INFO  c.y.reservationflight.BaseTest -- Click flight search
16808 [TestNG-tests-2] INFO  c.y.reservationflight.BaseTest -- Verify at select flights
18485 [TestNG-tests-1] INFO  c.y.reservationflight.BaseTest -- Choose departure and arrival
18598 [TestNG-tests-1] INFO  c.y.reservationflight.BaseTest -- Verify at flight confirmation
18918 [TestNG-tests-2] INFO  c.y.reservationflight.BaseTest -- Choose flight criteria and search
19873 [TestNG-tests-2] INFO  c.y.reservationflight.BaseTest -- Verify at search flights
20177 [TestNG-tests-1] INFO  c.y.reservationflight.BaseTest -- Verify Tax
20219 [TestNG-tests-1] INFO  c.y.reservationflight.BaseTest -- Verify Total Price
20245 [TestNG-tests-1] INFO  c.y.reservationflight.BaseTest --  -------------------------- FAILED -------------------------- 
20535 [TestNG-tests-1] INFO  c.y.reservationflight.BaseTest -- OS name = mac os x
20654 [TestNG-tests-1] INFO  c.y.reservationflight.BaseTest -- ---------- QUIT BROWSER SUCCESS ----------
20992 [TestNG-tests-2] INFO  c.y.reservationflight.BaseTest -- Choose departure and arrival
21677 [TestNG-tests-2] INFO  c.y.reservationflight.BaseTest -- Verify at flight confirmation
22223 [TestNG-tests-2] INFO  c.y.reservationflight.BaseTest -- Verify Tax
22244 [TestNG-tests-2] INFO  c.y.reservationflight.BaseTest -- Verify Total Price
22259 [TestNG-tests-2] INFO  c.y.reservationflight.BaseTest --  -------------------------- PASSED -------------------------- 
22260 [TestNG-tests-2] INFO  c.y.reservationflight.BaseTest -- OS name = mac os x
22667 [TestNG-tests-2] INFO  c.y.reservationflight.BaseTest -- ---------- QUIT BROWSER SUCCESS ----------
264  [main] INFO  org.testng.internal.Utils -- [TestNG] Running:
  /Users/nguyenhaiyen/Desktop/selenium-docker/selenium-docker/src/test/resources/test-suite/flight-reservation.xml

281  [TestNG-tests-1] INFO  c.yenpractice.utilities.DataLoader -- Reading data from location: config/dev.properties
281  [TestNG-tests-2] INFO  c.yenpractice.utilities.DataLoader -- Reading data from location: config/dev.properties
282  [TestNG-tests-1] ERROR c.yenpractice.utilities.ConfigUtil -- Unable to load the config file
282  [TestNG-tests-2] ERROR c.yenpractice.utilities.ConfigUtil -- Unable to load the config file
294  [TestNG-tests-1] INFO  c.y.reservationflight.BaseTest -- Navigate to the reservation flight
294  [TestNG-tests-1] INFO  c.yenpractice.utilities.ConfigUtil -- This is the defect need to be fixed true
294  [TestNG-tests-2] INFO  c.y.reservationflight.BaseTest -- Navigate to the reservation flight
294  [TestNG-tests-1] INFO  c.yenpractice.utilities.ConfigUtil -- This is the defect need to be fixed http://%s:4444/wd/hub
294  [TestNG-tests-2] INFO  c.yenpractice.utilities.ConfigUtil -- This is the defect need to be fixed true
294  [TestNG-tests-1] INFO  c.yenpractice.utilities.ConfigUtil -- This is the defect need to be fixed localhost
294  [TestNG-tests-2] INFO  c.yenpractice.utilities.ConfigUtil -- This is the defect need to be fixed http://%s:4444/wd/hub
295  [TestNG-tests-2] INFO  c.yenpractice.utilities.ConfigUtil -- This is the defect need to be fixed localhost
297  [TestNG-tests-2] INFO  c.y.reservationflight.BaseTest -- This is remote
297  [TestNG-tests-1] INFO  c.y.reservationflight.BaseTest -- This is remote
2154 [TestNG-tests-1] INFO  c.yenpractice.utilities.ConfigUtil -- This is the defect need to be fixed https://d1uh9e7cu07ukd.cloudfront.net/selenium-docker/reservation-app/index.html
3507 [TestNG-tests-1] INFO  c.yenpractice.utilities.DataLoader -- Reading data from location: data/customer_A.json
3531 [TestNG-tests-1] INFO  c.yenpractice.utilities.DataLoader -- Reading data from location: data/flight_customer_A.json
3534 [TestNG-tests-1] INFO  c.y.reservationflight.BaseTest -- Verify navigate successfully
3666 [TestNG-tests-1] INFO  c.y.reservationflight.BaseTest -- Register Lily
4090 [TestNG-tests-2] INFO  c.yenpractice.utilities.ConfigUtil -- This is the defect need to be fixed https://d1uh9e7cu07ukd.cloudfront.net/selenium-docker/reservation-app/index.html
5065 [TestNG-tests-2] INFO  c.yenpractice.utilities.DataLoader -- Reading data from location: data/customer_A.json
5068 [TestNG-tests-2] INFO  c.yenpractice.utilities.DataLoader -- Reading data from location: data/flight_customer_A.json
5069 [TestNG-tests-2] INFO  c.y.reservationflight.BaseTest -- Verify navigate successfully
5359 [TestNG-tests-2] INFO  c.y.reservationflight.BaseTest -- Register Lily
5743 [TestNG-tests-1] INFO  c.y.reservationflight.BaseTest -- Verify register successfully
6784 [TestNG-tests-2] INFO  c.y.reservationflight.BaseTest -- Verify register successfully
7463 [TestNG-tests-2] INFO  c.y.reservationflight.BaseTest -- Click flight search
7542 [TestNG-tests-2] INFO  c.y.reservationflight.BaseTest -- Verify at select flights
7543 [TestNG-tests-1] INFO  c.y.reservationflight.BaseTest -- Click flight search
7686 [TestNG-tests-1] INFO  c.y.reservationflight.BaseTest -- Verify at select flights
8305 [TestNG-tests-1] INFO  c.y.reservationflight.BaseTest -- Choose flight criteria and search
8937 [TestNG-tests-1] INFO  c.y.reservationflight.BaseTest -- Verify at search flights
9294 [TestNG-tests-2] INFO  c.y.reservationflight.BaseTest -- Choose flight criteria and search
10088 [TestNG-tests-1] INFO  c.y.reservationflight.BaseTest -- Choose departure and arrival
10366 [TestNG-tests-1] INFO  c.y.reservationflight.BaseTest -- Verify at flight confirmation
10598 [TestNG-tests-2] INFO  c.y.reservationflight.BaseTest -- Verify at search flights
11007 [TestNG-tests-1] INFO  c.y.reservationflight.BaseTest -- Verify Tax
11069 [TestNG-tests-1] INFO  c.y.reservationflight.BaseTest -- Verify Total Price
11123 [TestNG-tests-1] INFO  c.y.reservationflight.BaseTest --  -------------------------- PASSED -------------------------- 
11134 [TestNG-tests-1] INFO  c.y.reservationflight.BaseTest -- OS name = mac os x
11252 [TestNG-tests-1] INFO  c.y.reservationflight.BaseTest -- ---------- QUIT BROWSER SUCCESS ----------
11253 [TestNG-tests-1] INFO  c.y.reservationflight.BaseTest -- Navigate to the reservation flight
11253 [TestNG-tests-1] INFO  c.yenpractice.utilities.ConfigUtil -- This is the defect need to be fixed true
11253 [TestNG-tests-1] INFO  c.yenpractice.utilities.ConfigUtil -- This is the defect need to be fixed http://%s:4444/wd/hub
11253 [TestNG-tests-1] INFO  c.yenpractice.utilities.ConfigUtil -- This is the defect need to be fixed localhost
11253 [TestNG-tests-1] INFO  c.y.reservationflight.BaseTest -- This is remote
11685 [TestNG-tests-1] INFO  c.yenpractice.utilities.ConfigUtil -- This is the defect need to be fixed https://d1uh9e7cu07ukd.cloudfront.net/selenium-docker/reservation-app/index.html
11769 [TestNG-tests-2] INFO  c.y.reservationflight.BaseTest -- Choose departure and arrival
12418 [TestNG-tests-1] INFO  c.yenpractice.utilities.DataLoader -- Reading data from location: data/customer_B.json
12421 [TestNG-tests-1] INFO  c.yenpractice.utilities.DataLoader -- Reading data from location: data/flight_customer_B.json
12422 [TestNG-tests-1] INFO  c.y.reservationflight.BaseTest -- Verify navigate successfully
12505 [TestNG-tests-1] INFO  c.y.reservationflight.BaseTest -- Register LilyB
12604 [TestNG-tests-2] INFO  c.y.reservationflight.BaseTest -- Verify at flight confirmation
13593 [TestNG-tests-1] INFO  c.y.reservationflight.BaseTest -- Verify register successfully
14290 [TestNG-tests-2] INFO  c.y.reservationflight.BaseTest -- Verify Tax
14327 [TestNG-tests-2] INFO  c.y.reservationflight.BaseTest -- Verify Total Price
14377 [TestNG-tests-2] INFO  c.y.reservationflight.BaseTest --  -------------------------- PASSED -------------------------- 
14379 [TestNG-tests-2] INFO  c.y.reservationflight.BaseTest -- OS name = mac os x
14802 [TestNG-tests-1] INFO  c.y.reservationflight.BaseTest -- Click flight search
14919 [TestNG-tests-1] INFO  c.y.reservationflight.BaseTest -- Verify at select flights
14988 [TestNG-tests-2] INFO  c.y.reservationflight.BaseTest -- ---------- QUIT BROWSER SUCCESS ----------
14991 [TestNG-tests-2] INFO  c.y.reservationflight.BaseTest -- Navigate to the reservation flight
14991 [TestNG-tests-2] INFO  c.yenpractice.utilities.ConfigUtil -- This is the defect need to be fixed true
14991 [TestNG-tests-2] INFO  c.yenpractice.utilities.ConfigUtil -- This is the defect need to be fixed http://%s:4444/wd/hub
14991 [TestNG-tests-2] INFO  c.yenpractice.utilities.ConfigUtil -- This is the defect need to be fixed localhost
14991 [TestNG-tests-2] INFO  c.y.reservationflight.BaseTest -- This is remote
15008 [TestNG-tests-1] INFO  c.y.reservationflight.BaseTest -- Choose flight criteria and search
15780 [TestNG-tests-1] INFO  c.y.reservationflight.BaseTest -- Verify at search flights
16841 [TestNG-tests-2] INFO  c.yenpractice.utilities.ConfigUtil -- This is the defect need to be fixed https://d1uh9e7cu07ukd.cloudfront.net/selenium-docker/reservation-app/index.html
17880 [TestNG-tests-2] INFO  c.yenpractice.utilities.DataLoader -- Reading data from location: data/customer_A.json
17886 [TestNG-tests-2] INFO  c.yenpractice.utilities.DataLoader -- Reading data from location: data/flight_customer_A.json
17888 [TestNG-tests-2] INFO  c.y.reservationflight.BaseTest -- Verify navigate successfully
17971 [TestNG-tests-2] INFO  c.y.reservationflight.BaseTest -- Register Lily
18043 [TestNG-tests-1] INFO  c.y.reservationflight.BaseTest -- Choose departure and arrival
18500 [TestNG-tests-1] INFO  c.y.reservationflight.BaseTest -- Verify at flight confirmation
19265 [TestNG-tests-2] INFO  c.y.reservationflight.BaseTest -- Verify register successfully
19929 [TestNG-tests-2] INFO  c.y.reservationflight.BaseTest -- Click flight search
19986 [TestNG-tests-2] INFO  c.y.reservationflight.BaseTest -- Verify at select flights
20188 [TestNG-tests-1] INFO  c.y.reservationflight.BaseTest -- Verify Tax
20256 [TestNG-tests-1] INFO  c.y.reservationflight.BaseTest -- Verify Total Price
20328 [TestNG-tests-1] INFO  c.y.reservationflight.BaseTest --  -------------------------- FAILED -------------------------- 
20413 [TestNG-tests-1] INFO  c.y.reservationflight.BaseTest -- OS name = mac os x
20530 [TestNG-tests-1] INFO  c.y.reservationflight.BaseTest -- ---------- QUIT BROWSER SUCCESS ----------
20633 [TestNG-tests-2] INFO  c.y.reservationflight.BaseTest -- Choose flight criteria and search
21943 [TestNG-tests-2] INFO  c.y.reservationflight.BaseTest -- Verify at search flights
22006 [TestNG-tests-2] INFO  c.y.reservationflight.BaseTest -- Choose departure and arrival
22846 [TestNG-tests-2] INFO  c.y.reservationflight.BaseTest -- Verify at flight confirmation
24560 [TestNG-tests-2] INFO  c.y.reservationflight.BaseTest -- Verify Tax
24612 [TestNG-tests-2] INFO  c.y.reservationflight.BaseTest -- Verify Total Price
24647 [TestNG-tests-2] INFO  c.y.reservationflight.BaseTest --  -------------------------- PASSED -------------------------- 
24649 [TestNG-tests-2] INFO  c.y.reservationflight.BaseTest -- OS name = mac os x
25292 [TestNG-tests-2] INFO  c.y.reservationflight.BaseTest -- ---------- QUIT BROWSER SUCCESS ----------
